
     Program MATDYN v.7.6 starts on 30Sep2026 at 23:25:29 

     This program is part of the open-source Quantum ESPRESSO suite
     for quantum simulation of materials; please cite
         "P. Giannozzi et al., J. Phys.:Condens. Matter 21 395502 (2009);
         "P. Giannozzi et al., J. Phys.:Condens. Matter 29 465901 (2017);
         "P. Giannozzi et al., J. Chem. Phys. 152 154105 (2020);
          URL http://www.quantum-espresso.org", 
     in publications or presentations arising from this work. More details at
     http://www.quantum-espresso.org/quote

     Parallel version (MPI & OpenMP), running on       1 processor cores
     Number of MPI processes:                 1
     Threads/MPI process:                     1

     MPI processes distributed on     1 nodes
     30142 MiB available memory on the printing compute node when the environment starts
 
 mass for atomic type   1 not given; uses mass from file ifc.dat                                                                                                                                                                                                                                                         
 Norm of the difference between old and new effective charges:    0.00000000000000000000

 Norm of the difference between old and new force-constants:   0.00051912444631370200

     Message from routine matdyn:
     Z* not found in file ifc.dat, TO-LO splitting at q=0 will be absent!
     Message from routine matdyn:
     Z* not found in file ifc.dat, TO-LO splitting at q=0 will be absent!
 
  Gamma lines for all modes [Rydberg] 
 
 Norm of the difference between old and new effective charges:    0.00000000000000000000

 Norm of the difference between old and new force-constants:   0.00222435039006018200

 Broadening   0.0000
       1
 0.000000000 0.000000000 0.000000000
       2
 0.000000252 0.000000117 0.000000467
       3
 0.000000839 0.000000408 0.000001747
       4
 0.000001418 0.000000752 0.000003524
       5
 0.000001761 0.000001055 0.000005429
       6
 0.000001888 0.000001269 0.000007193
       7
 0.000001948 0.000001384 0.000008681
       8
 0.000002032 0.000001435 0.000009834
       9
 0.000002132 0.000001502 0.000010627
      10
 0.000002204 0.000001674 0.000011085
      11
 0.000001995 0.000002236 0.000011279
      12
 0.000002443 0.000002235 0.000011301
      13
 0.000002919 0.000002211 0.000011234
      14
 0.000003285 0.000002178 0.000011155
      15
 0.000003422 0.000002162 0.000011121
      16
 0.000002184 0.000003520 0.000011112
      17
 0.000002240 0.000003837 0.000011057
      18
 0.000002278 0.000004422 0.000010864
      19
 0.000002187 0.000005311 0.000010404
      20
 0.000002187 0.000005311 0.000010404
      21
 0.000001974 0.000006245 0.000009757
      22
 0.000001659 0.000008945 0.000007232
      23
 0.000001295 0.000007888 0.000008290
      24
 0.000000917 0.000006695 0.000009230
      25
 0.000000524 0.000005424 0.000009902
      26
 0.000000133 0.000004149 0.000010171
      27
-0.000000173 0.000002980 0.000009939
      28
-0.000000258 0.000002042 0.000009173
      29
-0.000000049 0.000001414 0.000007911
      30
 0.000000357 0.000001071 0.000006271
      31
 0.000000711 0.000000883 0.000004444
      32
 0.000000776 0.000000685 0.000002681
      33
 0.000000523 0.000000404 0.000001241
      34
 0.000000165 0.000000122 0.000000316
      35
 0.000000000 0.000000000 0.000000000
      36
 0.000000117 0.000000117 0.000000166
      37
 0.000000359 0.000000359 0.000000723
      38
 0.000000501 0.000000501 0.000001784
      39
 0.000000411 0.000000411 0.000003386
      40
 0.000000166 0.000000166 0.000005413
      41
-0.000000029-0.000000029 0.000007628
      42
-0.000000016-0.000000016 0.000009777
      43
 0.000000211 0.000000211 0.000011672
      44
 0.000000536 0.000000536 0.000013211
      45
 0.000000826 0.000000826 0.000014344
      46
 0.000001010 0.000001010 0.000015040
      47
 0.000001070 0.000001070 0.000015275
      48
 0.000001023 0.000001217 0.000015107
      49
 0.000000903 0.000001666 0.000014619
      50
 0.000000769 0.000002426 0.000013855
      51
 0.000000690 0.000003486 0.000012888
      52
 0.000000732 0.000004783 0.000011802
      53
 0.000000930 0.000006189 0.000010689
      54
 0.000001281 0.000007520 0.000009637
      55
 0.000001729 0.000008569 0.000008736
      56
 0.000002163 0.000009150 0.000008096
      57
 0.000002440 0.000009151 0.000007834
      58
 0.000002477 0.000007269 0.000009499
      59
 0.000002590 0.000005811 0.000010344
      60
 0.000002810 0.000004417 0.000010828
      61
 0.000003195 0.000003130 0.000011045
      62
 0.000003455 0.000002315 0.000011111
      63
 0.000003422 0.000002162 0.000011121
 Norm of the difference between old and new effective charges:    0.00000000000000000000

 Norm of the difference between old and new force-constants:   0.00222435039006018200

 Broadening   0.0000
       1
 0.000000000 0.000000000 0.000000000
       2
 0.000000252 0.000000117 0.000000467
       3
 0.000000839 0.000000408 0.000001747
       4
 0.000001418 0.000000752 0.000003524
       5
 0.000001761 0.000001055 0.000005429
       6
 0.000001888 0.000001269 0.000007193
       7
 0.000001948 0.000001384 0.000008681
       8
 0.000002032 0.000001435 0.000009834
       9
 0.000002132 0.000001502 0.000010627
      10
 0.000002204 0.000001674 0.000011085
      11
 0.000001995 0.000002236 0.000011279
      12
 0.000002443 0.000002235 0.000011301
      13
 0.000002919 0.000002211 0.000011234
      14
 0.000003285 0.000002178 0.000011155
      15
 0.000003422 0.000002162 0.000011121
      16
 0.000002184 0.000003520 0.000011112
      17
 0.000002240 0.000003837 0.000011057
      18
 0.000002278 0.000004422 0.000010864
      19
 0.000002187 0.000005311 0.000010404
      20
 0.000002187 0.000005311 0.000010404
      21
 0.000001974 0.000006245 0.000009757
      22
 0.000001659 0.000008945 0.000007232
      23
 0.000001295 0.000007888 0.000008290
      24
 0.000000917 0.000006695 0.000009230
      25
 0.000000524 0.000005424 0.000009902
      26
 0.000000133 0.000004149 0.000010171
      27
-0.000000173 0.000002980 0.000009939
      28
-0.000000258 0.000002042 0.000009173
      29
-0.000000049 0.000001414 0.000007911
      30
 0.000000357 0.000001071 0.000006271
      31
 0.000000711 0.000000883 0.000004444
      32
 0.000000776 0.000000685 0.000002681
      33
 0.000000523 0.000000404 0.000001241
      34
 0.000000165 0.000000122 0.000000316
      35
 0.000000000 0.000000000 0.000000000
      36
 0.000000117 0.000000117 0.000000166
      37
 0.000000359 0.000000359 0.000000723
      38
 0.000000501 0.000000501 0.000001784
      39
 0.000000411 0.000000411 0.000003386
      40
 0.000000166 0.000000166 0.000005413
      41
-0.000000029-0.000000029 0.000007628
      42
-0.000000016-0.000000016 0.000009777
      43
 0.000000211 0.000000211 0.000011672
      44
 0.000000536 0.000000536 0.000013211
      45
 0.000000826 0.000000826 0.000014344
      46
 0.000001010 0.000001010 0.000015040
      47
 0.000001070 0.000001070 0.000015275
      48
 0.000001023 0.000001217 0.000015107
      49
 0.000000903 0.000001666 0.000014619
      50
 0.000000769 0.000002426 0.000013855
      51
 0.000000690 0.000003486 0.000012888
      52
 0.000000732 0.000004783 0.000011802
      53
 0.000000930 0.000006189 0.000010689
      54
 0.000001281 0.000007520 0.000009637
      55
 0.000001729 0.000008569 0.000008736
      56
 0.000002163 0.000009150 0.000008096
      57
 0.000002440 0.000009151 0.000007834
      58
 0.000002477 0.000007269 0.000009499
      59
 0.000002590 0.000005811 0.000010344
      60
 0.000002810 0.000004417 0.000010828
      61
 0.000003195 0.000003130 0.000011045
      62
 0.000003455 0.000002315 0.000011111
      63
 0.000003422 0.000002162 0.000011121
 Norm of the difference between old and new effective charges:    0.00000000000000000000

 Norm of the difference between old and new force-constants:   0.00222435039006018200

 Broadening   0.0000
       1
 0.000000000 0.000000000 0.000000000
       2
 0.000000252 0.000000117 0.000000467
       3
 0.000000839 0.000000408 0.000001747
       4
 0.000001418 0.000000752 0.000003524
       5
 0.000001761 0.000001055 0.000005429
       6
 0.000001888 0.000001269 0.000007193
       7
 0.000001948 0.000001384 0.000008681
       8
 0.000002032 0.000001435 0.000009834
       9
 0.000002132 0.000001502 0.000010627
      10
 0.000002204 0.000001674 0.000011085
      11
 0.000001995 0.000002236 0.000011279
      12
 0.000002443 0.000002235 0.000011301
      13
 0.000002919 0.000002211 0.000011234
      14
 0.000003285 0.000002178 0.000011155
      15
 0.000003422 0.000002162 0.000011121
      16
 0.000002184 0.000003520 0.000011112
      17
 0.000002240 0.000003837 0.000011057
      18
 0.000002278 0.000004422 0.000010864
      19
 0.000002187 0.000005311 0.000010404
      20
 0.000002187 0.000005311 0.000010404
      21
 0.000001974 0.000006245 0.000009757
      22
 0.000001659 0.000008945 0.000007232
      23
 0.000001295 0.000007888 0.000008290
      24
 0.000000917 0.000006695 0.000009230
      25
 0.000000524 0.000005424 0.000009902
      26
 0.000000133 0.000004149 0.000010171
      27
-0.000000173 0.000002980 0.000009939
      28
-0.000000258 0.000002042 0.000009173
      29
-0.000000049 0.000001414 0.000007911
      30
 0.000000357 0.000001071 0.000006271
      31
 0.000000711 0.000000883 0.000004444
      32
 0.000000776 0.000000685 0.000002681
      33
 0.000000523 0.000000404 0.000001241
      34
 0.000000165 0.000000122 0.000000316
      35
 0.000000000 0.000000000 0.000000000
      36
 0.000000117 0.000000117 0.000000166
      37
 0.000000359 0.000000359 0.000000723
      38
 0.000000501 0.000000501 0.000001784
      39
 0.000000411 0.000000411 0.000003386
      40
 0.000000166 0.000000166 0.000005413
      41
-0.000000029-0.000000029 0.000007628
      42
-0.000000016-0.000000016 0.000009777
      43
 0.000000211 0.000000211 0.000011672
      44
 0.000000536 0.000000536 0.000013211
      45
 0.000000826 0.000000826 0.000014344
      46
 0.000001010 0.000001010 0.000015040
      47
 0.000001070 0.000001070 0.000015275
      48
 0.000001023 0.000001217 0.000015107
      49
 0.000000903 0.000001666 0.000014619
      50
 0.000000769 0.000002426 0.000013855
      51
 0.000000690 0.000003486 0.000012888
      52
 0.000000732 0.000004783 0.000011802
      53
 0.000000930 0.000006189 0.000010689
      54
 0.000001281 0.000007520 0.000009637
      55
 0.000001729 0.000008569 0.000008736
      56
 0.000002163 0.000009150 0.000008096
      57
 0.000002440 0.000009151 0.000007834
      58
 0.000002477 0.000007269 0.000009499
      59
 0.000002590 0.000005811 0.000010344
      60
 0.000002810 0.000004417 0.000010828
      61
 0.000003195 0.000003130 0.000011045
      62
 0.000003455 0.000002315 0.000011111
      63
 0.000003422 0.000002162 0.000011121
 Norm of the difference between old and new effective charges:    0.00000000000000000000

 Norm of the difference between old and new force-constants:   0.00222435039006018200

 Broadening   0.0000
       1
 0.000000000 0.000000000 0.000000000
       2
 0.000000252 0.000000117 0.000000467
       3
 0.000000839 0.000000408 0.000001747
       4
 0.000001418 0.000000752 0.000003524
       5
 0.000001761 0.000001055 0.000005429
       6
 0.000001888 0.000001269 0.000007193
       7
 0.000001948 0.000001384 0.000008681
       8
 0.000002032 0.000001435 0.000009834
       9
 0.000002132 0.000001502 0.000010627
      10
 0.000002204 0.000001674 0.000011085
      11
 0.000001995 0.000002236 0.000011279
      12
 0.000002443 0.000002235 0.000011301
      13
 0.000002919 0.000002211 0.000011234
      14
 0.000003285 0.000002178 0.000011155
      15
 0.000003422 0.000002162 0.000011121
      16
 0.000002184 0.000003520 0.000011112
      17
 0.000002240 0.000003837 0.000011057
      18
 0.000002278 0.000004422 0.000010864
      19
 0.000002187 0.000005311 0.000010404
      20
 0.000002187 0.000005311 0.000010404
      21
 0.000001974 0.000006245 0.000009757
      22
 0.000001659 0.000008945 0.000007232
      23
 0.000001295 0.000007888 0.000008290
      24
 0.000000917 0.000006695 0.000009230
      25
 0.000000524 0.000005424 0.000009902
      26
 0.000000133 0.000004149 0.000010171
      27
-0.000000173 0.000002980 0.000009939
      28
-0.000000258 0.000002042 0.000009173
      29
-0.000000049 0.000001414 0.000007911
      30
 0.000000357 0.000001071 0.000006271
      31
 0.000000711 0.000000883 0.000004444
      32
 0.000000776 0.000000685 0.000002681
      33
 0.000000523 0.000000404 0.000001241
      34
 0.000000165 0.000000122 0.000000316
      35
 0.000000000 0.000000000 0.000000000
      36
 0.000000117 0.000000117 0.000000166
      37
 0.000000359 0.000000359 0.000000723
      38
 0.000000501 0.000000501 0.000001784
      39
 0.000000411 0.000000411 0.000003386
      40
 0.000000166 0.000000166 0.000005413
      41
-0.000000029-0.000000029 0.000007628
      42
-0.000000016-0.000000016 0.000009777
      43
 0.000000211 0.000000211 0.000011672
      44
 0.000000536 0.000000536 0.000013211
      45
 0.000000826 0.000000826 0.000014344
      46
 0.000001010 0.000001010 0.000015040
      47
 0.000001070 0.000001070 0.000015275
      48
 0.000001023 0.000001217 0.000015107
      49
 0.000000903 0.000001666 0.000014619
      50
 0.000000769 0.000002426 0.000013855
      51
 0.000000690 0.000003486 0.000012888
      52
 0.000000732 0.000004783 0.000011802
      53
 0.000000930 0.000006189 0.000010689
      54
 0.000001281 0.000007520 0.000009637
      55
 0.000001729 0.000008569 0.000008736
      56
 0.000002163 0.000009150 0.000008096
      57
 0.000002440 0.000009151 0.000007834
      58
 0.000002477 0.000007269 0.000009499
      59
 0.000002590 0.000005811 0.000010344
      60
 0.000002810 0.000004417 0.000010828
      61
 0.000003195 0.000003130 0.000011045
      62
 0.000003455 0.000002315 0.000011111
      63
 0.000003422 0.000002162 0.000011121
 Norm of the difference between old and new effective charges:    0.00000000000000000000

 Norm of the difference between old and new force-constants:   0.00222435039006018200

 Broadening   0.0000
       1
 0.000000000 0.000000000 0.000000000
       2
 0.000000252 0.000000117 0.000000467
       3
 0.000000839 0.000000408 0.000001747
       4
 0.000001418 0.000000752 0.000003524
       5
 0.000001761 0.000001055 0.000005429
       6
 0.000001888 0.000001269 0.000007193
       7
 0.000001948 0.000001384 0.000008681
       8
 0.000002032 0.000001435 0.000009834
       9
 0.000002132 0.000001502 0.000010627
      10
 0.000002204 0.000001674 0.000011085
      11
 0.000001995 0.000002236 0.000011279
      12
 0.000002443 0.000002235 0.000011301
      13
 0.000002919 0.000002211 0.000011234
      14
 0.000003285 0.000002178 0.000011155
      15
 0.000003422 0.000002162 0.000011121
      16
 0.000002184 0.000003520 0.000011112
      17
 0.000002240 0.000003837 0.000011057
      18
 0.000002278 0.000004422 0.000010864
      19
 0.000002187 0.000005311 0.000010404
      20
 0.000002187 0.000005311 0.000010404
      21
 0.000001974 0.000006245 0.000009757
      22
 0.000001659 0.000008945 0.000007232
      23
 0.000001295 0.000007888 0.000008290
      24
 0.000000917 0.000006695 0.000009230
      25
 0.000000524 0.000005424 0.000009902
      26
 0.000000133 0.000004149 0.000010171
      27
-0.000000173 0.000002980 0.000009939
      28
-0.000000258 0.000002042 0.000009173
      29
-0.000000049 0.000001414 0.000007911
      30
 0.000000357 0.000001071 0.000006271
      31
 0.000000711 0.000000883 0.000004444
      32
 0.000000776 0.000000685 0.000002681
      33
 0.000000523 0.000000404 0.000001241
      34
 0.000000165 0.000000122 0.000000316
      35
 0.000000000 0.000000000 0.000000000
      36
 0.000000117 0.000000117 0.000000166
      37
 0.000000359 0.000000359 0.000000723
      38
 0.000000501 0.000000501 0.000001784
      39
 0.000000411 0.000000411 0.000003386
      40
 0.000000166 0.000000166 0.000005413
      41
-0.000000029-0.000000029 0.000007628
      42
-0.000000016-0.000000016 0.000009777
      43
 0.000000211 0.000000211 0.000011672
      44
 0.000000536 0.000000536 0.000013211
      45
 0.000000826 0.000000826 0.000014344
      46
 0.000001010 0.000001010 0.000015040
      47
 0.000001070 0.000001070 0.000015275
      48
 0.000001023 0.000001217 0.000015107
      49
 0.000000903 0.000001666 0.000014619
      50
 0.000000769 0.000002426 0.000013855
      51
 0.000000690 0.000003486 0.000012888
      52
 0.000000732 0.000004783 0.000011802
      53
 0.000000930 0.000006189 0.000010689
      54
 0.000001281 0.000007520 0.000009637
      55
 0.000001729 0.000008569 0.000008736
      56
 0.000002163 0.000009150 0.000008096
      57
 0.000002440 0.000009151 0.000007834
      58
 0.000002477 0.000007269 0.000009499
      59
 0.000002590 0.000005811 0.000010344
      60
 0.000002810 0.000004417 0.000010828
      61
 0.000003195 0.000003130 0.000011045
      62
 0.000003455 0.000002315 0.000011111
      63
 0.000003422 0.000002162 0.000011121
 Norm of the difference between old and new effective charges:    0.00000000000000000000

 Norm of the difference between old and new force-constants:   0.00222435039006018200

 Broadening   0.0000
       1
 0.000000000 0.000000000 0.000000000
       2
 0.000000252 0.000000117 0.000000467
       3
 0.000000839 0.000000408 0.000001747
       4
 0.000001418 0.000000752 0.000003524
       5
 0.000001761 0.000001055 0.000005429
       6
 0.000001888 0.000001269 0.000007193
       7
 0.000001948 0.000001384 0.000008681
       8
 0.000002032 0.000001435 0.000009834
       9
 0.000002132 0.000001502 0.000010627
      10
 0.000002204 0.000001674 0.000011085
      11
 0.000001995 0.000002236 0.000011279
      12
 0.000002443 0.000002235 0.000011301
      13
 0.000002919 0.000002211 0.000011234
      14
 0.000003285 0.000002178 0.000011155
      15
 0.000003422 0.000002162 0.000011121
      16
 0.000002184 0.000003520 0.000011112
      17
 0.000002240 0.000003837 0.000011057
      18
 0.000002278 0.000004422 0.000010864
      19
 0.000002187 0.000005311 0.000010404
      20
 0.000002187 0.000005311 0.000010404
      21
 0.000001974 0.000006245 0.000009757
      22
 0.000001659 0.000008945 0.000007232
      23
 0.000001295 0.000007888 0.000008290
      24
 0.000000917 0.000006695 0.000009230
      25
 0.000000524 0.000005424 0.000009902
      26
 0.000000133 0.000004149 0.000010171
      27
-0.000000173 0.000002980 0.000009939
      28
-0.000000258 0.000002042 0.000009173
      29
-0.000000049 0.000001414 0.000007911
      30
 0.000000357 0.000001071 0.000006271
      31
 0.000000711 0.000000883 0.000004444
      32
 0.000000776 0.000000685 0.000002681
      33
 0.000000523 0.000000404 0.000001241
      34
 0.000000165 0.000000122 0.000000316
      35
 0.000000000 0.000000000 0.000000000
      36
 0.000000117 0.000000117 0.000000166
      37
 0.000000359 0.000000359 0.000000723
      38
 0.000000501 0.000000501 0.000001784
      39
 0.000000411 0.000000411 0.000003386
      40
 0.000000166 0.000000166 0.000005413
      41
-0.000000029-0.000000029 0.000007628
      42
-0.000000016-0.000000016 0.000009777
      43
 0.000000211 0.000000211 0.000011672
      44
 0.000000536 0.000000536 0.000013211
      45
 0.000000826 0.000000826 0.000014344
      46
 0.000001010 0.000001010 0.000015040
      47
 0.000001070 0.000001070 0.000015275
      48
 0.000001023 0.000001217 0.000015107
      49
 0.000000903 0.000001666 0.000014619
      50
 0.000000769 0.000002426 0.000013855
      51
 0.000000690 0.000003486 0.000012888
      52
 0.000000732 0.000004783 0.000011802
      53
 0.000000930 0.000006189 0.000010689
      54
 0.000001281 0.000007520 0.000009637
      55
 0.000001729 0.000008569 0.000008736
      56
 0.000002163 0.000009150 0.000008096
      57
 0.000002440 0.000009151 0.000007834
      58
 0.000002477 0.000007269 0.000009499
      59
 0.000002590 0.000005811 0.000010344
      60
 0.000002810 0.000004417 0.000010828
      61
 0.000003195 0.000003130 0.000011045
      62
 0.000003455 0.000002315 0.000011111
      63
 0.000003422 0.000002162 0.000011121
 Norm of the difference between old and new effective charges:    0.00000000000000000000

 Norm of the difference between old and new force-constants:   0.00222435039006018200

 Broadening   0.0000
       1
 0.000000000 0.000000000 0.000000000
       2
 0.000000252 0.000000117 0.000000467
       3
 0.000000839 0.000000408 0.000001747
       4
 0.000001418 0.000000752 0.000003524
       5
 0.000001761 0.000001055 0.000005429
       6
 0.000001888 0.000001269 0.000007193
       7
 0.000001948 0.000001384 0.000008681
       8
 0.000002032 0.000001435 0.000009834
       9
 0.000002132 0.000001502 0.000010627
      10
 0.000002204 0.000001674 0.000011085
      11
 0.000001995 0.000002236 0.000011279
      12
 0.000002443 0.000002235 0.000011301
      13
 0.000002919 0.000002211 0.000011234
      14
 0.000003285 0.000002178 0.000011155
      15
 0.000003422 0.000002162 0.000011121
      16
 0.000002184 0.000003520 0.000011112
      17
 0.000002240 0.000003837 0.000011057
      18
 0.000002278 0.000004422 0.000010864
      19
 0.000002187 0.000005311 0.000010404
      20
 0.000002187 0.000005311 0.000010404
      21
 0.000001974 0.000006245 0.000009757
      22
 0.000001659 0.000008945 0.000007232
      23
 0.000001295 0.000007888 0.000008290
      24
 0.000000917 0.000006695 0.000009230
      25
 0.000000524 0.000005424 0.000009902
      26
 0.000000133 0.000004149 0.000010171
      27
-0.000000173 0.000002980 0.000009939
      28
-0.000000258 0.000002042 0.000009173
      29
-0.000000049 0.000001414 0.000007911
      30
 0.000000357 0.000001071 0.000006271
      31
 0.000000711 0.000000883 0.000004444
      32
 0.000000776 0.000000685 0.000002681
      33
 0.000000523 0.000000404 0.000001241
      34
 0.000000165 0.000000122 0.000000316
      35
 0.000000000 0.000000000 0.000000000
      36
 0.000000117 0.000000117 0.000000166
      37
 0.000000359 0.000000359 0.000000723
      38
 0.000000501 0.000000501 0.000001784
      39
 0.000000411 0.000000411 0.000003386
      40
 0.000000166 0.000000166 0.000005413
      41
-0.000000029-0.000000029 0.000007628
      42
-0.000000016-0.000000016 0.000009777
      43
 0.000000211 0.000000211 0.000011672
      44
 0.000000536 0.000000536 0.000013211
      45
 0.000000826 0.000000826 0.000014344
      46
 0.000001010 0.000001010 0.000015040
      47
 0.000001070 0.000001070 0.000015275
      48
 0.000001023 0.000001217 0.000015107
      49
 0.000000903 0.000001666 0.000014619
      50
 0.000000769 0.000002426 0.000013855
      51
 0.000000690 0.000003486 0.000012888
      52
 0.000000732 0.000004783 0.000011802
      53
 0.000000930 0.000006189 0.000010689
      54
 0.000001281 0.000007520 0.000009637
      55
 0.000001729 0.000008569 0.000008736
      56
 0.000002163 0.000009150 0.000008096
      57
 0.000002440 0.000009151 0.000007834
      58
 0.000002477 0.000007269 0.000009499
      59
 0.000002590 0.000005811 0.000010344
      60
 0.000002810 0.000004417 0.000010828
      61
 0.000003195 0.000003130 0.000011045
      62
 0.000003455 0.000002315 0.000011111
      63
 0.000003422 0.000002162 0.000011121
 Norm of the difference between old and new effective charges:    0.00000000000000000000

 Norm of the difference between old and new force-constants:   0.00222435039006018200

 Broadening   0.0000
       1
 0.000000000 0.000000000 0.000000000
       2
 0.000000252 0.000000117 0.000000467
       3
 0.000000839 0.000000408 0.000001747
       4
 0.000001418 0.000000752 0.000003524
       5
 0.000001761 0.000001055 0.000005429
       6
 0.000001888 0.000001269 0.000007193
       7
 0.000001948 0.000001384 0.000008681
       8
 0.000002032 0.000001435 0.000009834
       9
 0.000002132 0.000001502 0.000010627
      10
 0.000002204 0.000001674 0.000011085
      11
 0.000001995 0.000002236 0.000011279
      12
 0.000002443 0.000002235 0.000011301
      13
 0.000002919 0.000002211 0.000011234
      14
 0.000003285 0.000002178 0.000011155
      15
 0.000003422 0.000002162 0.000011121
      16
 0.000002184 0.000003520 0.000011112
      17
 0.000002240 0.000003837 0.000011057
      18
 0.000002278 0.000004422 0.000010864
      19
 0.000002187 0.000005311 0.000010404
      20
 0.000002187 0.000005311 0.000010404
      21
 0.000001974 0.000006245 0.000009757
      22
 0.000001659 0.000008945 0.000007232
      23
 0.000001295 0.000007888 0.000008290
      24
 0.000000917 0.000006695 0.000009230
      25
 0.000000524 0.000005424 0.000009902
      26
 0.000000133 0.000004149 0.000010171
      27
-0.000000173 0.000002980 0.000009939
      28
-0.000000258 0.000002042 0.000009173
      29
-0.000000049 0.000001414 0.000007911
      30
 0.000000357 0.000001071 0.000006271
      31
 0.000000711 0.000000883 0.000004444
      32
 0.000000776 0.000000685 0.000002681
      33
 0.000000523 0.000000404 0.000001241
      34
 0.000000165 0.000000122 0.000000316
      35
 0.000000000 0.000000000 0.000000000
      36
 0.000000117 0.000000117 0.000000166
      37
 0.000000359 0.000000359 0.000000723
      38
 0.000000501 0.000000501 0.000001784
      39
 0.000000411 0.000000411 0.000003386
      40
 0.000000166 0.000000166 0.000005413
      41
-0.000000029-0.000000029 0.000007628
      42
-0.000000016-0.000000016 0.000009777
      43
 0.000000211 0.000000211 0.000011672
      44
 0.000000536 0.000000536 0.000013211
      45
 0.000000826 0.000000826 0.000014344
      46
 0.000001010 0.000001010 0.000015040
      47
 0.000001070 0.000001070 0.000015275
      48
 0.000001023 0.000001217 0.000015107
      49
 0.000000903 0.000001666 0.000014619
      50
 0.000000769 0.000002426 0.000013855
      51
 0.000000690 0.000003486 0.000012888
      52
 0.000000732 0.000004783 0.000011802
      53
 0.000000930 0.000006189 0.000010689
      54
 0.000001281 0.000007520 0.000009637
      55
 0.000001729 0.000008569 0.000008736
      56
 0.000002163 0.000009150 0.000008096
      57
 0.000002440 0.000009151 0.000007834
      58
 0.000002477 0.000007269 0.000009499
      59
 0.000002590 0.000005811 0.000010344
      60
 0.000002810 0.000004417 0.000010828
      61
 0.000003195 0.000003130 0.000011045
      62
 0.000003455 0.000002315 0.000011111
      63
 0.000003422 0.000002162 0.000011121
 Norm of the difference between old and new effective charges:    0.00000000000000000000

 Norm of the difference between old and new force-constants:   0.00222435039006018200

 Broadening   0.0000
       1
 0.000000000 0.000000000 0.000000000
       2
 0.000000252 0.000000117 0.000000467
       3
 0.000000839 0.000000408 0.000001747
       4
 0.000001418 0.000000752 0.000003524
       5
 0.000001761 0.000001055 0.000005429
       6
 0.000001888 0.000001269 0.000007193
       7
 0.000001948 0.000001384 0.000008681
       8
 0.000002032 0.000001435 0.000009834
       9
 0.000002132 0.000001502 0.000010627
      10
 0.000002204 0.000001674 0.000011085
      11
 0.000001995 0.000002236 0.000011279
      12
 0.000002443 0.000002235 0.000011301
      13
 0.000002919 0.000002211 0.000011234
      14
 0.000003285 0.000002178 0.000011155
      15
 0.000003422 0.000002162 0.000011121
      16
 0.000002184 0.000003520 0.000011112
      17
 0.000002240 0.000003837 0.000011057
      18
 0.000002278 0.000004422 0.000010864
      19
 0.000002187 0.000005311 0.000010404
      20
 0.000002187 0.000005311 0.000010404
      21
 0.000001974 0.000006245 0.000009757
      22
 0.000001659 0.000008945 0.000007232
      23
 0.000001295 0.000007888 0.000008290
      24
 0.000000917 0.000006695 0.000009230
      25
 0.000000524 0.000005424 0.000009902
      26
 0.000000133 0.000004149 0.000010171
      27
-0.000000173 0.000002980 0.000009939
      28
-0.000000258 0.000002042 0.000009173
      29
-0.000000049 0.000001414 0.000007911
      30
 0.000000357 0.000001071 0.000006271
      31
 0.000000711 0.000000883 0.000004444
      32
 0.000000776 0.000000685 0.000002681
      33
 0.000000523 0.000000404 0.000001241
      34
 0.000000165 0.000000122 0.000000316
      35
 0.000000000 0.000000000 0.000000000
      36
 0.000000117 0.000000117 0.000000166
      37
 0.000000359 0.000000359 0.000000723
      38
 0.000000501 0.000000501 0.000001784
      39
 0.000000411 0.000000411 0.000003386
      40
 0.000000166 0.000000166 0.000005413
      41
-0.000000029-0.000000029 0.000007628
      42
-0.000000016-0.000000016 0.000009777
      43
 0.000000211 0.000000211 0.000011672
      44
 0.000000536 0.000000536 0.000013211
      45
 0.000000826 0.000000826 0.000014344
      46
 0.000001010 0.000001010 0.000015040
      47
 0.000001070 0.000001070 0.000015275
      48
 0.000001023 0.000001217 0.000015107
      49
 0.000000903 0.000001666 0.000014619
      50
 0.000000769 0.000002426 0.000013855
      51
 0.000000690 0.000003486 0.000012888
      52
 0.000000732 0.000004783 0.000011802
      53
 0.000000930 0.000006189 0.000010689
      54
 0.000001281 0.000007520 0.000009637
      55
 0.000001729 0.000008569 0.000008736
      56
 0.000002163 0.000009150 0.000008096
      57
 0.000002440 0.000009151 0.000007834
      58
 0.000002477 0.000007269 0.000009499
      59
 0.000002590 0.000005811 0.000010344
      60
 0.000002810 0.000004417 0.000010828
      61
 0.000003195 0.000003130 0.000011045
      62
 0.000003455 0.000002315 0.000011111
      63
 0.000003422 0.000002162 0.000011121
 Norm of the difference between old and new effective charges:    0.00000000000000000000

 Norm of the difference between old and new force-constants:   0.00222435039006018200

 Broadening   0.0000
       1
 0.000000000 0.000000000 0.000000000
       2
 0.000000252 0.000000117 0.000000467
       3
 0.000000839 0.000000408 0.000001747
       4
 0.000001418 0.000000752 0.000003524
       5
 0.000001761 0.000001055 0.000005429
       6
 0.000001888 0.000001269 0.000007193
       7
 0.000001948 0.000001384 0.000008681
       8
 0.000002032 0.000001435 0.000009834
       9
 0.000002132 0.000001502 0.000010627
      10
 0.000002204 0.000001674 0.000011085
      11
 0.000001995 0.000002236 0.000011279
      12
 0.000002443 0.000002235 0.000011301
      13
 0.000002919 0.000002211 0.000011234
      14
 0.000003285 0.000002178 0.000011155
      15
 0.000003422 0.000002162 0.000011121
      16
 0.000002184 0.000003520 0.000011112
      17
 0.000002240 0.000003837 0.000011057
      18
 0.000002278 0.000004422 0.000010864
      19
 0.000002187 0.000005311 0.000010404
      20
 0.000002187 0.000005311 0.000010404
      21
 0.000001974 0.000006245 0.000009757
      22
 0.000001659 0.000008945 0.000007232
      23
 0.000001295 0.000007888 0.000008290
      24
 0.000000917 0.000006695 0.000009230
      25
 0.000000524 0.000005424 0.000009902
      26
 0.000000133 0.000004149 0.000010171
      27
-0.000000173 0.000002980 0.000009939
      28
-0.000000258 0.000002042 0.000009173
      29
-0.000000049 0.000001414 0.000007911
      30
 0.000000357 0.000001071 0.000006271
      31
 0.000000711 0.000000883 0.000004444
      32
 0.000000776 0.000000685 0.000002681
      33
 0.000000523 0.000000404 0.000001241
      34
 0.000000165 0.000000122 0.000000316
      35
 0.000000000 0.000000000 0.000000000
      36
 0.000000117 0.000000117 0.000000166
      37
 0.000000359 0.000000359 0.000000723
      38
 0.000000501 0.000000501 0.000001784
      39
 0.000000411 0.000000411 0.000003386
      40
 0.000000166 0.000000166 0.000005413
      41
-0.000000029-0.000000029 0.000007628
      42
-0.000000016-0.000000016 0.000009777
      43
 0.000000211 0.000000211 0.000011672
      44
 0.000000536 0.000000536 0.000013211
      45
 0.000000826 0.000000826 0.000014344
      46
 0.000001010 0.000001010 0.000015040
      47
 0.000001070 0.000001070 0.000015275
      48
 0.000001023 0.000001217 0.000015107
      49
 0.000000903 0.000001666 0.000014619
      50
 0.000000769 0.000002426 0.000013855
      51
 0.000000690 0.000003486 0.000012888
      52
 0.000000732 0.000004783 0.000011802
      53
 0.000000930 0.000006189 0.000010689
      54
 0.000001281 0.000007520 0.000009637
      55
 0.000001729 0.000008569 0.000008736
      56
 0.000002163 0.000009150 0.000008096
      57
 0.000002440 0.000009151 0.000007834
      58
 0.000002477 0.000007269 0.000009499
      59
 0.000002590 0.000005811 0.000010344
      60
 0.000002810 0.000004417 0.000010828
      61
 0.000003195 0.000003130 0.000011045
      62
 0.000003455 0.000002315 0.000011111
      63
 0.000003422 0.000002162 0.000011121
 
     MATDYN       :      0.44s CPU      0.58s WALL

 
   This run was terminated on:  23:25:29  30Sep2026            

=------------------------------------------------------------------------------=
   JOB DONE.
=------------------------------------------------------------------------------=
