
     Program PHONON v.7.6 starts on 30Sep2026 at 23:24:41 

     This program is part of the open-source Quantum ESPRESSO suite
     for quantum simulation of materials; please cite
         "P. Giannozzi et al., J. Phys.:Condens. Matter 21 395502 (2009);
         "P. Giannozzi et al., J. Phys.:Condens. Matter 29 465901 (2017);
         "P. Giannozzi et al., J. Chem. Phys. 152 154105 (2020);
          URL http://www.quantum-espresso.org", 
     in publications or presentations arising from this work. More details at
     http://www.quantum-espresso.org/quote

     Parallel version (MPI & OpenMP), running on     576 processor cores
     Number of MPI processes:               576
     Threads/MPI process:                     1

     MPI processes distributed on    12 nodes
     25873 MiB available memory on the printing compute node when the environment starts
 
     Reading input from elph.in

     Reading xml data from directory:

     ./pwscf.save/
 
     K-points division:     npool     =     576
     Subspace diagonalization in iterative solution of the eigenvalue problem:
     a serial algorithm will be used


     IMPORTANT: XC functional enforced from input :
     Exchange-correlation= PBE
                           (   1   4   3   4   0   0   0)
     Any further DFT definition will be discarded
     Please, verify this is what you really want

 
     G-vector sticks info
     --------------------
     sticks:   dense  smooth     PW     G-vecs:    dense   smooth      PW
     Sum         559     283     91                 8801     3119     609
 
     Using Slab Decomposition
 

     Check: negative core charge=   -0.000003
     Message from routine divide_et_impera:
     suboptimal parallelization: some nodes have no k-points
     Reading collected, re-writing distributed wavefunctions in ./


     Dynamical matrices for ( 4, 4, 4)  uniform grid of q-points
     With a half shift  1  1  1
     (  10 q-points):
       N         xq(1)         xq(2)         xq(3) 
       1   0.088388348   0.088388348   0.088388348
       2   0.265165043   0.265165043  -0.088388348
       3  -0.265165043  -0.265165043   0.441941738
       4  -0.088388348  -0.088388348   0.265165043
       5   0.441941738   0.088388348   0.088388348
       6  -0.088388348  -0.441941738   0.618718434
       7   0.088388348  -0.265165043   0.441941738
       8  -0.618718434   0.088388348   0.088388348
       9   0.265165043   0.265165043   0.265165043
      10  -0.265165043  -0.265165043   0.795495129
     Because shifted q grid is used, q2r will not work !

     Saving dvscf to file. Distribute only q points, not irreducible representations.

     Calculation of q =    0.0883883   0.0883883   0.0883883
     [opt_tetra]  Optimized tetrahedron method is used.
 
     G-vector sticks info
     --------------------
     sticks:   dense  smooth     PW     G-vecs:    dense   smooth      PW
     Sum         559     283    109                 8801     3119     701
 
     Using Slab Decomposition
 

     Title: 
     Electron-phonon                                                            


     bravais-lattice index     =            0
     lattice parameter (alat)  =       5.3877  a.u.
     unit-cell volume          =     110.5871 (a.u.)^3
     number of atoms/cell      =            1
     number of atomic types    =            1
     number of electrons       =         3.00
     number of Kohn-Sham states=            6
     kinetic-energy cutoff     =      35.0000  Ry
     charge density cutoff     =     280.0000  Ry
     Exchange-correlation= PBE
                           (   1   4   3   4   0   0   0)

     celldm(1)=   5.387739  celldm(2)=   0.000000  celldm(3)=   0.000000
     celldm(4)=   0.000000  celldm(5)=   0.000000  celldm(6)=   0.000000

     crystal axes: (cart. coord. in units of alat)
               a(1) = (   0.000000   0.707107   0.707107 )  
               a(2) = (   0.707107   0.000000   0.707107 )  
               a(3) = (   0.707107   0.707107   0.000000 )  

     reciprocal axes: (cart. coord. in units 2 pi/alat)
               b(1) = ( -0.707107  0.707107  0.707107 )  
               b(2) = (  0.707107 -0.707107  0.707107 )  
               b(3) = (  0.707107  0.707107 -0.707107 )  


     PseudoPot. # 1 for Al read from file:
     ./Al.pbe-n-rrkjus_psl.0.1.UPF
     MD5 check sum: 6479f6627750700cef6db36d98bbe09a
     Pseudo is Ultrasoft + core correction, Zval =  3.0
     Generated using "atomic" code by A. Dal Corso  v.5.0.99 svn rev. 10869
     Using radial grid of 1135 points,  4 beta functions with: 
                l(1) =   0
                l(2) =   0
                l(3) =   1
                l(4) =   1
     Q(r) pseudized with 0 coefficients 


     atomic species   valence    mass     pseudopotential
     Al                3.00    26.98154     Al( 1.00)

     48 Sym. Ops., with inversion, found



   Cartesian axes

     site n.     atom                  positions (alat units)
         1        Al     tau(   1) = (   0.0000000   0.0000000   0.0000000  )

     number of k points=  1632 (tetrahedron method)

     Number of k-points >= 100: set verbosity='high' to print them.

     Dense  grid:     8801 G-vectors     FFT dimensions: (  30,  30,  30)

     Smooth grid:     3119 G-vectors     FFT dimensions: (  24,  24,  24)

     Estimated max dynamical RAM per process >       4.05 MB

     Estimated total dynamical RAM >       2.28 GB

     Check: negative core charge=   -0.000003

     The potential is recalculated from file :
     ./_ph0/pwscf.q_1/pwscf.save/charge-density

     Starting wfcs are    4 atomic +    2 random wfcs

     Band Structure Calculation
     Davidson diagonalization with overlap

     ethr =  3.33E-10,  avg # of iterations = 18.3

     total cpu time spent up to now is        2.1 secs

     End of band structure calculation

     Number of k-points >= 100: set verbosity='high' to print the bands.

     the Fermi energy is     8.0041 ev
 
     [dfpt_tetra]  Dos(E_F)[/Ry] :   0.5458592E+01

     Electron-phonon                                                            

     bravais-lattice index     =            0
     lattice parameter (alat)  =       5.3877  a.u.
     unit-cell volume          =     110.5871 (a.u.)^3
     number of atoms/cell      =            1
     number of atomic types    =            1
     kinetic-energy cut-off    =      35.0000  Ry
     charge density cut-off    =     280.0000  Ry
     convergence threshold     =      1.0E-12
     beta                      =       0.7000
     number of iterations used =            4
     Exchange-correlation= PBE
                           (   1   4   3   4   0   0   0)


     celldm(1)=    5.38774  celldm(2)=    0.00000  celldm(3)=    0.00000
     celldm(4)=    0.00000  celldm(5)=    0.00000  celldm(6)=    0.00000

     crystal axes: (cart. coord. in units of alat)
               a(1) = (  0.0000  0.7071  0.7071 )  
               a(2) = (  0.7071  0.0000  0.7071 )  
               a(3) = (  0.7071  0.7071  0.0000 )  

     reciprocal axes: (cart. coord. in units 2 pi/alat)
               b(1) = ( -0.7071  0.7071  0.7071 )  
               b(2) = (  0.7071 -0.7071  0.7071 )  
               b(3) = (  0.7071  0.7071 -0.7071 )  


     Atoms inside the unit cell: 

     Cartesian axes

     site n.  atom      mass           positions (alat units)
        1  Al     26.9815   tau(    1) = (    0.00000    0.00000    0.00000  )

     Computing dynamical matrix for 
                    q = (   0.0883883   0.0883883   0.0883883 )
 
      6 Sym.Ops. (no q -> -q+G )


     G cutoff =  205.8787  (   8801 G-vectors)     FFT grid: ( 30, 30, 30)
     G cutoff =  102.9393  (   3119 G-vectors)  smooth grid: ( 24, 24, 24)
     number of k points=  1632

     PseudoPot. # 1 for Al read from file:
     ./Al.pbe-n-rrkjus_psl.0.1.UPF
     MD5 check sum: 6479f6627750700cef6db36d98bbe09a
     Pseudo is Ultrasoft + core correction, Zval =  3.0
     Generated using "atomic" code by A. Dal Corso  v.5.0.99 svn rev. 10869
     Using radial grid of 1135 points,  4 beta functions with: 
                l(1) =   0
                l(2) =   0
                l(3) =   1
                l(4) =   1
     Q(r) pseudized with 0 coefficients 



     Atomic displacements:
     There are    2 irreducible representations

     Representation     1      1 modes -  To be done

     Representation     2      2 modes -  To be done


     Message from routine init_vloc:
     Interpolation table for Vloc re-allocated
     PHONON       :      3.42s CPU      3.71s WALL

     Reading dVscf from file dv
     Reading dynamics matrix from file matdyn1

     Diagonalizing the dynamical matrix

     q = (    0.088388348   0.088388348   0.088388348 ) 

 **************************************************************************
     freq (    1) =       2.141435 [THz] =      71.430576 [cm-1]
     freq (    2) =       2.141435 [THz] =      71.430576 [cm-1]
     freq (    3) =       3.802460 [THz] =     126.836398 [cm-1]
 **************************************************************************

     [elph_tetra]   Lowest band which contains FS :          2
     [elph_tetra]  Highest band which contains FS :          3
     [elph_tetra]    # of bands which contains FS :          2
 
     Tetrahedron method
     DOS =  2.729296 states/spin/Ry/Unit Cell at Ef=  8.004054 eV
     double delta at Ef = 11.717814
     lambda(    1)=  0.1939   gamma=    2.32 GHz
     lambda(    2)=  0.1939   gamma=    2.32 GHz
     lambda(    3)=  0.1467   gamma=    5.53 GHz
 
     Number of q in the star =    8
     List of q in the star:
          1   0.088388348   0.088388348   0.088388348
          2   0.088388348  -0.088388348   0.088388348
          3  -0.088388348   0.088388348   0.088388348
          4  -0.088388348  -0.088388348  -0.088388348
          5   0.088388348   0.088388348  -0.088388348
          6  -0.088388348  -0.088388348   0.088388348
          7  -0.088388348   0.088388348  -0.088388348
          8   0.088388348  -0.088388348  -0.088388348

     Calculation of q =    0.2651650   0.2651650  -0.0883883
     [opt_tetra]  Optimized tetrahedron method is used.
 
     G-vector sticks info
     --------------------
     sticks:   dense  smooth     PW     G-vecs:    dense   smooth      PW
     Sum         559     283    109                 8801     3119     749
 
     Using Slab Decomposition
 

     Title: 
     Electron-phonon                                                            


     bravais-lattice index     =            0
     lattice parameter (alat)  =       5.3877  a.u.
     unit-cell volume          =     110.5871 (a.u.)^3
     number of atoms/cell      =            1
     number of atomic types    =            1
     number of electrons       =         3.00
     number of Kohn-Sham states=            6
     kinetic-energy cutoff     =      35.0000  Ry
     charge density cutoff     =     280.0000  Ry
     Exchange-correlation= PBE
                           (   1   4   3   4   0   0   0)

     celldm(1)=   5.387739  celldm(2)=   0.000000  celldm(3)=   0.000000
     celldm(4)=   0.000000  celldm(5)=   0.000000  celldm(6)=   0.000000

     crystal axes: (cart. coord. in units of alat)
               a(1) = (   0.000000   0.707107   0.707107 )  
               a(2) = (   0.707107   0.000000   0.707107 )  
               a(3) = (   0.707107   0.707107   0.000000 )  

     reciprocal axes: (cart. coord. in units 2 pi/alat)
               b(1) = ( -0.707107  0.707107  0.707107 )  
               b(2) = (  0.707107 -0.707107  0.707107 )  
               b(3) = (  0.707107  0.707107 -0.707107 )  


     PseudoPot. # 1 for Al read from file:
     ./Al.pbe-n-rrkjus_psl.0.1.UPF
     MD5 check sum: 6479f6627750700cef6db36d98bbe09a
     Pseudo is Ultrasoft + core correction, Zval =  3.0
     Generated using "atomic" code by A. Dal Corso  v.5.0.99 svn rev. 10869
     Using radial grid of 1135 points,  4 beta functions with: 
                l(1) =   0
                l(2) =   0
                l(3) =   1
                l(4) =   1
     Q(r) pseudized with 0 coefficients 


     atomic species   valence    mass     pseudopotential
     Al                3.00    26.98154     Al( 1.00)

     48 Sym. Ops., with inversion, found



   Cartesian axes

     site n.     atom                  positions (alat units)
         1        Al     tau(   1) = (   0.0000000   0.0000000   0.0000000  )

     number of k points=  4352 (tetrahedron method)

     Number of k-points >= 100: set verbosity='high' to print them.

     Dense  grid:     8801 G-vectors     FFT dimensions: (  30,  30,  30)

     Smooth grid:     3119 G-vectors     FFT dimensions: (  24,  24,  24)

     Estimated max dynamical RAM per process >       4.19 MB

     Estimated total dynamical RAM >       2.36 GB

     Check: negative core charge=   -0.000003

     The potential is recalculated from file :
     ./_ph0/pwscf.q_2/pwscf.save/charge-density

     Starting wfcs are    4 atomic +    2 random wfcs

     Band Structure Calculation
     Davidson diagonalization with overlap

     ethr =  3.33E-10,  avg # of iterations = 18.1

     total cpu time spent up to now is        4.4 secs

     End of band structure calculation

     Number of k-points >= 100: set verbosity='high' to print the bands.

     the Fermi energy is     8.0041 ev
 
     [dfpt_tetra]  Dos(E_F)[/Ry] :   0.5458592E+01

     Electron-phonon                                                            

     bravais-lattice index     =            0
     lattice parameter (alat)  =       5.3877  a.u.
     unit-cell volume          =     110.5871 (a.u.)^3
     number of atoms/cell      =            1
     number of atomic types    =            1
     kinetic-energy cut-off    =      35.0000  Ry
     charge density cut-off    =     280.0000  Ry
     convergence threshold     =      1.0E-12
     beta                      =       0.7000
     number of iterations used =            4
     Exchange-correlation= PBE
                           (   1   4   3   4   0   0   0)


     celldm(1)=    5.38774  celldm(2)=    0.00000  celldm(3)=    0.00000
     celldm(4)=    0.00000  celldm(5)=    0.00000  celldm(6)=    0.00000

     crystal axes: (cart. coord. in units of alat)
               a(1) = (  0.0000  0.7071  0.7071 )  
               a(2) = (  0.7071  0.0000  0.7071 )  
               a(3) = (  0.7071  0.7071  0.0000 )  

     reciprocal axes: (cart. coord. in units 2 pi/alat)
               b(1) = ( -0.7071  0.7071  0.7071 )  
               b(2) = (  0.7071 -0.7071  0.7071 )  
               b(3) = (  0.7071  0.7071 -0.7071 )  


     Atoms inside the unit cell: 

     Cartesian axes

     site n.  atom      mass           positions (alat units)
        1  Al     26.9815   tau(    1) = (    0.00000    0.00000    0.00000  )

     Computing dynamical matrix for 
                    q = (   0.2651650   0.2651650  -0.0883883 )
 
      2 Sym.Ops. (no q -> -q+G )


     G cutoff =  205.8787  (   8801 G-vectors)     FFT grid: ( 30, 30, 30)
     G cutoff =  102.9393  (   3119 G-vectors)  smooth grid: ( 24, 24, 24)
     number of k points=  4352

     PseudoPot. # 1 for Al read from file:
     ./Al.pbe-n-rrkjus_psl.0.1.UPF
     MD5 check sum: 6479f6627750700cef6db36d98bbe09a
     Pseudo is Ultrasoft + core correction, Zval =  3.0
     Generated using "atomic" code by A. Dal Corso  v.5.0.99 svn rev. 10869
     Using radial grid of 1135 points,  4 beta functions with: 
                l(1) =   0
                l(2) =   0
                l(3) =   1
                l(4) =   1
     Q(r) pseudized with 0 coefficients 



     Atomic displacements:
     There are    3 irreducible representations

     Representation     1      1 modes -  To be done

     Representation     2      1 modes -  To be done

     Representation     3      1 modes -  To be done


     PHONON       :      6.10s CPU      6.65s WALL

     Reading dVscf from file dv
     Reading dynamics matrix from file matdyn2

     Diagonalizing the dynamical matrix

     q = (    0.265165043   0.265165043  -0.088388348 ) 

 **************************************************************************
     freq (    1) =       4.077155 [THz] =     135.999241 [cm-1]
     freq (    2) =       4.823936 [THz] =     160.909191 [cm-1]
     freq (    3) =       7.812954 [THz] =     260.612083 [cm-1]
 **************************************************************************

     [elph_tetra]   Lowest band which contains FS :          2
     [elph_tetra]  Highest band which contains FS :          3
     [elph_tetra]    # of bands which contains FS :          2
 
     Tetrahedron method
     DOS =  2.729296 states/spin/Ry/Unit Cell at Ef=  8.004054 eV
     double delta at Ef = 15.299009
     lambda(    1)=  0.0213   gamma=    0.92 GHz
     lambda(    2)=  0.1242   gamma=    7.53 GHz
     lambda(    3)=  0.2275   gamma=   36.20 GHz
 
     Number of q in the star =   24
     List of q in the star:
          1   0.265165043   0.265165043  -0.088388348
          2  -0.088388348   0.265165043   0.265165043
          3   0.265165043  -0.088388348   0.265165043
          4   0.265165043  -0.265165043  -0.088388348
          5  -0.265165043   0.265165043  -0.088388348
          6  -0.088388348  -0.265165043   0.265165043
          7   0.088388348  -0.265165043  -0.265165043
          8  -0.088388348   0.265165043  -0.265165043
          9   0.088388348   0.265165043   0.265165043
         10  -0.265165043  -0.088388348   0.265165043
         11  -0.265165043   0.088388348  -0.265165043
         12   0.265165043  -0.088388348  -0.265165043
         13   0.265165043   0.088388348   0.265165043
         14  -0.265165043  -0.265165043  -0.088388348
         15  -0.265165043  -0.088388348  -0.265165043
         16   0.265165043   0.088388348  -0.265165043
         17  -0.265165043   0.088388348   0.265165043
         18  -0.265165043   0.265165043   0.088388348
         19  -0.088388348  -0.265165043  -0.265165043
         20   0.088388348  -0.265165043   0.265165043
         21   0.088388348   0.265165043  -0.265165043
         22  -0.265165043  -0.265165043   0.088388348
         23   0.265165043   0.265165043   0.088388348
         24   0.265165043  -0.265165043   0.088388348

     Calculation of q =   -0.2651650  -0.2651650   0.4419417
     [opt_tetra]  Optimized tetrahedron method is used.
 
     G-vector sticks info
     --------------------
     sticks:   dense  smooth     PW     G-vecs:    dense   smooth      PW
     Sum         559     283    121                 8801     3119     869
 
     Using Slab Decomposition
 

     Title: 
     Electron-phonon                                                            


     bravais-lattice index     =            0
     lattice parameter (alat)  =       5.3877  a.u.
     unit-cell volume          =     110.5871 (a.u.)^3
     number of atoms/cell      =            1
     number of atomic types    =            1
     number of electrons       =         3.00
     number of Kohn-Sham states=            6
     kinetic-energy cutoff     =      35.0000  Ry
     charge density cutoff     =     280.0000  Ry
     Exchange-correlation= PBE
                           (   1   4   3   4   0   0   0)

     celldm(1)=   5.387739  celldm(2)=   0.000000  celldm(3)=   0.000000
     celldm(4)=   0.000000  celldm(5)=   0.000000  celldm(6)=   0.000000

     crystal axes: (cart. coord. in units of alat)
               a(1) = (   0.000000   0.707107   0.707107 )  
               a(2) = (   0.707107   0.000000   0.707107 )  
               a(3) = (   0.707107   0.707107   0.000000 )  

     reciprocal axes: (cart. coord. in units 2 pi/alat)
               b(1) = ( -0.707107  0.707107  0.707107 )  
               b(2) = (  0.707107 -0.707107  0.707107 )  
               b(3) = (  0.707107  0.707107 -0.707107 )  


     PseudoPot. # 1 for Al read from file:
     ./Al.pbe-n-rrkjus_psl.0.1.UPF
     MD5 check sum: 6479f6627750700cef6db36d98bbe09a
     Pseudo is Ultrasoft + core correction, Zval =  3.0
     Generated using "atomic" code by A. Dal Corso  v.5.0.99 svn rev. 10869
     Using radial grid of 1135 points,  4 beta functions with: 
                l(1) =   0
                l(2) =   0
                l(3) =   1
                l(4) =   1
     Q(r) pseudized with 0 coefficients 


     atomic species   valence    mass     pseudopotential
     Al                3.00    26.98154     Al( 1.00)

     48 Sym. Ops., with inversion, found



   Cartesian axes

     site n.     atom                  positions (alat units)
         1        Al     tau(   1) = (   0.0000000   0.0000000   0.0000000  )

     number of k points=  4352 (tetrahedron method)

     Number of k-points >= 100: set verbosity='high' to print them.

     Dense  grid:     8801 G-vectors     FFT dimensions: (  30,  30,  30)

     Smooth grid:     3119 G-vectors     FFT dimensions: (  24,  24,  24)

     Estimated max dynamical RAM per process >       4.20 MB

     Estimated total dynamical RAM >       2.36 GB

     Check: negative core charge=   -0.000003

     The potential is recalculated from file :
     ./_ph0/pwscf.q_3/pwscf.save/charge-density

     Starting wfcs are    4 atomic +    2 random wfcs

     Band Structure Calculation
     Davidson diagonalization with overlap

     ethr =  3.33E-10,  avg # of iterations = 18.1

     total cpu time spent up to now is        6.7 secs

     End of band structure calculation

     Number of k-points >= 100: set verbosity='high' to print the bands.

     the Fermi energy is     8.0041 ev
 
     [dfpt_tetra]  Dos(E_F)[/Ry] :   0.5458592E+01

     Electron-phonon                                                            

     bravais-lattice index     =            0
     lattice parameter (alat)  =       5.3877  a.u.
     unit-cell volume          =     110.5871 (a.u.)^3
     number of atoms/cell      =            1
     number of atomic types    =            1
     kinetic-energy cut-off    =      35.0000  Ry
     charge density cut-off    =     280.0000  Ry
     convergence threshold     =      1.0E-12
     beta                      =       0.7000
     number of iterations used =            4
     Exchange-correlation= PBE
                           (   1   4   3   4   0   0   0)


     celldm(1)=    5.38774  celldm(2)=    0.00000  celldm(3)=    0.00000
     celldm(4)=    0.00000  celldm(5)=    0.00000  celldm(6)=    0.00000

     crystal axes: (cart. coord. in units of alat)
               a(1) = (  0.0000  0.7071  0.7071 )  
               a(2) = (  0.7071  0.0000  0.7071 )  
               a(3) = (  0.7071  0.7071  0.0000 )  

     reciprocal axes: (cart. coord. in units 2 pi/alat)
               b(1) = ( -0.7071  0.7071  0.7071 )  
               b(2) = (  0.7071 -0.7071  0.7071 )  
               b(3) = (  0.7071  0.7071 -0.7071 )  


     Atoms inside the unit cell: 

     Cartesian axes

     site n.  atom      mass           positions (alat units)
        1  Al     26.9815   tau(    1) = (    0.00000    0.00000    0.00000  )

     Computing dynamical matrix for 
                    q = (  -0.2651650  -0.2651650   0.4419417 )
 
      2 Sym.Ops. (no q -> -q+G )


     G cutoff =  205.8787  (   8801 G-vectors)     FFT grid: ( 30, 30, 30)
     G cutoff =  102.9393  (   3119 G-vectors)  smooth grid: ( 24, 24, 24)
     number of k points=  4352

     PseudoPot. # 1 for Al read from file:
     ./Al.pbe-n-rrkjus_psl.0.1.UPF
     MD5 check sum: 6479f6627750700cef6db36d98bbe09a
     Pseudo is Ultrasoft + core correction, Zval =  3.0
     Generated using "atomic" code by A. Dal Corso  v.5.0.99 svn rev. 10869
     Using radial grid of 1135 points,  4 beta functions with: 
                l(1) =   0
                l(2) =   0
                l(3) =   1
                l(4) =   1
     Q(r) pseudized with 0 coefficients 



     Atomic displacements:
     There are    3 irreducible representations

     Representation     1      1 modes -  To be done

     Representation     2      1 modes -  To be done

     Representation     3      1 modes -  To be done


     PHONON       :      8.80s CPU      9.61s WALL

     Reading dVscf from file dv
     Reading dynamics matrix from file matdyn3

     Diagonalizing the dynamical matrix

     q = (   -0.265165043  -0.265165043   0.441941738 ) 

 **************************************************************************
     freq (    1) =       4.679433 [THz] =     156.089087 [cm-1]
     freq (    2) =       5.531882 [THz] =     184.523709 [cm-1]
     freq (    3) =       9.518671 [THz] =     317.508701 [cm-1]
 **************************************************************************

     [elph_tetra]   Lowest band which contains FS :          2
     [elph_tetra]  Highest band which contains FS :          3
     [elph_tetra]    # of bands which contains FS :          2
 
     Tetrahedron method
     DOS =  2.729296 states/spin/Ry/Unit Cell at Ef=  8.004054 eV
     double delta at Ef = 16.369325
     lambda(    1)=  0.0877   gamma=    5.00 GHz
     lambda(    2)=  0.0857   gamma=    6.83 GHz
     lambda(    3)=  0.1829   gamma=   43.19 GHz
 
     Number of q in the star =   24
     List of q in the star:
          1  -0.265165043  -0.265165043   0.441941738
          2   0.441941738  -0.265165043  -0.265165043
          3  -0.265165043   0.441941738  -0.265165043
          4  -0.265165043   0.265165043   0.441941738
          5   0.265165043  -0.265165043   0.441941738
          6   0.441941738   0.265165043  -0.265165043
          7  -0.441941738   0.265165043   0.265165043
          8   0.441941738  -0.265165043   0.265165043
          9  -0.441941738  -0.265165043  -0.265165043
         10   0.265165043   0.441941738  -0.265165043
         11   0.265165043  -0.441941738   0.265165043
         12  -0.265165043   0.441941738   0.265165043
         13  -0.265165043  -0.441941738  -0.265165043
         14   0.265165043   0.265165043   0.441941738
         15   0.265165043   0.441941738   0.265165043
         16  -0.265165043  -0.441941738   0.265165043
         17   0.265165043  -0.441941738  -0.265165043
         18   0.265165043  -0.265165043  -0.441941738
         19   0.441941738   0.265165043   0.265165043
         20  -0.441941738   0.265165043  -0.265165043
         21  -0.441941738  -0.265165043   0.265165043
         22   0.265165043   0.265165043  -0.441941738
         23  -0.265165043  -0.265165043  -0.441941738
         24  -0.265165043   0.265165043  -0.441941738

     Calculation of q =   -0.0883883  -0.0883883   0.2651650
     [opt_tetra]  Optimized tetrahedron method is used.
 
     G-vector sticks info
     --------------------
     sticks:   dense  smooth     PW     G-vecs:    dense   smooth      PW
     Sum         559     283    109                 8801     3119     725
 
     Using Slab Decomposition
 

     Title: 
     Electron-phonon                                                            


     bravais-lattice index     =            0
     lattice parameter (alat)  =       5.3877  a.u.
     unit-cell volume          =     110.5871 (a.u.)^3
     number of atoms/cell      =            1
     number of atomic types    =            1
     number of electrons       =         3.00
     number of Kohn-Sham states=            6
     kinetic-energy cutoff     =      35.0000  Ry
     charge density cutoff     =     280.0000  Ry
     Exchange-correlation= PBE
                           (   1   4   3   4   0   0   0)

     celldm(1)=   5.387739  celldm(2)=   0.000000  celldm(3)=   0.000000
     celldm(4)=   0.000000  celldm(5)=   0.000000  celldm(6)=   0.000000

     crystal axes: (cart. coord. in units of alat)
               a(1) = (   0.000000   0.707107   0.707107 )  
               a(2) = (   0.707107   0.000000   0.707107 )  
               a(3) = (   0.707107   0.707107   0.000000 )  

     reciprocal axes: (cart. coord. in units 2 pi/alat)
               b(1) = ( -0.707107  0.707107  0.707107 )  
               b(2) = (  0.707107 -0.707107  0.707107 )  
               b(3) = (  0.707107  0.707107 -0.707107 )  


     PseudoPot. # 1 for Al read from file:
     ./Al.pbe-n-rrkjus_psl.0.1.UPF
     MD5 check sum: 6479f6627750700cef6db36d98bbe09a
     Pseudo is Ultrasoft + core correction, Zval =  3.0
     Generated using "atomic" code by A. Dal Corso  v.5.0.99 svn rev. 10869
     Using radial grid of 1135 points,  4 beta functions with: 
                l(1) =   0
                l(2) =   0
                l(3) =   1
                l(4) =   1
     Q(r) pseudized with 0 coefficients 


     atomic species   valence    mass     pseudopotential
     Al                3.00    26.98154     Al( 1.00)

     48 Sym. Ops., with inversion, found



   Cartesian axes

     site n.     atom                  positions (alat units)
         1        Al     tau(   1) = (   0.0000000   0.0000000   0.0000000  )

     number of k points=  4352 (tetrahedron method)

     Number of k-points >= 100: set verbosity='high' to print them.

     Dense  grid:     8801 G-vectors     FFT dimensions: (  30,  30,  30)

     Smooth grid:     3119 G-vectors     FFT dimensions: (  24,  24,  24)

     Estimated max dynamical RAM per process >       4.19 MB

     Estimated total dynamical RAM >       2.36 GB

     Check: negative core charge=   -0.000003

     The potential is recalculated from file :
     ./_ph0/pwscf.q_4/pwscf.save/charge-density

     Starting wfcs are    4 atomic +    2 random wfcs

     Band Structure Calculation
     Davidson diagonalization with overlap

     ethr =  3.33E-10,  avg # of iterations = 18.1

     total cpu time spent up to now is        9.0 secs

     End of band structure calculation

     Number of k-points >= 100: set verbosity='high' to print the bands.

     the Fermi energy is     8.0041 ev
 
     [dfpt_tetra]  Dos(E_F)[/Ry] :   0.5458592E+01

     Electron-phonon                                                            

     bravais-lattice index     =            0
     lattice parameter (alat)  =       5.3877  a.u.
     unit-cell volume          =     110.5871 (a.u.)^3
     number of atoms/cell      =            1
     number of atomic types    =            1
     kinetic-energy cut-off    =      35.0000  Ry
     charge density cut-off    =     280.0000  Ry
     convergence threshold     =      1.0E-12
     beta                      =       0.7000
     number of iterations used =            4
     Exchange-correlation= PBE
                           (   1   4   3   4   0   0   0)


     celldm(1)=    5.38774  celldm(2)=    0.00000  celldm(3)=    0.00000
     celldm(4)=    0.00000  celldm(5)=    0.00000  celldm(6)=    0.00000

     crystal axes: (cart. coord. in units of alat)
               a(1) = (  0.0000  0.7071  0.7071 )  
               a(2) = (  0.7071  0.0000  0.7071 )  
               a(3) = (  0.7071  0.7071  0.0000 )  

     reciprocal axes: (cart. coord. in units 2 pi/alat)
               b(1) = ( -0.7071  0.7071  0.7071 )  
               b(2) = (  0.7071 -0.7071  0.7071 )  
               b(3) = (  0.7071  0.7071 -0.7071 )  


     Atoms inside the unit cell: 

     Cartesian axes

     site n.  atom      mass           positions (alat units)
        1  Al     26.9815   tau(    1) = (    0.00000    0.00000    0.00000  )

     Computing dynamical matrix for 
                    q = (  -0.0883883  -0.0883883   0.2651650 )
 
      2 Sym.Ops. (no q -> -q+G )


     G cutoff =  205.8787  (   8801 G-vectors)     FFT grid: ( 30, 30, 30)
     G cutoff =  102.9393  (   3119 G-vectors)  smooth grid: ( 24, 24, 24)
     number of k points=  4352

     PseudoPot. # 1 for Al read from file:
     ./Al.pbe-n-rrkjus_psl.0.1.UPF
     MD5 check sum: 6479f6627750700cef6db36d98bbe09a
     Pseudo is Ultrasoft + core correction, Zval =  3.0
     Generated using "atomic" code by A. Dal Corso  v.5.0.99 svn rev. 10869
     Using radial grid of 1135 points,  4 beta functions with: 
                l(1) =   0
                l(2) =   0
                l(3) =   1
                l(4) =   1
     Q(r) pseudized with 0 coefficients 



     Atomic displacements:
     There are    3 irreducible representations

     Representation     1      1 modes -  To be done

     Representation     2      1 modes -  To be done

     Representation     3      1 modes -  To be done


     PHONON       :     11.51s CPU     12.56s WALL

     Reading dVscf from file dv
     Reading dynamics matrix from file matdyn4

     Diagonalizing the dynamical matrix

     q = (   -0.088388348  -0.088388348   0.265165043 ) 

 **************************************************************************
     freq (    1) =       3.599977 [THz] =     120.082309 [cm-1]
     freq (    2) =       3.722447 [THz] =     124.167467 [cm-1]
     freq (    3) =       6.422947 [THz] =     214.246447 [cm-1]
 **************************************************************************

     [elph_tetra]   Lowest band which contains FS :          2
     [elph_tetra]  Highest band which contains FS :          3
     [elph_tetra]    # of bands which contains FS :          2
 
     Tetrahedron method
     DOS =  2.729296 states/spin/Ry/Unit Cell at Ef=  8.004054 eV
     double delta at Ef = 22.051409
     lambda(    1)=  0.2120   gamma=    7.16 GHz
     lambda(    2)=  0.1607   gamma=    5.80 GHz
     lambda(    3)=  0.3176   gamma=   34.15 GHz
 
     Number of q in the star =   24
     List of q in the star:
          1  -0.088388348  -0.088388348   0.265165043
          2   0.265165043  -0.088388348  -0.088388348
          3  -0.088388348   0.265165043  -0.088388348
          4  -0.088388348   0.088388348   0.265165043
          5   0.088388348  -0.088388348   0.265165043
          6   0.265165043   0.088388348  -0.088388348
          7  -0.265165043   0.088388348   0.088388348
          8   0.265165043  -0.088388348   0.088388348
          9  -0.265165043  -0.088388348  -0.088388348
         10   0.088388348   0.265165043  -0.088388348
         11   0.088388348  -0.265165043   0.088388348
         12  -0.088388348   0.265165043   0.088388348
         13  -0.088388348  -0.265165043  -0.088388348
         14   0.088388348   0.088388348   0.265165043
         15   0.088388348   0.265165043   0.088388348
         16  -0.088388348  -0.265165043   0.088388348
         17   0.088388348  -0.265165043  -0.088388348
         18   0.088388348  -0.088388348  -0.265165043
         19   0.265165043   0.088388348   0.088388348
         20  -0.265165043   0.088388348  -0.088388348
         21  -0.265165043  -0.088388348   0.088388348
         22   0.088388348   0.088388348  -0.265165043
         23  -0.088388348  -0.088388348  -0.265165043
         24  -0.088388348   0.088388348  -0.265165043

     Calculation of q =    0.4419417   0.0883883   0.0883883
     [opt_tetra]  Optimized tetrahedron method is used.
 
     G-vector sticks info
     --------------------
     sticks:   dense  smooth     PW     G-vecs:    dense   smooth      PW
     Sum         559     283    109                 8801     3119     749
 
     Using Slab Decomposition
 

     Title: 
     Electron-phonon                                                            


     bravais-lattice index     =            0
     lattice parameter (alat)  =       5.3877  a.u.
     unit-cell volume          =     110.5871 (a.u.)^3
     number of atoms/cell      =            1
     number of atomic types    =            1
     number of electrons       =         3.00
     number of Kohn-Sham states=            6
     kinetic-energy cutoff     =      35.0000  Ry
     charge density cutoff     =     280.0000  Ry
     Exchange-correlation= PBE
                           (   1   4   3   4   0   0   0)

     celldm(1)=   5.387739  celldm(2)=   0.000000  celldm(3)=   0.000000
     celldm(4)=   0.000000  celldm(5)=   0.000000  celldm(6)=   0.000000

     crystal axes: (cart. coord. in units of alat)
               a(1) = (   0.000000   0.707107   0.707107 )  
               a(2) = (   0.707107   0.000000   0.707107 )  
               a(3) = (   0.707107   0.707107   0.000000 )  

     reciprocal axes: (cart. coord. in units 2 pi/alat)
               b(1) = ( -0.707107  0.707107  0.707107 )  
               b(2) = (  0.707107 -0.707107  0.707107 )  
               b(3) = (  0.707107  0.707107 -0.707107 )  


     PseudoPot. # 1 for Al read from file:
     ./Al.pbe-n-rrkjus_psl.0.1.UPF
     MD5 check sum: 6479f6627750700cef6db36d98bbe09a
     Pseudo is Ultrasoft + core correction, Zval =  3.0
     Generated using "atomic" code by A. Dal Corso  v.5.0.99 svn rev. 10869
     Using radial grid of 1135 points,  4 beta functions with: 
                l(1) =   0
                l(2) =   0
                l(3) =   1
                l(4) =   1
     Q(r) pseudized with 0 coefficients 


     atomic species   valence    mass     pseudopotential
     Al                3.00    26.98154     Al( 1.00)

     48 Sym. Ops., with inversion, found



   Cartesian axes

     site n.     atom                  positions (alat units)
         1        Al     tau(   1) = (   0.0000000   0.0000000   0.0000000  )

     number of k points=  4352 (tetrahedron method)

     Number of k-points >= 100: set verbosity='high' to print them.

     Dense  grid:     8801 G-vectors     FFT dimensions: (  30,  30,  30)

     Smooth grid:     3119 G-vectors     FFT dimensions: (  24,  24,  24)

     Estimated max dynamical RAM per process >       4.20 MB

     Estimated total dynamical RAM >       2.36 GB

     Check: negative core charge=   -0.000003

     The potential is recalculated from file :
     ./_ph0/pwscf.q_5/pwscf.save/charge-density

     Starting wfcs are    4 atomic +    2 random wfcs

     Band Structure Calculation
     Davidson diagonalization with overlap

     ethr =  3.33E-10,  avg # of iterations = 18.1

     total cpu time spent up to now is       11.4 secs

     End of band structure calculation

     Number of k-points >= 100: set verbosity='high' to print the bands.

     the Fermi energy is     8.0041 ev
 
     [dfpt_tetra]  Dos(E_F)[/Ry] :   0.5458592E+01

     Electron-phonon                                                            

     bravais-lattice index     =            0
     lattice parameter (alat)  =       5.3877  a.u.
     unit-cell volume          =     110.5871 (a.u.)^3
     number of atoms/cell      =            1
     number of atomic types    =            1
     kinetic-energy cut-off    =      35.0000  Ry
     charge density cut-off    =     280.0000  Ry
     convergence threshold     =      1.0E-12
     beta                      =       0.7000
     number of iterations used =            4
     Exchange-correlation= PBE
                           (   1   4   3   4   0   0   0)


     celldm(1)=    5.38774  celldm(2)=    0.00000  celldm(3)=    0.00000
     celldm(4)=    0.00000  celldm(5)=    0.00000  celldm(6)=    0.00000

     crystal axes: (cart. coord. in units of alat)
               a(1) = (  0.0000  0.7071  0.7071 )  
               a(2) = (  0.7071  0.0000  0.7071 )  
               a(3) = (  0.7071  0.7071  0.0000 )  

     reciprocal axes: (cart. coord. in units 2 pi/alat)
               b(1) = ( -0.7071  0.7071  0.7071 )  
               b(2) = (  0.7071 -0.7071  0.7071 )  
               b(3) = (  0.7071  0.7071 -0.7071 )  


     Atoms inside the unit cell: 

     Cartesian axes

     site n.  atom      mass           positions (alat units)
        1  Al     26.9815   tau(    1) = (    0.00000    0.00000    0.00000  )

     Computing dynamical matrix for 
                    q = (   0.4419417   0.0883883   0.0883883 )
 
      2 Sym.Ops. (no q -> -q+G )


     G cutoff =  205.8787  (   8801 G-vectors)     FFT grid: ( 30, 30, 30)
     G cutoff =  102.9393  (   3119 G-vectors)  smooth grid: ( 24, 24, 24)
     number of k points=  4352

     PseudoPot. # 1 for Al read from file:
     ./Al.pbe-n-rrkjus_psl.0.1.UPF
     MD5 check sum: 6479f6627750700cef6db36d98bbe09a
     Pseudo is Ultrasoft + core correction, Zval =  3.0
     Generated using "atomic" code by A. Dal Corso  v.5.0.99 svn rev. 10869
     Using radial grid of 1135 points,  4 beta functions with: 
                l(1) =   0
                l(2) =   0
                l(3) =   1
                l(4) =   1
     Q(r) pseudized with 0 coefficients 



     Atomic displacements:
     There are    3 irreducible representations

     Representation     1      1 modes -  To be done

     Representation     2      1 modes -  To be done

     Representation     3      1 modes -  To be done


     PHONON       :     14.18s CPU     15.54s WALL

     Reading dVscf from file dv
     Reading dynamics matrix from file matdyn5

     Diagonalizing the dynamical matrix

     q = (    0.441941738   0.088388348   0.088388348 ) 

 **************************************************************************
     freq (    1) =       4.933298 [THz] =     164.557106 [cm-1]
     freq (    2) =       5.508554 [THz] =     183.745577 [cm-1]
     freq (    3) =       8.400517 [THz] =     280.211090 [cm-1]
 **************************************************************************

     [elph_tetra]   Lowest band which contains FS :          2
     [elph_tetra]  Highest band which contains FS :          3
     [elph_tetra]    # of bands which contains FS :          2
 
     Tetrahedron method
     DOS =  2.729296 states/spin/Ry/Unit Cell at Ef=  8.004054 eV
     double delta at Ef = 13.387390
     lambda(    1)=  0.1014   gamma=    6.43 GHz
     lambda(    2)=  0.0718   gamma=    5.68 GHz
     lambda(    3)=  0.1960   gamma=   36.04 GHz
 
     Number of q in the star =   24
     List of q in the star:
          1   0.441941738   0.088388348   0.088388348
          2   0.088388348   0.441941738   0.088388348
          3   0.088388348   0.088388348   0.441941738
          4   0.088388348  -0.441941738   0.088388348
          5  -0.088388348   0.441941738   0.088388348
          6   0.088388348  -0.088388348   0.441941738
          7  -0.088388348  -0.088388348  -0.441941738
          8   0.088388348   0.088388348  -0.441941738
          9  -0.088388348   0.088388348   0.441941738
         10  -0.441941738   0.088388348   0.088388348
         11  -0.441941738  -0.088388348  -0.088388348
         12   0.441941738   0.088388348  -0.088388348
         13   0.441941738  -0.088388348   0.088388348
         14  -0.441941738  -0.088388348   0.088388348
         15  -0.088388348   0.088388348  -0.441941738
         16   0.088388348  -0.088388348  -0.441941738
         17  -0.088388348  -0.088388348   0.441941738
         18  -0.441941738   0.088388348  -0.088388348
         19   0.088388348  -0.441941738  -0.088388348
         20  -0.088388348  -0.441941738   0.088388348
         21  -0.088388348   0.441941738  -0.088388348
         22   0.441941738  -0.088388348  -0.088388348
         23   0.088388348   0.441941738  -0.088388348
         24  -0.088388348  -0.441941738  -0.088388348

     Calculation of q =   -0.0883883  -0.4419417   0.6187184
     [opt_tetra]  Optimized tetrahedron method is used.
 
     G-vector sticks info
     --------------------
     sticks:   dense  smooth     PW     G-vecs:    dense   smooth      PW
     Sum         559     283    121                 8801     3119     941
 
     Using Slab Decomposition
 

     Title: 
     Electron-phonon                                                            


     bravais-lattice index     =            0
     lattice parameter (alat)  =       5.3877  a.u.
     unit-cell volume          =     110.5871 (a.u.)^3
     number of atoms/cell      =            1
     number of atomic types    =            1
     number of electrons       =         3.00
     number of Kohn-Sham states=            6
     kinetic-energy cutoff     =      35.0000  Ry
     charge density cutoff     =     280.0000  Ry
     Exchange-correlation= PBE
                           (   1   4   3   4   0   0   0)

     celldm(1)=   5.387739  celldm(2)=   0.000000  celldm(3)=   0.000000
     celldm(4)=   0.000000  celldm(5)=   0.000000  celldm(6)=   0.000000

     crystal axes: (cart. coord. in units of alat)
               a(1) = (   0.000000   0.707107   0.707107 )  
               a(2) = (   0.707107   0.000000   0.707107 )  
               a(3) = (   0.707107   0.707107   0.000000 )  

     reciprocal axes: (cart. coord. in units 2 pi/alat)
               b(1) = ( -0.707107  0.707107  0.707107 )  
               b(2) = (  0.707107 -0.707107  0.707107 )  
               b(3) = (  0.707107  0.707107 -0.707107 )  


     PseudoPot. # 1 for Al read from file:
     ./Al.pbe-n-rrkjus_psl.0.1.UPF
     MD5 check sum: 6479f6627750700cef6db36d98bbe09a
     Pseudo is Ultrasoft + core correction, Zval =  3.0
     Generated using "atomic" code by A. Dal Corso  v.5.0.99 svn rev. 10869
     Using radial grid of 1135 points,  4 beta functions with: 
                l(1) =   0
                l(2) =   0
                l(3) =   1
                l(4) =   1
     Q(r) pseudized with 0 coefficients 


     atomic species   valence    mass     pseudopotential
     Al                3.00    26.98154     Al( 1.00)

     48 Sym. Ops., with inversion, found



   Cartesian axes

     site n.     atom                  positions (alat units)
         1        Al     tau(   1) = (   0.0000000   0.0000000   0.0000000  )

     number of k points=  8192 (tetrahedron method)

     Number of k-points >= 100: set verbosity='high' to print them.

     Dense  grid:     8801 G-vectors     FFT dimensions: (  30,  30,  30)

     Smooth grid:     3119 G-vectors     FFT dimensions: (  24,  24,  24)

     Estimated max dynamical RAM per process >       4.49 MB

     Estimated total dynamical RAM >       2.52 GB

     Check: negative core charge=   -0.000003

     The potential is recalculated from file :
     ./_ph0/pwscf.q_6/pwscf.save/charge-density

     Starting wfcs are    4 atomic +    2 random wfcs

     Band Structure Calculation
     Davidson diagonalization with overlap

     ethr =  3.33E-10,  avg # of iterations = 17.9

     total cpu time spent up to now is       14.8 secs

     End of band structure calculation

     Number of k-points >= 100: set verbosity='high' to print the bands.

     the Fermi energy is     8.0041 ev
 
     [dfpt_tetra]  Dos(E_F)[/Ry] :   0.5458592E+01

     Electron-phonon                                                            

     bravais-lattice index     =            0
     lattice parameter (alat)  =       5.3877  a.u.
     unit-cell volume          =     110.5871 (a.u.)^3
     number of atoms/cell      =            1
     number of atomic types    =            1
     kinetic-energy cut-off    =      35.0000  Ry
     charge density cut-off    =     280.0000  Ry
     convergence threshold     =      1.0E-12
     beta                      =       0.7000
     number of iterations used =            4
     Exchange-correlation= PBE
                           (   1   4   3   4   0   0   0)


     celldm(1)=    5.38774  celldm(2)=    0.00000  celldm(3)=    0.00000
     celldm(4)=    0.00000  celldm(5)=    0.00000  celldm(6)=    0.00000

     crystal axes: (cart. coord. in units of alat)
               a(1) = (  0.0000  0.7071  0.7071 )  
               a(2) = (  0.7071  0.0000  0.7071 )  
               a(3) = (  0.7071  0.7071  0.0000 )  

     reciprocal axes: (cart. coord. in units 2 pi/alat)
               b(1) = ( -0.7071  0.7071  0.7071 )  
               b(2) = (  0.7071 -0.7071  0.7071 )  
               b(3) = (  0.7071  0.7071 -0.7071 )  


     Atoms inside the unit cell: 

     Cartesian axes

     site n.  atom      mass           positions (alat units)
        1  Al     26.9815   tau(    1) = (    0.00000    0.00000    0.00000  )

     Computing dynamical matrix for 
                    q = (  -0.0883883  -0.4419417   0.6187184 )
 
     No symmetry!

     G cutoff =  205.8787  (   8801 G-vectors)     FFT grid: ( 30, 30, 30)
     G cutoff =  102.9393  (   3119 G-vectors)  smooth grid: ( 24, 24, 24)
     number of k points=  8192

     PseudoPot. # 1 for Al read from file:
     ./Al.pbe-n-rrkjus_psl.0.1.UPF
     MD5 check sum: 6479f6627750700cef6db36d98bbe09a
     Pseudo is Ultrasoft + core correction, Zval =  3.0
     Generated using "atomic" code by A. Dal Corso  v.5.0.99 svn rev. 10869
     Using radial grid of 1135 points,  4 beta functions with: 
                l(1) =   0
                l(2) =   0
                l(3) =   1
                l(4) =   1
     Q(r) pseudized with 0 coefficients 



     Atomic displacements:
     There are    3 irreducible representations

     Representation     1      1 modes -  To be done

     Representation     2      1 modes -  To be done

     Representation     3      1 modes -  To be done


     PHONON       :     17.91s CPU     19.64s WALL

     Reading dVscf from file dv
     Reading dynamics matrix from file matdyn6

     Diagonalizing the dynamical matrix

     q = (   -0.088388348  -0.441941738   0.618718434 ) 

 **************************************************************************
     freq (    1) =       5.955318 [THz] =     198.648033 [cm-1]
     freq (    2) =       7.631576 [THz] =     254.561978 [cm-1]
     freq (    3) =       8.912345 [THz] =     297.283819 [cm-1]
 **************************************************************************

     [elph_tetra]   Lowest band which contains FS :          2
     [elph_tetra]  Highest band which contains FS :          3
     [elph_tetra]    # of bands which contains FS :          2
 
     Tetrahedron method
     DOS =  2.729296 states/spin/Ry/Unit Cell at Ef=  8.004054 eV
     double delta at Ef = 15.107388
     lambda(    1)=  0.1281   gamma=   11.84 GHz
     lambda(    2)=  0.1181   gamma=   17.92 GHz
     lambda(    3)=  0.1561   gamma=   32.32 GHz
 
     Number of q in the star =   48
     List of q in the star:
          1  -0.088388348  -0.441941738   0.618718434
          2  -0.088388348   0.618718434  -0.441941738
          3   0.618718434  -0.088388348  -0.441941738
          4  -0.441941738   0.618718434  -0.088388348
          5   0.618718434  -0.441941738  -0.088388348
          6  -0.441941738  -0.088388348   0.618718434
          7  -0.441941738   0.088388348   0.618718434
          8   0.441941738  -0.088388348   0.618718434
          9   0.618718434   0.441941738  -0.088388348
         10  -0.618718434   0.441941738   0.088388348
         11   0.618718434  -0.441941738   0.088388348
         12  -0.618718434  -0.441941738  -0.088388348
         13   0.088388348   0.618718434  -0.441941738
         14   0.088388348  -0.618718434   0.441941738
         15  -0.088388348   0.618718434   0.441941738
         16  -0.088388348  -0.618718434  -0.441941738
         17   0.088388348   0.441941738   0.618718434
         18   0.441941738   0.618718434   0.088388348
         19  -0.441941738  -0.618718434   0.088388348
         20   0.441941738  -0.618718434  -0.088388348
         21   0.088388348  -0.441941738  -0.618718434
         22   0.618718434   0.088388348   0.441941738
         23  -0.618718434   0.088388348  -0.441941738
         24  -0.618718434  -0.088388348   0.441941738
         25   0.088388348   0.441941738  -0.618718434
         26  -0.088388348  -0.441941738  -0.618718434
         27  -0.088388348   0.441941738   0.618718434
         28   0.088388348  -0.441941738   0.618718434
         29   0.441941738   0.088388348   0.618718434
         30  -0.088388348   0.441941738  -0.618718434
         31   0.441941738  -0.088388348  -0.618718434
         32  -0.441941738   0.088388348  -0.618718434
         33  -0.618718434  -0.441941738   0.088388348
         34  -0.441941738  -0.088388348  -0.618718434
         35  -0.618718434   0.441941738  -0.088388348
         36   0.618718434   0.441941738   0.088388348
         37  -0.088388348  -0.618718434   0.441941738
         38   0.441941738   0.088388348  -0.618718434
         39   0.088388348  -0.618718434  -0.441941738
         40   0.088388348   0.618718434   0.441941738
         41   0.441941738  -0.618718434   0.088388348
         42  -0.441941738  -0.618718434  -0.088388348
         43   0.441941738   0.618718434  -0.088388348
         44  -0.441941738   0.618718434   0.088388348
         45  -0.618718434   0.088388348   0.441941738
         46  -0.618718434  -0.088388348  -0.441941738
         47   0.618718434  -0.088388348   0.441941738
         48   0.618718434   0.088388348  -0.441941738

     Calculation of q =    0.0883883  -0.2651650   0.4419417
     [opt_tetra]  Optimized tetrahedron method is used.
 
     G-vector sticks info
     --------------------
     sticks:   dense  smooth     PW     G-vecs:    dense   smooth      PW
     Sum         559     283    121                 8801     3119     869
 
     Using Slab Decomposition
 

     Title: 
     Electron-phonon                                                            


     bravais-lattice index     =            0
     lattice parameter (alat)  =       5.3877  a.u.
     unit-cell volume          =     110.5871 (a.u.)^3
     number of atoms/cell      =            1
     number of atomic types    =            1
     number of electrons       =         3.00
     number of Kohn-Sham states=            6
     kinetic-energy cutoff     =      35.0000  Ry
     charge density cutoff     =     280.0000  Ry
     Exchange-correlation= PBE
                           (   1   4   3   4   0   0   0)

     celldm(1)=   5.387739  celldm(2)=   0.000000  celldm(3)=   0.000000
     celldm(4)=   0.000000  celldm(5)=   0.000000  celldm(6)=   0.000000

     crystal axes: (cart. coord. in units of alat)
               a(1) = (   0.000000   0.707107   0.707107 )  
               a(2) = (   0.707107   0.000000   0.707107 )  
               a(3) = (   0.707107   0.707107   0.000000 )  

     reciprocal axes: (cart. coord. in units 2 pi/alat)
               b(1) = ( -0.707107  0.707107  0.707107 )  
               b(2) = (  0.707107 -0.707107  0.707107 )  
               b(3) = (  0.707107  0.707107 -0.707107 )  


     PseudoPot. # 1 for Al read from file:
     ./Al.pbe-n-rrkjus_psl.0.1.UPF
     MD5 check sum: 6479f6627750700cef6db36d98bbe09a
     Pseudo is Ultrasoft + core correction, Zval =  3.0
     Generated using "atomic" code by A. Dal Corso  v.5.0.99 svn rev. 10869
     Using radial grid of 1135 points,  4 beta functions with: 
                l(1) =   0
                l(2) =   0
                l(3) =   1
                l(4) =   1
     Q(r) pseudized with 0 coefficients 


     atomic species   valence    mass     pseudopotential
     Al                3.00    26.98154     Al( 1.00)

     48 Sym. Ops., with inversion, found



   Cartesian axes

     site n.     atom                  positions (alat units)
         1        Al     tau(   1) = (   0.0000000   0.0000000   0.0000000  )

     number of k points=  8192 (tetrahedron method)

     Number of k-points >= 100: set verbosity='high' to print them.

     Dense  grid:     8801 G-vectors     FFT dimensions: (  30,  30,  30)

     Smooth grid:     3119 G-vectors     FFT dimensions: (  24,  24,  24)

     Estimated max dynamical RAM per process >       4.48 MB

     Estimated total dynamical RAM >       2.52 GB

     Check: negative core charge=   -0.000003

     The potential is recalculated from file :
     ./_ph0/pwscf.q_7/pwscf.save/charge-density

     Starting wfcs are    4 atomic +    2 random wfcs

     Band Structure Calculation
     Davidson diagonalization with overlap

     ethr =  3.33E-10,  avg # of iterations = 18.0

     total cpu time spent up to now is       18.2 secs

     End of band structure calculation

     Number of k-points >= 100: set verbosity='high' to print the bands.

     the Fermi energy is     8.0041 ev
 
     [dfpt_tetra]  Dos(E_F)[/Ry] :   0.5458592E+01

     Electron-phonon                                                            

     bravais-lattice index     =            0
     lattice parameter (alat)  =       5.3877  a.u.
     unit-cell volume          =     110.5871 (a.u.)^3
     number of atoms/cell      =            1
     number of atomic types    =            1
     kinetic-energy cut-off    =      35.0000  Ry
     charge density cut-off    =     280.0000  Ry
     convergence threshold     =      1.0E-12
     beta                      =       0.7000
     number of iterations used =            4
     Exchange-correlation= PBE
                           (   1   4   3   4   0   0   0)


     celldm(1)=    5.38774  celldm(2)=    0.00000  celldm(3)=    0.00000
     celldm(4)=    0.00000  celldm(5)=    0.00000  celldm(6)=    0.00000

     crystal axes: (cart. coord. in units of alat)
               a(1) = (  0.0000  0.7071  0.7071 )  
               a(2) = (  0.7071  0.0000  0.7071 )  
               a(3) = (  0.7071  0.7071  0.0000 )  

     reciprocal axes: (cart. coord. in units 2 pi/alat)
               b(1) = ( -0.7071  0.7071  0.7071 )  
               b(2) = (  0.7071 -0.7071  0.7071 )  
               b(3) = (  0.7071  0.7071 -0.7071 )  


     Atoms inside the unit cell: 

     Cartesian axes

     site n.  atom      mass           positions (alat units)
        1  Al     26.9815   tau(    1) = (    0.00000    0.00000    0.00000  )

     Computing dynamical matrix for 
                    q = (   0.0883883  -0.2651650   0.4419417 )
 
     No symmetry!

     G cutoff =  205.8787  (   8801 G-vectors)     FFT grid: ( 30, 30, 30)
     G cutoff =  102.9393  (   3119 G-vectors)  smooth grid: ( 24, 24, 24)
     number of k points=  8192

     PseudoPot. # 1 for Al read from file:
     ./Al.pbe-n-rrkjus_psl.0.1.UPF
     MD5 check sum: 6479f6627750700cef6db36d98bbe09a
     Pseudo is Ultrasoft + core correction, Zval =  3.0
     Generated using "atomic" code by A. Dal Corso  v.5.0.99 svn rev. 10869
     Using radial grid of 1135 points,  4 beta functions with: 
                l(1) =   0
                l(2) =   0
                l(3) =   1
                l(4) =   1
     Q(r) pseudized with 0 coefficients 



     Atomic displacements:
     There are    3 irreducible representations

     Representation     1      1 modes -  To be done

     Representation     2      1 modes -  To be done

     Representation     3      1 modes -  To be done


     PHONON       :     21.74s CPU     23.80s WALL

     Reading dVscf from file dv
     Reading dynamics matrix from file matdyn7

     Diagonalizing the dynamical matrix

     q = (    0.088388348  -0.265165043   0.441941738 ) 

 **************************************************************************
     freq (    1) =       5.077260 [THz] =     169.359175 [cm-1]
     freq (    2) =       6.387641 [THz] =     213.068774 [cm-1]
     freq (    3) =       8.905314 [THz] =     297.049303 [cm-1]
 **************************************************************************

     [elph_tetra]   Lowest band which contains FS :          2
     [elph_tetra]  Highest band which contains FS :          3
     [elph_tetra]    # of bands which contains FS :          2
 
     Tetrahedron method
     DOS =  2.729296 states/spin/Ry/Unit Cell at Ef=  8.004054 eV
     double delta at Ef = 14.077796
     lambda(    1)=  0.0560   gamma=    3.76 GHz
     lambda(    2)=  0.0753   gamma=    8.01 GHz
     lambda(    3)=  0.1926   gamma=   39.81 GHz
 
     Number of q in the star =   48
     List of q in the star:
          1   0.088388348  -0.265165043   0.441941738
          2   0.088388348   0.441941738  -0.265165043
          3   0.441941738   0.088388348  -0.265165043
          4  -0.265165043   0.441941738   0.088388348
          5   0.441941738  -0.265165043   0.088388348
          6  -0.265165043   0.088388348   0.441941738
          7  -0.265165043  -0.088388348   0.441941738
          8   0.265165043   0.088388348   0.441941738
          9   0.441941738   0.265165043   0.088388348
         10  -0.441941738   0.265165043  -0.088388348
         11   0.441941738  -0.265165043  -0.088388348
         12  -0.441941738  -0.265165043   0.088388348
         13  -0.088388348   0.441941738  -0.265165043
         14  -0.088388348  -0.441941738   0.265165043
         15   0.088388348   0.441941738   0.265165043
         16   0.088388348  -0.441941738  -0.265165043
         17  -0.088388348   0.265165043   0.441941738
         18   0.265165043   0.441941738  -0.088388348
         19  -0.265165043  -0.441941738  -0.088388348
         20   0.265165043  -0.441941738   0.088388348
         21  -0.088388348  -0.265165043  -0.441941738
         22   0.441941738  -0.088388348   0.265165043
         23  -0.441941738  -0.088388348  -0.265165043
         24  -0.441941738   0.088388348   0.265165043
         25  -0.088388348   0.265165043  -0.441941738
         26   0.088388348  -0.265165043  -0.441941738
         27   0.088388348   0.265165043   0.441941738
         28  -0.088388348  -0.265165043   0.441941738
         29   0.265165043  -0.088388348   0.441941738
         30   0.088388348   0.265165043  -0.441941738
         31   0.265165043   0.088388348  -0.441941738
         32  -0.265165043  -0.088388348  -0.441941738
         33  -0.441941738  -0.265165043  -0.088388348
         34  -0.265165043   0.088388348  -0.441941738
         35  -0.441941738   0.265165043   0.088388348
         36   0.441941738   0.265165043  -0.088388348
         37   0.088388348  -0.441941738   0.265165043
         38   0.265165043  -0.088388348  -0.441941738
         39  -0.088388348  -0.441941738  -0.265165043
         40  -0.088388348   0.441941738   0.265165043
         41   0.265165043  -0.441941738  -0.088388348
         42  -0.265165043  -0.441941738   0.088388348
         43   0.265165043   0.441941738   0.088388348
         44  -0.265165043   0.441941738  -0.088388348
         45  -0.441941738  -0.088388348   0.265165043
         46  -0.441941738   0.088388348  -0.265165043
         47   0.441941738   0.088388348   0.265165043
         48   0.441941738  -0.088388348  -0.265165043

     Calculation of q =   -0.6187184   0.0883883   0.0883883
     [opt_tetra]  Optimized tetrahedron method is used.
 
     G-vector sticks info
     --------------------
     sticks:   dense  smooth     PW     G-vecs:    dense   smooth      PW
     Sum         559     283    121                 8801     3119     869
 
     Using Slab Decomposition
 

     Title: 
     Electron-phonon                                                            


     bravais-lattice index     =            0
     lattice parameter (alat)  =       5.3877  a.u.
     unit-cell volume          =     110.5871 (a.u.)^3
     number of atoms/cell      =            1
     number of atomic types    =            1
     number of electrons       =         3.00
     number of Kohn-Sham states=            6
     kinetic-energy cutoff     =      35.0000  Ry
     charge density cutoff     =     280.0000  Ry
     Exchange-correlation= PBE
                           (   1   4   3   4   0   0   0)

     celldm(1)=   5.387739  celldm(2)=   0.000000  celldm(3)=   0.000000
     celldm(4)=   0.000000  celldm(5)=   0.000000  celldm(6)=   0.000000

     crystal axes: (cart. coord. in units of alat)
               a(1) = (   0.000000   0.707107   0.707107 )  
               a(2) = (   0.707107   0.000000   0.707107 )  
               a(3) = (   0.707107   0.707107   0.000000 )  

     reciprocal axes: (cart. coord. in units 2 pi/alat)
               b(1) = ( -0.707107  0.707107  0.707107 )  
               b(2) = (  0.707107 -0.707107  0.707107 )  
               b(3) = (  0.707107  0.707107 -0.707107 )  


     PseudoPot. # 1 for Al read from file:
     ./Al.pbe-n-rrkjus_psl.0.1.UPF
     MD5 check sum: 6479f6627750700cef6db36d98bbe09a
     Pseudo is Ultrasoft + core correction, Zval =  3.0
     Generated using "atomic" code by A. Dal Corso  v.5.0.99 svn rev. 10869
     Using radial grid of 1135 points,  4 beta functions with: 
                l(1) =   0
                l(2) =   0
                l(3) =   1
                l(4) =   1
     Q(r) pseudized with 0 coefficients 


     atomic species   valence    mass     pseudopotential
     Al                3.00    26.98154     Al( 1.00)

     48 Sym. Ops., with inversion, found



   Cartesian axes

     site n.     atom                  positions (alat units)
         1        Al     tau(   1) = (   0.0000000   0.0000000   0.0000000  )

     number of k points=  4352 (tetrahedron method)

     Number of k-points >= 100: set verbosity='high' to print them.

     Dense  grid:     8801 G-vectors     FFT dimensions: (  30,  30,  30)

     Smooth grid:     3119 G-vectors     FFT dimensions: (  24,  24,  24)

     Estimated max dynamical RAM per process >       4.20 MB

     Estimated total dynamical RAM >       2.36 GB

     Check: negative core charge=   -0.000003

     The potential is recalculated from file :
     ./_ph0/pwscf.q_8/pwscf.save/charge-density

     Starting wfcs are    4 atomic +    2 random wfcs

     Band Structure Calculation
     Davidson diagonalization with overlap

     ethr =  3.33E-10,  avg # of iterations = 18.1

     total cpu time spent up to now is       20.5 secs

     End of band structure calculation

     Number of k-points >= 100: set verbosity='high' to print the bands.

     the Fermi energy is     8.0041 ev
 
     [dfpt_tetra]  Dos(E_F)[/Ry] :   0.5458592E+01

     Electron-phonon                                                            

     bravais-lattice index     =            0
     lattice parameter (alat)  =       5.3877  a.u.
     unit-cell volume          =     110.5871 (a.u.)^3
     number of atoms/cell      =            1
     number of atomic types    =            1
     kinetic-energy cut-off    =      35.0000  Ry
     charge density cut-off    =     280.0000  Ry
     convergence threshold     =      1.0E-12
     beta                      =       0.7000
     number of iterations used =            4
     Exchange-correlation= PBE
                           (   1   4   3   4   0   0   0)


     celldm(1)=    5.38774  celldm(2)=    0.00000  celldm(3)=    0.00000
     celldm(4)=    0.00000  celldm(5)=    0.00000  celldm(6)=    0.00000

     crystal axes: (cart. coord. in units of alat)
               a(1) = (  0.0000  0.7071  0.7071 )  
               a(2) = (  0.7071  0.0000  0.7071 )  
               a(3) = (  0.7071  0.7071  0.0000 )  

     reciprocal axes: (cart. coord. in units 2 pi/alat)
               b(1) = ( -0.7071  0.7071  0.7071 )  
               b(2) = (  0.7071 -0.7071  0.7071 )  
               b(3) = (  0.7071  0.7071 -0.7071 )  


     Atoms inside the unit cell: 

     Cartesian axes

     site n.  atom      mass           positions (alat units)
        1  Al     26.9815   tau(    1) = (    0.00000    0.00000    0.00000  )

     Computing dynamical matrix for 
                    q = (  -0.6187184   0.0883883   0.0883883 )
 
      2 Sym.Ops. (no q -> -q+G )


     G cutoff =  205.8787  (   8801 G-vectors)     FFT grid: ( 30, 30, 30)
     G cutoff =  102.9393  (   3119 G-vectors)  smooth grid: ( 24, 24, 24)
     number of k points=  4352

     PseudoPot. # 1 for Al read from file:
     ./Al.pbe-n-rrkjus_psl.0.1.UPF
     MD5 check sum: 6479f6627750700cef6db36d98bbe09a
     Pseudo is Ultrasoft + core correction, Zval =  3.0
     Generated using "atomic" code by A. Dal Corso  v.5.0.99 svn rev. 10869
     Using radial grid of 1135 points,  4 beta functions with: 
                l(1) =   0
                l(2) =   0
                l(3) =   1
                l(4) =   1
     Q(r) pseudized with 0 coefficients 



     Atomic displacements:
     There are    3 irreducible representations

     Representation     1      1 modes -  To be done

     Representation     2      1 modes -  To be done

     Representation     3      1 modes -  To be done


     PHONON       :     24.49s CPU     26.86s WALL

     Reading dVscf from file dv
     Reading dynamics matrix from file matdyn8

     Diagonalizing the dynamical matrix

     q = (   -0.618718434   0.088388348   0.088388348 ) 

 **************************************************************************
     freq (    1) =       5.830103 [THz] =     194.471313 [cm-1]
     freq (    2) =       6.443077 [THz] =     214.917906 [cm-1]
     freq (    3) =       9.466118 [THz] =     315.755712 [cm-1]
 **************************************************************************

     [elph_tetra]   Lowest band which contains FS :          2
     [elph_tetra]  Highest band which contains FS :          3
     [elph_tetra]    # of bands which contains FS :          2
 
     Tetrahedron method
     DOS =  2.729296 states/spin/Ry/Unit Cell at Ef=  8.004054 eV
     double delta at Ef = 11.989427
     lambda(    1)=  0.0870   gamma=    7.71 GHz
     lambda(    2)=  0.0928   gamma=   10.04 GHz
     lambda(    3)=  0.1582   gamma=   36.95 GHz
 
     Number of q in the star =   24
     List of q in the star:
          1  -0.618718434   0.088388348   0.088388348
          2   0.088388348  -0.618718434   0.088388348
          3   0.088388348   0.088388348  -0.618718434
          4   0.088388348   0.618718434   0.088388348
          5  -0.088388348  -0.618718434   0.088388348
          6   0.088388348  -0.088388348  -0.618718434
          7  -0.088388348  -0.088388348   0.618718434
          8   0.088388348   0.088388348   0.618718434
          9  -0.088388348   0.088388348  -0.618718434
         10   0.618718434   0.088388348   0.088388348
         11   0.618718434  -0.088388348  -0.088388348
         12  -0.618718434   0.088388348  -0.088388348
         13  -0.618718434  -0.088388348   0.088388348
         14   0.618718434  -0.088388348   0.088388348
         15  -0.088388348   0.088388348   0.618718434
         16   0.088388348  -0.088388348   0.618718434
         17  -0.088388348  -0.088388348  -0.618718434
         18   0.618718434   0.088388348  -0.088388348
         19   0.088388348   0.618718434  -0.088388348
         20  -0.088388348   0.618718434   0.088388348
         21  -0.088388348  -0.618718434  -0.088388348
         22  -0.618718434  -0.088388348  -0.088388348
         23   0.088388348  -0.618718434  -0.088388348
         24  -0.088388348   0.618718434  -0.088388348

     Calculation of q =    0.2651650   0.2651650   0.2651650
     [opt_tetra]  Optimized tetrahedron method is used.
 
     G-vector sticks info
     --------------------
     sticks:   dense  smooth     PW     G-vecs:    dense   smooth      PW
     Sum         559     283    109                 8801     3119     749
 
     Using Slab Decomposition
 

     Title: 
     Electron-phonon                                                            


     bravais-lattice index     =            0
     lattice parameter (alat)  =       5.3877  a.u.
     unit-cell volume          =     110.5871 (a.u.)^3
     number of atoms/cell      =            1
     number of atomic types    =            1
     number of electrons       =         3.00
     number of Kohn-Sham states=            6
     kinetic-energy cutoff     =      35.0000  Ry
     charge density cutoff     =     280.0000  Ry
     Exchange-correlation= PBE
                           (   1   4   3   4   0   0   0)

     celldm(1)=   5.387739  celldm(2)=   0.000000  celldm(3)=   0.000000
     celldm(4)=   0.000000  celldm(5)=   0.000000  celldm(6)=   0.000000

     crystal axes: (cart. coord. in units of alat)
               a(1) = (   0.000000   0.707107   0.707107 )  
               a(2) = (   0.707107   0.000000   0.707107 )  
               a(3) = (   0.707107   0.707107   0.000000 )  

     reciprocal axes: (cart. coord. in units 2 pi/alat)
               b(1) = ( -0.707107  0.707107  0.707107 )  
               b(2) = (  0.707107 -0.707107  0.707107 )  
               b(3) = (  0.707107  0.707107 -0.707107 )  


     PseudoPot. # 1 for Al read from file:
     ./Al.pbe-n-rrkjus_psl.0.1.UPF
     MD5 check sum: 6479f6627750700cef6db36d98bbe09a
     Pseudo is Ultrasoft + core correction, Zval =  3.0
     Generated using "atomic" code by A. Dal Corso  v.5.0.99 svn rev. 10869
     Using radial grid of 1135 points,  4 beta functions with: 
                l(1) =   0
                l(2) =   0
                l(3) =   1
                l(4) =   1
     Q(r) pseudized with 0 coefficients 


     atomic species   valence    mass     pseudopotential
     Al                3.00    26.98154     Al( 1.00)

     48 Sym. Ops., with inversion, found



   Cartesian axes

     site n.     atom                  positions (alat units)
         1        Al     tau(   1) = (   0.0000000   0.0000000   0.0000000  )

     number of k points=  1632 (tetrahedron method)

     Number of k-points >= 100: set verbosity='high' to print them.

     Dense  grid:     8801 G-vectors     FFT dimensions: (  30,  30,  30)

     Smooth grid:     3119 G-vectors     FFT dimensions: (  24,  24,  24)

     Estimated max dynamical RAM per process >       4.05 MB

     Estimated total dynamical RAM >       2.28 GB

     Check: negative core charge=   -0.000003

     The potential is recalculated from file :
     ./_ph0/pwscf.q_9/pwscf.save/charge-density

     Starting wfcs are    4 atomic +    2 random wfcs

     Band Structure Calculation
     Davidson diagonalization with overlap

     ethr =  3.33E-10,  avg # of iterations = 18.3

     total cpu time spent up to now is       22.4 secs

     End of band structure calculation

     Number of k-points >= 100: set verbosity='high' to print the bands.

     the Fermi energy is     8.0041 ev
 
     [dfpt_tetra]  Dos(E_F)[/Ry] :   0.5458592E+01

     Electron-phonon                                                            

     bravais-lattice index     =            0
     lattice parameter (alat)  =       5.3877  a.u.
     unit-cell volume          =     110.5871 (a.u.)^3
     number of atoms/cell      =            1
     number of atomic types    =            1
     kinetic-energy cut-off    =      35.0000  Ry
     charge density cut-off    =     280.0000  Ry
     convergence threshold     =      1.0E-12
     beta                      =       0.7000
     number of iterations used =            4
     Exchange-correlation= PBE
                           (   1   4   3   4   0   0   0)


     celldm(1)=    5.38774  celldm(2)=    0.00000  celldm(3)=    0.00000
     celldm(4)=    0.00000  celldm(5)=    0.00000  celldm(6)=    0.00000

     crystal axes: (cart. coord. in units of alat)
               a(1) = (  0.0000  0.7071  0.7071 )  
               a(2) = (  0.7071  0.0000  0.7071 )  
               a(3) = (  0.7071  0.7071  0.0000 )  

     reciprocal axes: (cart. coord. in units 2 pi/alat)
               b(1) = ( -0.7071  0.7071  0.7071 )  
               b(2) = (  0.7071 -0.7071  0.7071 )  
               b(3) = (  0.7071  0.7071 -0.7071 )  


     Atoms inside the unit cell: 

     Cartesian axes

     site n.  atom      mass           positions (alat units)
        1  Al     26.9815   tau(    1) = (    0.00000    0.00000    0.00000  )

     Computing dynamical matrix for 
                    q = (   0.2651650   0.2651650   0.2651650 )
 
      6 Sym.Ops. (no q -> -q+G )


     G cutoff =  205.8787  (   8801 G-vectors)     FFT grid: ( 30, 30, 30)
     G cutoff =  102.9393  (   3119 G-vectors)  smooth grid: ( 24, 24, 24)
     number of k points=  1632

     PseudoPot. # 1 for Al read from file:
     ./Al.pbe-n-rrkjus_psl.0.1.UPF
     MD5 check sum: 6479f6627750700cef6db36d98bbe09a
     Pseudo is Ultrasoft + core correction, Zval =  3.0
     Generated using "atomic" code by A. Dal Corso  v.5.0.99 svn rev. 10869
     Using radial grid of 1135 points,  4 beta functions with: 
                l(1) =   0
                l(2) =   0
                l(3) =   1
                l(4) =   1
     Q(r) pseudized with 0 coefficients 



     Atomic displacements:
     There are    2 irreducible representations

     Representation     1      1 modes -  To be done

     Representation     2      2 modes -  To be done


     PHONON       :     26.69s CPU     29.35s WALL

     Reading dVscf from file dv
     Reading dynamics matrix from file matdyn9

     Diagonalizing the dynamical matrix

     q = (    0.265165043   0.265165043   0.265165043 ) 

 **************************************************************************
     freq (    1) =       4.295110 [THz] =     143.269437 [cm-1]
     freq (    2) =       4.295110 [THz] =     143.269437 [cm-1]
     freq (    3) =       9.013327 [THz] =     300.652238 [cm-1]
 **************************************************************************

     [elph_tetra]   Lowest band which contains FS :          2
     [elph_tetra]  Highest band which contains FS :          3
     [elph_tetra]    # of bands which contains FS :          2
 
     Tetrahedron method
     DOS =  2.729296 states/spin/Ry/Unit Cell at Ef=  8.004054 eV
     double delta at Ef = 13.465076
     lambda(    1)=  0.0388   gamma=    1.86 GHz
     lambda(    2)=  0.0388   gamma=    1.86 GHz
     lambda(    3)=  0.2050   gamma=   43.41 GHz
 
     Number of q in the star =    8
     List of q in the star:
          1   0.265165043   0.265165043   0.265165043
          2   0.265165043  -0.265165043   0.265165043
          3  -0.265165043   0.265165043   0.265165043
          4  -0.265165043  -0.265165043  -0.265165043
          5   0.265165043   0.265165043  -0.265165043
          6  -0.265165043  -0.265165043   0.265165043
          7  -0.265165043   0.265165043  -0.265165043
          8   0.265165043  -0.265165043  -0.265165043

     Calculation of q =   -0.2651650  -0.2651650   0.7954951
     [opt_tetra]  Optimized tetrahedron method is used.
 
     G-vector sticks info
     --------------------
     sticks:   dense  smooth     PW     G-vecs:    dense   smooth      PW
     Sum         559     283    121                 8801     3119     941
 
     Using Slab Decomposition
 

     Title: 
     Electron-phonon                                                            


     bravais-lattice index     =            0
     lattice parameter (alat)  =       5.3877  a.u.
     unit-cell volume          =     110.5871 (a.u.)^3
     number of atoms/cell      =            1
     number of atomic types    =            1
     number of electrons       =         3.00
     number of Kohn-Sham states=            6
     kinetic-energy cutoff     =      35.0000  Ry
     charge density cutoff     =     280.0000  Ry
     Exchange-correlation= PBE
                           (   1   4   3   4   0   0   0)

     celldm(1)=   5.387739  celldm(2)=   0.000000  celldm(3)=   0.000000
     celldm(4)=   0.000000  celldm(5)=   0.000000  celldm(6)=   0.000000

     crystal axes: (cart. coord. in units of alat)
               a(1) = (   0.000000   0.707107   0.707107 )  
               a(2) = (   0.707107   0.000000   0.707107 )  
               a(3) = (   0.707107   0.707107   0.000000 )  

     reciprocal axes: (cart. coord. in units 2 pi/alat)
               b(1) = ( -0.707107  0.707107  0.707107 )  
               b(2) = (  0.707107 -0.707107  0.707107 )  
               b(3) = (  0.707107  0.707107 -0.707107 )  


     PseudoPot. # 1 for Al read from file:
     ./Al.pbe-n-rrkjus_psl.0.1.UPF
     MD5 check sum: 6479f6627750700cef6db36d98bbe09a
     Pseudo is Ultrasoft + core correction, Zval =  3.0
     Generated using "atomic" code by A. Dal Corso  v.5.0.99 svn rev. 10869
     Using radial grid of 1135 points,  4 beta functions with: 
                l(1) =   0
                l(2) =   0
                l(3) =   1
                l(4) =   1
     Q(r) pseudized with 0 coefficients 


     atomic species   valence    mass     pseudopotential
     Al                3.00    26.98154     Al( 1.00)

     48 Sym. Ops., with inversion, found



   Cartesian axes

     site n.     atom                  positions (alat units)
         1        Al     tau(   1) = (   0.0000000   0.0000000   0.0000000  )

     number of k points=  4352 (tetrahedron method)

     Number of k-points >= 100: set verbosity='high' to print them.

     Dense  grid:     8801 G-vectors     FFT dimensions: (  30,  30,  30)

     Smooth grid:     3119 G-vectors     FFT dimensions: (  24,  24,  24)

     Estimated max dynamical RAM per process >       4.21 MB

     Estimated total dynamical RAM >       2.37 GB

     Check: negative core charge=   -0.000003

     The potential is recalculated from file :
     ./_ph0/pwscf.q_10/pwscf.save/charge-density

     Starting wfcs are    4 atomic +    2 random wfcs

     Band Structure Calculation
     Davidson diagonalization with overlap

     ethr =  3.33E-10,  avg # of iterations = 18.0

     total cpu time spent up to now is       24.7 secs

     End of band structure calculation

     Number of k-points >= 100: set verbosity='high' to print the bands.

     the Fermi energy is     8.0041 ev
 
     [dfpt_tetra]  Dos(E_F)[/Ry] :   0.5458592E+01

     Electron-phonon                                                            

     bravais-lattice index     =            0
     lattice parameter (alat)  =       5.3877  a.u.
     unit-cell volume          =     110.5871 (a.u.)^3
     number of atoms/cell      =            1
     number of atomic types    =            1
     kinetic-energy cut-off    =      35.0000  Ry
     charge density cut-off    =     280.0000  Ry
     convergence threshold     =      1.0E-12
     beta                      =       0.7000
     number of iterations used =            4
     Exchange-correlation= PBE
                           (   1   4   3   4   0   0   0)


     celldm(1)=    5.38774  celldm(2)=    0.00000  celldm(3)=    0.00000
     celldm(4)=    0.00000  celldm(5)=    0.00000  celldm(6)=    0.00000

     crystal axes: (cart. coord. in units of alat)
               a(1) = (  0.0000  0.7071  0.7071 )  
               a(2) = (  0.7071  0.0000  0.7071 )  
               a(3) = (  0.7071  0.7071  0.0000 )  

     reciprocal axes: (cart. coord. in units 2 pi/alat)
               b(1) = ( -0.7071  0.7071  0.7071 )  
               b(2) = (  0.7071 -0.7071  0.7071 )  
               b(3) = (  0.7071  0.7071 -0.7071 )  


     Atoms inside the unit cell: 

     Cartesian axes

     site n.  atom      mass           positions (alat units)
        1  Al     26.9815   tau(    1) = (    0.00000    0.00000    0.00000  )

     Computing dynamical matrix for 
                    q = (  -0.2651650  -0.2651650   0.7954951 )
 
      2 Sym.Ops. (no q -> -q+G )


     G cutoff =  205.8787  (   8801 G-vectors)     FFT grid: ( 30, 30, 30)
     G cutoff =  102.9393  (   3119 G-vectors)  smooth grid: ( 24, 24, 24)
     number of k points=  4352

     PseudoPot. # 1 for Al read from file:
     ./Al.pbe-n-rrkjus_psl.0.1.UPF
     MD5 check sum: 6479f6627750700cef6db36d98bbe09a
     Pseudo is Ultrasoft + core correction, Zval =  3.0
     Generated using "atomic" code by A. Dal Corso  v.5.0.99 svn rev. 10869
     Using radial grid of 1135 points,  4 beta functions with: 
                l(1) =   0
                l(2) =   0
                l(3) =   1
                l(4) =   1
     Q(r) pseudized with 0 coefficients 



     Atomic displacements:
     There are    3 irreducible representations

     Representation     1      1 modes -  To be done

     Representation     2      1 modes -  To be done

     Representation     3      1 modes -  To be done


     PHONON       :     29.27s CPU     32.28s WALL

     Reading dVscf from file dv
     Reading dynamics matrix from file matdyn10

     Diagonalizing the dynamical matrix

     q = (   -0.265165043  -0.265165043   0.795495129 ) 

 **************************************************************************
     freq (    1) =       5.346970 [THz] =     178.355738 [cm-1]
     freq (    2) =       7.551018 [THz] =     251.874835 [cm-1]
     freq (    3) =       9.115039 [THz] =     304.044982 [cm-1]
 **************************************************************************

     [elph_tetra]   Lowest band which contains FS :          2
     [elph_tetra]  Highest band which contains FS :          3
     [elph_tetra]    # of bands which contains FS :          2
 
     Tetrahedron method
     DOS =  2.729296 states/spin/Ry/Unit Cell at Ef=  8.004054 eV
     double delta at Ef = 12.952990
     lambda(    1)=  0.0427   gamma=    3.18 GHz
     lambda(    2)=  0.1319   gamma=   19.60 GHz
     lambda(    3)=  0.1584   gamma=   34.31 GHz
 
     Number of q in the star =   24
     List of q in the star:
          1  -0.265165043  -0.265165043   0.795495129
          2   0.795495129  -0.265165043  -0.265165043
          3  -0.265165043   0.795495129  -0.265165043
          4  -0.265165043   0.265165043   0.795495129
          5   0.265165043  -0.265165043   0.795495129
          6   0.795495129   0.265165043  -0.265165043
          7  -0.795495129   0.265165043   0.265165043
          8   0.795495129  -0.265165043   0.265165043
          9  -0.795495129  -0.265165043  -0.265165043
         10   0.265165043   0.795495129  -0.265165043
         11   0.265165043  -0.795495129   0.265165043
         12  -0.265165043   0.795495129   0.265165043
         13  -0.265165043  -0.795495129  -0.265165043
         14   0.265165043   0.265165043   0.795495129
         15   0.265165043   0.795495129   0.265165043
         16  -0.265165043  -0.795495129   0.265165043
         17   0.265165043  -0.795495129  -0.265165043
         18   0.265165043  -0.265165043  -0.795495129
         19   0.795495129   0.265165043   0.265165043
         20  -0.795495129   0.265165043  -0.265165043
         21  -0.795495129  -0.265165043   0.265165043
         22   0.265165043   0.265165043  -0.795495129
         23  -0.265165043  -0.265165043  -0.795495129
         24  -0.265165043   0.265165043  -0.795495129
 
     init_run     :      1.18s CPU      1.33s WALL (      10 calls)
     electrons    :     11.65s CPU     11.99s WALL (      10 calls)

     Called by init_run:
     wfcinit      :      0.00s CPU      0.10s WALL (      10 calls)
     potinit      :      0.45s CPU      0.50s WALL (      10 calls)
     hinit0       :      0.45s CPU      0.45s WALL (      10 calls)

     Called by electrons:
     c_bands      :     10.25s CPU     10.57s WALL (      10 calls)
     v_of_rho     :      0.37s CPU      0.38s WALL (      11 calls)
     newd         :      0.19s CPU      0.19s WALL (      11 calls)

     Called by c_bands:
     init_us_2    :      0.05s CPU      0.05s WALL (     348 calls)
     cegterg      :      6.41s CPU      6.65s WALL (     134 calls)

     Called by *egterg:
     cdiaghg      :      0.87s CPU      0.90s WALL (    2036 calls)
     h_psi        :      5.39s CPU      5.60s WALL (    2170 calls)
     s_psi        :      0.03s CPU      0.04s WALL (    2170 calls)
     g_psi        :      0.02s CPU      0.02s WALL (    1948 calls)

     Called by h_psi:
     h_psi:calbec :      0.13s CPU      0.14s WALL (    2170 calls)
     vloc_psi     :      5.17s CPU      5.36s WALL (    2170 calls)
     add_vuspsi   :      0.03s CPU      0.04s WALL (    2170 calls)

     General routines
     calbec       :      0.14s CPU      0.15s WALL (    2654 calls)
     fft          :      0.36s CPU      0.37s WALL (     322 calls)
     ffts         :      0.16s CPU      0.17s WALL (     242 calls)
     fftw         :      5.65s CPU      5.83s WALL (   20500 calls)
     interpolate  :      0.17s CPU      0.18s WALL (      80 calls)
     davcio       :      0.01s CPU      0.01s WALL (      30 calls)
 
     Parallel routines
 
     PHONON       :     29.43s CPU     32.55s WALL

     INITIALIZATION: 
     phq_setup    :      1.52s CPU      1.61s WALL (      10 calls)
     phq_init     :      1.39s CPU      1.41s WALL (      10 calls)
 
     phq_init     :      1.39s CPU      1.41s WALL (      10 calls)
     set_drhoc    :      0.06s CPU      0.06s WALL (      10 calls)
     init_vloc    :      0.11s CPU      0.11s WALL (      11 calls)
     init_us_1    :      0.21s CPU      0.21s WALL (      11 calls)
     init_us_2    :      0.05s CPU      0.05s WALL (     348 calls)
     newd         :      0.19s CPU      0.19s WALL (      11 calls)
     dvanqq       :      0.79s CPU      0.79s WALL (      20 calls)
     drho         :      0.81s CPU      0.82s WALL (      10 calls)
     drhous       :      0.34s CPU      0.36s WALL (      10 calls)
     nldyntot     :      0.01s CPU      0.01s WALL (      10 calls)
     newdq        :      0.18s CPU      0.18s WALL (      28 calls)
     adddvscf     :      0.00s CPU      0.00s WALL (     132 calls)
     com_dvloc    :      0.08s CPU      0.09s WALL (     162 calls)
 
     dvqpsi_us    :      0.59s CPU      0.61s WALL (     132 calls)
     dvqpsi_us_on :      0.03s CPU      0.04s WALL (     132 calls)
 
     add_vuspsi   :      0.03s CPU      0.04s WALL (    2170 calls)
     addusdbec    :      0.01s CPU      0.01s WALL (     132 calls)
 
 
      Electron-phonon coupling
     elphon       :      1.07s CPU      1.11s WALL (      10 calls)
     elphel       :      0.79s CPU      0.81s WALL (      28 calls)
 
      General routines
     calbec       :      0.14s CPU      0.15s WALL (    2654 calls)
     fft          :      0.36s CPU      0.37s WALL (     322 calls)
     ffts         :      0.16s CPU      0.17s WALL (     242 calls)
     fftw         :      5.65s CPU      5.83s WALL (   20500 calls)
     davcio       :      0.01s CPU      0.01s WALL (      30 calls)
 
      Additional routines
     h_psi_bgrp   :      5.41s CPU      5.61s WALL (    2170 calls)
     h_psi        :      5.39s CPU      5.60s WALL (    2170 calls)
     h_psi:pot    :      5.36s CPU      5.56s WALL (    2170 calls)
     h_psi:calbec :      0.13s CPU      0.14s WALL (    2170 calls)
     s_psi_bgrp   :      0.06s CPU      0.07s WALL (    2170 calls)
     s_psi        :      0.03s CPU      0.04s WALL (    2170 calls)
 
 
     PHONON       :     29.43s CPU     32.55s WALL

 
   This run was terminated on:  23:25:14  30Sep2026            

=------------------------------------------------------------------------------=
   JOB DONE.
=------------------------------------------------------------------------------=
