
     Program PHONON v.7.6 starts on 30Sep2026 at 23:25:17 

     This program is part of the open-source Quantum ESPRESSO suite
     for quantum simulation of materials; please cite
         "P. Giannozzi et al., J. Phys.:Condens. Matter 21 395502 (2009);
         "P. Giannozzi et al., J. Phys.:Condens. Matter 29 465901 (2017);
         "P. Giannozzi et al., J. Chem. Phys. 152 154105 (2020);
          URL http://www.quantum-espresso.org", 
     in publications or presentations arising from this work. More details at
     http://www.quantum-espresso.org/quote

     Parallel version (MPI & OpenMP), running on     576 processor cores
     Number of MPI processes:               576
     Threads/MPI process:                     1

     MPI processes distributed on    12 nodes
     25857 MiB available memory on the printing compute node when the environment starts
 
     Reading input from epmat.in

     Reading xml data from directory:

     ./pwscf.save/
 
     K-points division:     npool     =     576
     Subspace diagonalization in iterative solution of the eigenvalue problem:
     a serial algorithm will be used


     IMPORTANT: XC functional enforced from input :
     Exchange-correlation= PBE
                           (   1   4   3   4   0   0   0)
     Any further DFT definition will be discarded
     Please, verify this is what you really want

 
     G-vector sticks info
     --------------------
     sticks:   dense  smooth     PW     G-vecs:    dense   smooth      PW
     Sum         559     283     91                 8801     3119     609
 
     Using Slab Decomposition
 

     Check: negative core charge=   -0.000003
     Message from routine divide_et_impera:
     suboptimal parallelization: some nodes have no k-points
     Reading collected, re-writing distributed wavefunctions in ./


     Dynamical matrices for ( 4, 4, 4)  uniform grid of q-points
     With a half shift  1  1  1
     (  10 q-points):
       N         xq(1)         xq(2)         xq(3) 
       1   0.088388348   0.088388348   0.088388348
       2   0.265165043   0.265165043  -0.088388348
       3  -0.265165043  -0.265165043   0.441941738
       4  -0.088388348  -0.088388348   0.265165043
       5   0.441941738   0.088388348   0.088388348
       6  -0.088388348  -0.441941738   0.618718434
       7   0.088388348  -0.265165043   0.441941738
       8  -0.618718434   0.088388348   0.088388348
       9   0.265165043   0.265165043   0.265165043
      10  -0.265165043  -0.265165043   0.795495129
     Because shifted q grid is used, q2r will not work !

     Saving dvscf to file. Distribute only q points, not irreducible representations.

     Calculation of q =    0.0883883   0.0883883   0.0883883
     Message from routine kpoint_grid:
     ATTENTION: skip check of k-points equivalence
     [opt_tetra]  Optimized tetrahedron method is used.
     Message from routine divide_et_impera:
     suboptimal parallelization: some nodes have no k-points
 
     G-vector sticks info
     --------------------
     sticks:   dense  smooth     PW     G-vecs:    dense   smooth      PW
     Sum         559     283     91                 8801     3119     609
 
     Using Slab Decomposition
 

     Title: 
     Electron-phonon matrix                                                     


     bravais-lattice index     =            0
     lattice parameter (alat)  =       5.3877  a.u.
     unit-cell volume          =     110.5871 (a.u.)^3
     number of atoms/cell      =            1
     number of atomic types    =            1
     number of electrons       =         3.00
     number of Kohn-Sham states=            6
     kinetic-energy cutoff     =      35.0000  Ry
     charge density cutoff     =     280.0000  Ry
     Exchange-correlation= PBE
                           (   1   4   3   4   0   0   0)

     celldm(1)=   5.387739  celldm(2)=   0.000000  celldm(3)=   0.000000
     celldm(4)=   0.000000  celldm(5)=   0.000000  celldm(6)=   0.000000

     crystal axes: (cart. coord. in units of alat)
               a(1) = (   0.000000   0.707107   0.707107 )  
               a(2) = (   0.707107   0.000000   0.707107 )  
               a(3) = (   0.707107   0.707107   0.000000 )  

     reciprocal axes: (cart. coord. in units 2 pi/alat)
               b(1) = ( -0.707107  0.707107  0.707107 )  
               b(2) = (  0.707107 -0.707107  0.707107 )  
               b(3) = (  0.707107  0.707107 -0.707107 )  


     PseudoPot. # 1 for Al read from file:
     ./Al.pbe-n-rrkjus_psl.0.1.UPF
     MD5 check sum: 6479f6627750700cef6db36d98bbe09a
     Pseudo is Ultrasoft + core correction, Zval =  3.0
     Generated using "atomic" code by A. Dal Corso  v.5.0.99 svn rev. 10869
     Using radial grid of 1135 points,  4 beta functions with: 
                l(1) =   0
                l(2) =   0
                l(3) =   1
                l(4) =   1
     Q(r) pseudized with 0 coefficients 


     atomic species   valence    mass     pseudopotential
     Al                3.00    26.98154     Al( 1.00)

     48 Sym. Ops., with inversion, found



   Cartesian axes

     site n.     atom                  positions (alat units)
         1        Al     tau(   1) = (   0.0000000   0.0000000   0.0000000  )

     number of k points=   128 (tetrahedron method)

     Number of k-points >= 100: set verbosity='high' to print them.

     Dense  grid:     8801 G-vectors     FFT dimensions: (  30,  30,  30)

     Smooth grid:     3119 G-vectors     FFT dimensions: (  24,  24,  24)

     Estimated max dynamical RAM per process >       3.98 MB

     Estimated total dynamical RAM >       2.24 GB

     Check: negative core charge=   -0.000003

     The potential is recalculated from file :
     ./_ph0/pwscf.q_1/pwscf.save/charge-density

     Starting wfcs are    4 atomic +    2 random wfcs

     Band Structure Calculation
     Davidson diagonalization with overlap

     ethr =  3.33E-10,  avg # of iterations = 18.2

     total cpu time spent up to now is        0.5 secs

     End of band structure calculation

     Number of k-points >= 100: set verbosity='high' to print the bands.

     the Fermi energy is     7.6661 ev
 
     [dfpt_tetra]  Dos(E_F)[/Ry] :   0.7008316E+01

     Electron-phonon matrix                                                     

     bravais-lattice index     =            0
     lattice parameter (alat)  =       5.3877  a.u.
     unit-cell volume          =     110.5871 (a.u.)^3
     number of atoms/cell      =            1
     number of atomic types    =            1
     kinetic-energy cut-off    =      35.0000  Ry
     charge density cut-off    =     280.0000  Ry
     convergence threshold     =      1.0E-12
     beta                      =       0.7000
     number of iterations used =            4
     Exchange-correlation= PBE
                           (   1   4   3   4   0   0   0)


     celldm(1)=    5.38774  celldm(2)=    0.00000  celldm(3)=    0.00000
     celldm(4)=    0.00000  celldm(5)=    0.00000  celldm(6)=    0.00000

     crystal axes: (cart. coord. in units of alat)
               a(1) = (  0.0000  0.7071  0.7071 )  
               a(2) = (  0.7071  0.0000  0.7071 )  
               a(3) = (  0.7071  0.7071  0.0000 )  

     reciprocal axes: (cart. coord. in units 2 pi/alat)
               b(1) = ( -0.7071  0.7071  0.7071 )  
               b(2) = (  0.7071 -0.7071  0.7071 )  
               b(3) = (  0.7071  0.7071 -0.7071 )  


     Atoms inside the unit cell: 

     Cartesian axes

     site n.  atom      mass           positions (alat units)
        1  Al     26.9815   tau(    1) = (    0.00000    0.00000    0.00000  )

     Computing dynamical matrix for 
                    q = (   0.0883883   0.0883883   0.0883883 )
 
      6 Sym.Ops. (no q -> -q+G )


     G cutoff =  205.8787  (   8801 G-vectors)     FFT grid: ( 30, 30, 30)
     G cutoff =  102.9393  (   3119 G-vectors)  smooth grid: ( 24, 24, 24)
     number of k points=   128

     PseudoPot. # 1 for Al read from file:
     ./Al.pbe-n-rrkjus_psl.0.1.UPF
     MD5 check sum: 6479f6627750700cef6db36d98bbe09a
     Pseudo is Ultrasoft + core correction, Zval =  3.0
     Generated using "atomic" code by A. Dal Corso  v.5.0.99 svn rev. 10869
     Using radial grid of 1135 points,  4 beta functions with: 
                l(1) =   0
                l(2) =   0
                l(3) =   1
                l(4) =   1
     Q(r) pseudized with 0 coefficients 



     Atomic displacements:
     There are    2 irreducible representations

     Representation     1      1 modes -  To be done

     Representation     2      2 modes -  To be done


     Message from routine init_vloc:
     Interpolation table for Vloc re-allocated
     PHONON       :      1.93s CPU      2.11s WALL

     Reading dVscf from file dv
     Reading dynamics matrix from file matdyn1

     Diagonalizing the dynamical matrix

     q = (    0.088388348   0.088388348   0.088388348 ) 

 **************************************************************************
     freq (    1) =       2.141435 [THz] =      71.430576 [cm-1]
     freq (    2) =       2.141435 [THz] =      71.430576 [cm-1]
     freq (    3) =       3.802460 [THz] =     126.836398 [cm-1]
 **************************************************************************
 [elph_scdft]  write elph.dat with symmetries (only on Fermi surfaces)
 [elph_scdft]   Lowest band which contains FS :  2
 [elph_scdft]  Highest band which contains FS :  3
 [elph_scdft]    # of bands which contains FS :  2

     Calculation of q =    0.2651650   0.2651650  -0.0883883
     Message from routine kpoint_grid:
     ATTENTION: skip check of k-points equivalence
     [opt_tetra]  Optimized tetrahedron method is used.
     Message from routine divide_et_impera:
     suboptimal parallelization: some nodes have no k-points
 
     G-vector sticks info
     --------------------
     sticks:   dense  smooth     PW     G-vecs:    dense   smooth      PW
     Sum         559     283    109                 8801     3119     725
 
     Using Slab Decomposition
 

     Title: 
     Electron-phonon matrix                                                     


     bravais-lattice index     =            0
     lattice parameter (alat)  =       5.3877  a.u.
     unit-cell volume          =     110.5871 (a.u.)^3
     number of atoms/cell      =            1
     number of atomic types    =            1
     number of electrons       =         3.00
     number of Kohn-Sham states=            6
     kinetic-energy cutoff     =      35.0000  Ry
     charge density cutoff     =     280.0000  Ry
     Exchange-correlation= PBE
                           (   1   4   3   4   0   0   0)

     celldm(1)=   5.387739  celldm(2)=   0.000000  celldm(3)=   0.000000
     celldm(4)=   0.000000  celldm(5)=   0.000000  celldm(6)=   0.000000

     crystal axes: (cart. coord. in units of alat)
               a(1) = (   0.000000   0.707107   0.707107 )  
               a(2) = (   0.707107   0.000000   0.707107 )  
               a(3) = (   0.707107   0.707107   0.000000 )  

     reciprocal axes: (cart. coord. in units 2 pi/alat)
               b(1) = ( -0.707107  0.707107  0.707107 )  
               b(2) = (  0.707107 -0.707107  0.707107 )  
               b(3) = (  0.707107  0.707107 -0.707107 )  


     PseudoPot. # 1 for Al read from file:
     ./Al.pbe-n-rrkjus_psl.0.1.UPF
     MD5 check sum: 6479f6627750700cef6db36d98bbe09a
     Pseudo is Ultrasoft + core correction, Zval =  3.0
     Generated using "atomic" code by A. Dal Corso  v.5.0.99 svn rev. 10869
     Using radial grid of 1135 points,  4 beta functions with: 
                l(1) =   0
                l(2) =   0
                l(3) =   1
                l(4) =   1
     Q(r) pseudized with 0 coefficients 


     atomic species   valence    mass     pseudopotential
     Al                3.00    26.98154     Al( 1.00)

     48 Sym. Ops., with inversion, found



   Cartesian axes

     site n.     atom                  positions (alat units)
         1        Al     tau(   1) = (   0.0000000   0.0000000   0.0000000  )

     number of k points=   128 (tetrahedron method)

     Number of k-points >= 100: set verbosity='high' to print them.

     Dense  grid:     8801 G-vectors     FFT dimensions: (  30,  30,  30)

     Smooth grid:     3119 G-vectors     FFT dimensions: (  24,  24,  24)

     Estimated max dynamical RAM per process >       3.98 MB

     Estimated total dynamical RAM >       2.24 GB

     Check: negative core charge=   -0.000003

     The potential is recalculated from file :
     ./_ph0/pwscf.q_2/pwscf.save/charge-density

     Starting wfcs are    4 atomic +    2 random wfcs

     Band Structure Calculation
     Davidson diagonalization with overlap

     ethr =  3.33E-10,  avg # of iterations = 18.3

     total cpu time spent up to now is        0.9 secs

     End of band structure calculation

     Number of k-points >= 100: set verbosity='high' to print the bands.

     the Fermi energy is     7.6661 ev
 
     [dfpt_tetra]  Dos(E_F)[/Ry] :   0.7008316E+01

     Electron-phonon matrix                                                     

     bravais-lattice index     =            0
     lattice parameter (alat)  =       5.3877  a.u.
     unit-cell volume          =     110.5871 (a.u.)^3
     number of atoms/cell      =            1
     number of atomic types    =            1
     kinetic-energy cut-off    =      35.0000  Ry
     charge density cut-off    =     280.0000  Ry
     convergence threshold     =      1.0E-12
     beta                      =       0.7000
     number of iterations used =            4
     Exchange-correlation= PBE
                           (   1   4   3   4   0   0   0)


     celldm(1)=    5.38774  celldm(2)=    0.00000  celldm(3)=    0.00000
     celldm(4)=    0.00000  celldm(5)=    0.00000  celldm(6)=    0.00000

     crystal axes: (cart. coord. in units of alat)
               a(1) = (  0.0000  0.7071  0.7071 )  
               a(2) = (  0.7071  0.0000  0.7071 )  
               a(3) = (  0.7071  0.7071  0.0000 )  

     reciprocal axes: (cart. coord. in units 2 pi/alat)
               b(1) = ( -0.7071  0.7071  0.7071 )  
               b(2) = (  0.7071 -0.7071  0.7071 )  
               b(3) = (  0.7071  0.7071 -0.7071 )  


     Atoms inside the unit cell: 

     Cartesian axes

     site n.  atom      mass           positions (alat units)
        1  Al     26.9815   tau(    1) = (    0.00000    0.00000    0.00000  )

     Computing dynamical matrix for 
                    q = (   0.2651650   0.2651650  -0.0883883 )
 
      2 Sym.Ops. (no q -> -q+G )


     G cutoff =  205.8787  (   8801 G-vectors)     FFT grid: ( 30, 30, 30)
     G cutoff =  102.9393  (   3119 G-vectors)  smooth grid: ( 24, 24, 24)
     number of k points=   128

     PseudoPot. # 1 for Al read from file:
     ./Al.pbe-n-rrkjus_psl.0.1.UPF
     MD5 check sum: 6479f6627750700cef6db36d98bbe09a
     Pseudo is Ultrasoft + core correction, Zval =  3.0
     Generated using "atomic" code by A. Dal Corso  v.5.0.99 svn rev. 10869
     Using radial grid of 1135 points,  4 beta functions with: 
                l(1) =   0
                l(2) =   0
                l(3) =   1
                l(4) =   1
     Q(r) pseudized with 0 coefficients 



     Atomic displacements:
     There are    3 irreducible representations

     Representation     1      1 modes -  To be done

     Representation     2      1 modes -  To be done

     Representation     3      1 modes -  To be done


     PHONON       :      2.54s CPU      2.91s WALL

     Reading dVscf from file dv
     Reading dynamics matrix from file matdyn2

     Diagonalizing the dynamical matrix

     q = (    0.265165043   0.265165043  -0.088388348 ) 

 **************************************************************************
     freq (    1) =       4.077155 [THz] =     135.999241 [cm-1]
     freq (    2) =       4.823936 [THz] =     160.909191 [cm-1]
     freq (    3) =       7.812954 [THz] =     260.612083 [cm-1]
 **************************************************************************
 [elph_scdft]  write elph.dat with symmetries (only on Fermi surfaces)
 [elph_scdft]   Lowest band which contains FS :  2
 [elph_scdft]  Highest band which contains FS :  3
 [elph_scdft]    # of bands which contains FS :  2

     Calculation of q =   -0.2651650  -0.2651650   0.4419417
     Message from routine kpoint_grid:
     ATTENTION: skip check of k-points equivalence
     [opt_tetra]  Optimized tetrahedron method is used.
     Message from routine divide_et_impera:
     suboptimal parallelization: some nodes have no k-points
 
     G-vector sticks info
     --------------------
     sticks:   dense  smooth     PW     G-vecs:    dense   smooth      PW
     Sum         559     283    121                 8801     3119     869
 
     Using Slab Decomposition
 

     Title: 
     Electron-phonon matrix                                                     


     bravais-lattice index     =            0
     lattice parameter (alat)  =       5.3877  a.u.
     unit-cell volume          =     110.5871 (a.u.)^3
     number of atoms/cell      =            1
     number of atomic types    =            1
     number of electrons       =         3.00
     number of Kohn-Sham states=            6
     kinetic-energy cutoff     =      35.0000  Ry
     charge density cutoff     =     280.0000  Ry
     Exchange-correlation= PBE
                           (   1   4   3   4   0   0   0)

     celldm(1)=   5.387739  celldm(2)=   0.000000  celldm(3)=   0.000000
     celldm(4)=   0.000000  celldm(5)=   0.000000  celldm(6)=   0.000000

     crystal axes: (cart. coord. in units of alat)
               a(1) = (   0.000000   0.707107   0.707107 )  
               a(2) = (   0.707107   0.000000   0.707107 )  
               a(3) = (   0.707107   0.707107   0.000000 )  

     reciprocal axes: (cart. coord. in units 2 pi/alat)
               b(1) = ( -0.707107  0.707107  0.707107 )  
               b(2) = (  0.707107 -0.707107  0.707107 )  
               b(3) = (  0.707107  0.707107 -0.707107 )  


     PseudoPot. # 1 for Al read from file:
     ./Al.pbe-n-rrkjus_psl.0.1.UPF
     MD5 check sum: 6479f6627750700cef6db36d98bbe09a
     Pseudo is Ultrasoft + core correction, Zval =  3.0
     Generated using "atomic" code by A. Dal Corso  v.5.0.99 svn rev. 10869
     Using radial grid of 1135 points,  4 beta functions with: 
                l(1) =   0
                l(2) =   0
                l(3) =   1
                l(4) =   1
     Q(r) pseudized with 0 coefficients 


     atomic species   valence    mass     pseudopotential
     Al                3.00    26.98154     Al( 1.00)

     48 Sym. Ops., with inversion, found



   Cartesian axes

     site n.     atom                  positions (alat units)
         1        Al     tau(   1) = (   0.0000000   0.0000000   0.0000000  )

     number of k points=   128 (tetrahedron method)

     Number of k-points >= 100: set verbosity='high' to print them.

     Dense  grid:     8801 G-vectors     FFT dimensions: (  30,  30,  30)

     Smooth grid:     3119 G-vectors     FFT dimensions: (  24,  24,  24)

     Estimated max dynamical RAM per process >       3.99 MB

     Estimated total dynamical RAM >       2.24 GB

     Check: negative core charge=   -0.000003

     The potential is recalculated from file :
     ./_ph0/pwscf.q_3/pwscf.save/charge-density

     Starting wfcs are    4 atomic +    2 random wfcs

     Band Structure Calculation
     Davidson diagonalization with overlap

     ethr =  3.33E-10,  avg # of iterations = 18.1

     total cpu time spent up to now is        1.3 secs

     End of band structure calculation

     Number of k-points >= 100: set verbosity='high' to print the bands.

     the Fermi energy is     7.6661 ev
 
     [dfpt_tetra]  Dos(E_F)[/Ry] :   0.7008316E+01

     Electron-phonon matrix                                                     

     bravais-lattice index     =            0
     lattice parameter (alat)  =       5.3877  a.u.
     unit-cell volume          =     110.5871 (a.u.)^3
     number of atoms/cell      =            1
     number of atomic types    =            1
     kinetic-energy cut-off    =      35.0000  Ry
     charge density cut-off    =     280.0000  Ry
     convergence threshold     =      1.0E-12
     beta                      =       0.7000
     number of iterations used =            4
     Exchange-correlation= PBE
                           (   1   4   3   4   0   0   0)


     celldm(1)=    5.38774  celldm(2)=    0.00000  celldm(3)=    0.00000
     celldm(4)=    0.00000  celldm(5)=    0.00000  celldm(6)=    0.00000

     crystal axes: (cart. coord. in units of alat)
               a(1) = (  0.0000  0.7071  0.7071 )  
               a(2) = (  0.7071  0.0000  0.7071 )  
               a(3) = (  0.7071  0.7071  0.0000 )  

     reciprocal axes: (cart. coord. in units 2 pi/alat)
               b(1) = ( -0.7071  0.7071  0.7071 )  
               b(2) = (  0.7071 -0.7071  0.7071 )  
               b(3) = (  0.7071  0.7071 -0.7071 )  


     Atoms inside the unit cell: 

     Cartesian axes

     site n.  atom      mass           positions (alat units)
        1  Al     26.9815   tau(    1) = (    0.00000    0.00000    0.00000  )

     Computing dynamical matrix for 
                    q = (  -0.2651650  -0.2651650   0.4419417 )
 
      2 Sym.Ops. (no q -> -q+G )


     G cutoff =  205.8787  (   8801 G-vectors)     FFT grid: ( 30, 30, 30)
     G cutoff =  102.9393  (   3119 G-vectors)  smooth grid: ( 24, 24, 24)
     number of k points=   128

     PseudoPot. # 1 for Al read from file:
     ./Al.pbe-n-rrkjus_psl.0.1.UPF
     MD5 check sum: 6479f6627750700cef6db36d98bbe09a
     Pseudo is Ultrasoft + core correction, Zval =  3.0
     Generated using "atomic" code by A. Dal Corso  v.5.0.99 svn rev. 10869
     Using radial grid of 1135 points,  4 beta functions with: 
                l(1) =   0
                l(2) =   0
                l(3) =   1
                l(4) =   1
     Q(r) pseudized with 0 coefficients 



     Atomic displacements:
     There are    3 irreducible representations

     Representation     1      1 modes -  To be done

     Representation     2      1 modes -  To be done

     Representation     3      1 modes -  To be done


     PHONON       :      3.15s CPU      3.71s WALL

     Reading dVscf from file dv
     Reading dynamics matrix from file matdyn3

     Diagonalizing the dynamical matrix

     q = (   -0.265165043  -0.265165043   0.441941738 ) 

 **************************************************************************
     freq (    1) =       4.679433 [THz] =     156.089087 [cm-1]
     freq (    2) =       5.531882 [THz] =     184.523709 [cm-1]
     freq (    3) =       9.518671 [THz] =     317.508701 [cm-1]
 **************************************************************************
 [elph_scdft]  write elph.dat with symmetries (only on Fermi surfaces)
 [elph_scdft]   Lowest band which contains FS :  2
 [elph_scdft]  Highest band which contains FS :  3
 [elph_scdft]    # of bands which contains FS :  2

     Calculation of q =   -0.0883883  -0.0883883   0.2651650
     Message from routine kpoint_grid:
     ATTENTION: skip check of k-points equivalence
     [opt_tetra]  Optimized tetrahedron method is used.
     Message from routine divide_et_impera:
     suboptimal parallelization: some nodes have no k-points
 
     G-vector sticks info
     --------------------
     sticks:   dense  smooth     PW     G-vecs:    dense   smooth      PW
     Sum         559     283    109                 8801     3119     725
 
     Using Slab Decomposition
 

     Title: 
     Electron-phonon matrix                                                     


     bravais-lattice index     =            0
     lattice parameter (alat)  =       5.3877  a.u.
     unit-cell volume          =     110.5871 (a.u.)^3
     number of atoms/cell      =            1
     number of atomic types    =            1
     number of electrons       =         3.00
     number of Kohn-Sham states=            6
     kinetic-energy cutoff     =      35.0000  Ry
     charge density cutoff     =     280.0000  Ry
     Exchange-correlation= PBE
                           (   1   4   3   4   0   0   0)

     celldm(1)=   5.387739  celldm(2)=   0.000000  celldm(3)=   0.000000
     celldm(4)=   0.000000  celldm(5)=   0.000000  celldm(6)=   0.000000

     crystal axes: (cart. coord. in units of alat)
               a(1) = (   0.000000   0.707107   0.707107 )  
               a(2) = (   0.707107   0.000000   0.707107 )  
               a(3) = (   0.707107   0.707107   0.000000 )  

     reciprocal axes: (cart. coord. in units 2 pi/alat)
               b(1) = ( -0.707107  0.707107  0.707107 )  
               b(2) = (  0.707107 -0.707107  0.707107 )  
               b(3) = (  0.707107  0.707107 -0.707107 )  


     PseudoPot. # 1 for Al read from file:
     ./Al.pbe-n-rrkjus_psl.0.1.UPF
     MD5 check sum: 6479f6627750700cef6db36d98bbe09a
     Pseudo is Ultrasoft + core correction, Zval =  3.0
     Generated using "atomic" code by A. Dal Corso  v.5.0.99 svn rev. 10869
     Using radial grid of 1135 points,  4 beta functions with: 
                l(1) =   0
                l(2) =   0
                l(3) =   1
                l(4) =   1
     Q(r) pseudized with 0 coefficients 


     atomic species   valence    mass     pseudopotential
     Al                3.00    26.98154     Al( 1.00)

     48 Sym. Ops., with inversion, found



   Cartesian axes

     site n.     atom                  positions (alat units)
         1        Al     tau(   1) = (   0.0000000   0.0000000   0.0000000  )

     number of k points=   128 (tetrahedron method)

     Number of k-points >= 100: set verbosity='high' to print them.

     Dense  grid:     8801 G-vectors     FFT dimensions: (  30,  30,  30)

     Smooth grid:     3119 G-vectors     FFT dimensions: (  24,  24,  24)

     Estimated max dynamical RAM per process >       3.98 MB

     Estimated total dynamical RAM >       2.24 GB

     Check: negative core charge=   -0.000003

     The potential is recalculated from file :
     ./_ph0/pwscf.q_4/pwscf.save/charge-density

     Starting wfcs are    4 atomic +    2 random wfcs

     Band Structure Calculation
     Davidson diagonalization with overlap

     ethr =  3.33E-10,  avg # of iterations = 18.2

     total cpu time spent up to now is        1.6 secs

     End of band structure calculation

     Number of k-points >= 100: set verbosity='high' to print the bands.

     the Fermi energy is     7.6661 ev
 
     [dfpt_tetra]  Dos(E_F)[/Ry] :   0.7008316E+01

     Electron-phonon matrix                                                     

     bravais-lattice index     =            0
     lattice parameter (alat)  =       5.3877  a.u.
     unit-cell volume          =     110.5871 (a.u.)^3
     number of atoms/cell      =            1
     number of atomic types    =            1
     kinetic-energy cut-off    =      35.0000  Ry
     charge density cut-off    =     280.0000  Ry
     convergence threshold     =      1.0E-12
     beta                      =       0.7000
     number of iterations used =            4
     Exchange-correlation= PBE
                           (   1   4   3   4   0   0   0)


     celldm(1)=    5.38774  celldm(2)=    0.00000  celldm(3)=    0.00000
     celldm(4)=    0.00000  celldm(5)=    0.00000  celldm(6)=    0.00000

     crystal axes: (cart. coord. in units of alat)
               a(1) = (  0.0000  0.7071  0.7071 )  
               a(2) = (  0.7071  0.0000  0.7071 )  
               a(3) = (  0.7071  0.7071  0.0000 )  

     reciprocal axes: (cart. coord. in units 2 pi/alat)
               b(1) = ( -0.7071  0.7071  0.7071 )  
               b(2) = (  0.7071 -0.7071  0.7071 )  
               b(3) = (  0.7071  0.7071 -0.7071 )  


     Atoms inside the unit cell: 

     Cartesian axes

     site n.  atom      mass           positions (alat units)
        1  Al     26.9815   tau(    1) = (    0.00000    0.00000    0.00000  )

     Computing dynamical matrix for 
                    q = (  -0.0883883  -0.0883883   0.2651650 )
 
      2 Sym.Ops. (no q -> -q+G )


     G cutoff =  205.8787  (   8801 G-vectors)     FFT grid: ( 30, 30, 30)
     G cutoff =  102.9393  (   3119 G-vectors)  smooth grid: ( 24, 24, 24)
     number of k points=   128

     PseudoPot. # 1 for Al read from file:
     ./Al.pbe-n-rrkjus_psl.0.1.UPF
     MD5 check sum: 6479f6627750700cef6db36d98bbe09a
     Pseudo is Ultrasoft + core correction, Zval =  3.0
     Generated using "atomic" code by A. Dal Corso  v.5.0.99 svn rev. 10869
     Using radial grid of 1135 points,  4 beta functions with: 
                l(1) =   0
                l(2) =   0
                l(3) =   1
                l(4) =   1
     Q(r) pseudized with 0 coefficients 



     Atomic displacements:
     There are    3 irreducible representations

     Representation     1      1 modes -  To be done

     Representation     2      1 modes -  To be done

     Representation     3      1 modes -  To be done


     PHONON       :      3.74s CPU      4.49s WALL

     Reading dVscf from file dv
     Reading dynamics matrix from file matdyn4

     Diagonalizing the dynamical matrix

     q = (   -0.088388348  -0.088388348   0.265165043 ) 

 **************************************************************************
     freq (    1) =       3.599977 [THz] =     120.082309 [cm-1]
     freq (    2) =       3.722447 [THz] =     124.167467 [cm-1]
     freq (    3) =       6.422947 [THz] =     214.246447 [cm-1]
 **************************************************************************
 [elph_scdft]  write elph.dat with symmetries (only on Fermi surfaces)
 [elph_scdft]   Lowest band which contains FS :  2
 [elph_scdft]  Highest band which contains FS :  3
 [elph_scdft]    # of bands which contains FS :  2

     Calculation of q =    0.4419417   0.0883883   0.0883883
     Message from routine kpoint_grid:
     ATTENTION: skip check of k-points equivalence
     [opt_tetra]  Optimized tetrahedron method is used.
     Message from routine divide_et_impera:
     suboptimal parallelization: some nodes have no k-points
 
     G-vector sticks info
     --------------------
     sticks:   dense  smooth     PW     G-vecs:    dense   smooth      PW
     Sum         559     283    109                 8801     3119     725
 
     Using Slab Decomposition
 

     Title: 
     Electron-phonon matrix                                                     


     bravais-lattice index     =            0
     lattice parameter (alat)  =       5.3877  a.u.
     unit-cell volume          =     110.5871 (a.u.)^3
     number of atoms/cell      =            1
     number of atomic types    =            1
     number of electrons       =         3.00
     number of Kohn-Sham states=            6
     kinetic-energy cutoff     =      35.0000  Ry
     charge density cutoff     =     280.0000  Ry
     Exchange-correlation= PBE
                           (   1   4   3   4   0   0   0)

     celldm(1)=   5.387739  celldm(2)=   0.000000  celldm(3)=   0.000000
     celldm(4)=   0.000000  celldm(5)=   0.000000  celldm(6)=   0.000000

     crystal axes: (cart. coord. in units of alat)
               a(1) = (   0.000000   0.707107   0.707107 )  
               a(2) = (   0.707107   0.000000   0.707107 )  
               a(3) = (   0.707107   0.707107   0.000000 )  

     reciprocal axes: (cart. coord. in units 2 pi/alat)
               b(1) = ( -0.707107  0.707107  0.707107 )  
               b(2) = (  0.707107 -0.707107  0.707107 )  
               b(3) = (  0.707107  0.707107 -0.707107 )  


     PseudoPot. # 1 for Al read from file:
     ./Al.pbe-n-rrkjus_psl.0.1.UPF
     MD5 check sum: 6479f6627750700cef6db36d98bbe09a
     Pseudo is Ultrasoft + core correction, Zval =  3.0
     Generated using "atomic" code by A. Dal Corso  v.5.0.99 svn rev. 10869
     Using radial grid of 1135 points,  4 beta functions with: 
                l(1) =   0
                l(2) =   0
                l(3) =   1
                l(4) =   1
     Q(r) pseudized with 0 coefficients 


     atomic species   valence    mass     pseudopotential
     Al                3.00    26.98154     Al( 1.00)

     48 Sym. Ops., with inversion, found



   Cartesian axes

     site n.     atom                  positions (alat units)
         1        Al     tau(   1) = (   0.0000000   0.0000000   0.0000000  )

     number of k points=   128 (tetrahedron method)

     Number of k-points >= 100: set verbosity='high' to print them.

     Dense  grid:     8801 G-vectors     FFT dimensions: (  30,  30,  30)

     Smooth grid:     3119 G-vectors     FFT dimensions: (  24,  24,  24)

     Estimated max dynamical RAM per process >       3.98 MB

     Estimated total dynamical RAM >       2.24 GB

     Check: negative core charge=   -0.000003

     The potential is recalculated from file :
     ./_ph0/pwscf.q_5/pwscf.save/charge-density

     Starting wfcs are    4 atomic +    2 random wfcs

     Band Structure Calculation
     Davidson diagonalization with overlap

     ethr =  3.33E-10,  avg # of iterations = 17.9

     total cpu time spent up to now is        2.0 secs

     End of band structure calculation

     Number of k-points >= 100: set verbosity='high' to print the bands.

     the Fermi energy is     7.6661 ev
 
     [dfpt_tetra]  Dos(E_F)[/Ry] :   0.7008316E+01

     Electron-phonon matrix                                                     

     bravais-lattice index     =            0
     lattice parameter (alat)  =       5.3877  a.u.
     unit-cell volume          =     110.5871 (a.u.)^3
     number of atoms/cell      =            1
     number of atomic types    =            1
     kinetic-energy cut-off    =      35.0000  Ry
     charge density cut-off    =     280.0000  Ry
     convergence threshold     =      1.0E-12
     beta                      =       0.7000
     number of iterations used =            4
     Exchange-correlation= PBE
                           (   1   4   3   4   0   0   0)


     celldm(1)=    5.38774  celldm(2)=    0.00000  celldm(3)=    0.00000
     celldm(4)=    0.00000  celldm(5)=    0.00000  celldm(6)=    0.00000

     crystal axes: (cart. coord. in units of alat)
               a(1) = (  0.0000  0.7071  0.7071 )  
               a(2) = (  0.7071  0.0000  0.7071 )  
               a(3) = (  0.7071  0.7071  0.0000 )  

     reciprocal axes: (cart. coord. in units 2 pi/alat)
               b(1) = ( -0.7071  0.7071  0.7071 )  
               b(2) = (  0.7071 -0.7071  0.7071 )  
               b(3) = (  0.7071  0.7071 -0.7071 )  


     Atoms inside the unit cell: 

     Cartesian axes

     site n.  atom      mass           positions (alat units)
        1  Al     26.9815   tau(    1) = (    0.00000    0.00000    0.00000  )

     Computing dynamical matrix for 
                    q = (   0.4419417   0.0883883   0.0883883 )
 
      2 Sym.Ops. (no q -> -q+G )


     G cutoff =  205.8787  (   8801 G-vectors)     FFT grid: ( 30, 30, 30)
     G cutoff =  102.9393  (   3119 G-vectors)  smooth grid: ( 24, 24, 24)
     number of k points=   128

     PseudoPot. # 1 for Al read from file:
     ./Al.pbe-n-rrkjus_psl.0.1.UPF
     MD5 check sum: 6479f6627750700cef6db36d98bbe09a
     Pseudo is Ultrasoft + core correction, Zval =  3.0
     Generated using "atomic" code by A. Dal Corso  v.5.0.99 svn rev. 10869
     Using radial grid of 1135 points,  4 beta functions with: 
                l(1) =   0
                l(2) =   0
                l(3) =   1
                l(4) =   1
     Q(r) pseudized with 0 coefficients 



     Atomic displacements:
     There are    3 irreducible representations

     Representation     1      1 modes -  To be done

     Representation     2      1 modes -  To be done

     Representation     3      1 modes -  To be done


     PHONON       :      4.34s CPU      5.27s WALL

     Reading dVscf from file dv
     Reading dynamics matrix from file matdyn5

     Diagonalizing the dynamical matrix

     q = (    0.441941738   0.088388348   0.088388348 ) 

 **************************************************************************
     freq (    1) =       4.933298 [THz] =     164.557106 [cm-1]
     freq (    2) =       5.508554 [THz] =     183.745577 [cm-1]
     freq (    3) =       8.400517 [THz] =     280.211090 [cm-1]
 **************************************************************************
 [elph_scdft]  write elph.dat with symmetries (only on Fermi surfaces)
 [elph_scdft]   Lowest band which contains FS :  2
 [elph_scdft]  Highest band which contains FS :  3
 [elph_scdft]    # of bands which contains FS :  2

     Calculation of q =   -0.0883883  -0.4419417   0.6187184
     Message from routine kpoint_grid:
     ATTENTION: skip check of k-points equivalence
     [opt_tetra]  Optimized tetrahedron method is used.
     Message from routine divide_et_impera:
     suboptimal parallelization: some nodes have no k-points
 
     G-vector sticks info
     --------------------
     sticks:   dense  smooth     PW     G-vecs:    dense   smooth      PW
     Sum         559     283    121                 8801     3119     893
 
     Using Slab Decomposition
 

     Title: 
     Electron-phonon matrix                                                     


     bravais-lattice index     =            0
     lattice parameter (alat)  =       5.3877  a.u.
     unit-cell volume          =     110.5871 (a.u.)^3
     number of atoms/cell      =            1
     number of atomic types    =            1
     number of electrons       =         3.00
     number of Kohn-Sham states=            6
     kinetic-energy cutoff     =      35.0000  Ry
     charge density cutoff     =     280.0000  Ry
     Exchange-correlation= PBE
                           (   1   4   3   4   0   0   0)

     celldm(1)=   5.387739  celldm(2)=   0.000000  celldm(3)=   0.000000
     celldm(4)=   0.000000  celldm(5)=   0.000000  celldm(6)=   0.000000

     crystal axes: (cart. coord. in units of alat)
               a(1) = (   0.000000   0.707107   0.707107 )  
               a(2) = (   0.707107   0.000000   0.707107 )  
               a(3) = (   0.707107   0.707107   0.000000 )  

     reciprocal axes: (cart. coord. in units 2 pi/alat)
               b(1) = ( -0.707107  0.707107  0.707107 )  
               b(2) = (  0.707107 -0.707107  0.707107 )  
               b(3) = (  0.707107  0.707107 -0.707107 )  


     PseudoPot. # 1 for Al read from file:
     ./Al.pbe-n-rrkjus_psl.0.1.UPF
     MD5 check sum: 6479f6627750700cef6db36d98bbe09a
     Pseudo is Ultrasoft + core correction, Zval =  3.0
     Generated using "atomic" code by A. Dal Corso  v.5.0.99 svn rev. 10869
     Using radial grid of 1135 points,  4 beta functions with: 
                l(1) =   0
                l(2) =   0
                l(3) =   1
                l(4) =   1
     Q(r) pseudized with 0 coefficients 


     atomic species   valence    mass     pseudopotential
     Al                3.00    26.98154     Al( 1.00)

     48 Sym. Ops., with inversion, found



   Cartesian axes

     site n.     atom                  positions (alat units)
         1        Al     tau(   1) = (   0.0000000   0.0000000   0.0000000  )

     number of k points=   128 (tetrahedron method)

     Number of k-points >= 100: set verbosity='high' to print them.

     Dense  grid:     8801 G-vectors     FFT dimensions: (  30,  30,  30)

     Smooth grid:     3119 G-vectors     FFT dimensions: (  24,  24,  24)

     Estimated max dynamical RAM per process >       3.99 MB

     Estimated total dynamical RAM >       2.25 GB

     Check: negative core charge=   -0.000003

     The potential is recalculated from file :
     ./_ph0/pwscf.q_6/pwscf.save/charge-density

     Starting wfcs are    4 atomic +    2 random wfcs

     Band Structure Calculation
     Davidson diagonalization with overlap

     ethr =  3.33E-10,  avg # of iterations = 18.2

     total cpu time spent up to now is        2.4 secs

     End of band structure calculation

     Number of k-points >= 100: set verbosity='high' to print the bands.

     the Fermi energy is     7.6661 ev
 
     [dfpt_tetra]  Dos(E_F)[/Ry] :   0.7008316E+01

     Electron-phonon matrix                                                     

     bravais-lattice index     =            0
     lattice parameter (alat)  =       5.3877  a.u.
     unit-cell volume          =     110.5871 (a.u.)^3
     number of atoms/cell      =            1
     number of atomic types    =            1
     kinetic-energy cut-off    =      35.0000  Ry
     charge density cut-off    =     280.0000  Ry
     convergence threshold     =      1.0E-12
     beta                      =       0.7000
     number of iterations used =            4
     Exchange-correlation= PBE
                           (   1   4   3   4   0   0   0)


     celldm(1)=    5.38774  celldm(2)=    0.00000  celldm(3)=    0.00000
     celldm(4)=    0.00000  celldm(5)=    0.00000  celldm(6)=    0.00000

     crystal axes: (cart. coord. in units of alat)
               a(1) = (  0.0000  0.7071  0.7071 )  
               a(2) = (  0.7071  0.0000  0.7071 )  
               a(3) = (  0.7071  0.7071  0.0000 )  

     reciprocal axes: (cart. coord. in units 2 pi/alat)
               b(1) = ( -0.7071  0.7071  0.7071 )  
               b(2) = (  0.7071 -0.7071  0.7071 )  
               b(3) = (  0.7071  0.7071 -0.7071 )  


     Atoms inside the unit cell: 

     Cartesian axes

     site n.  atom      mass           positions (alat units)
        1  Al     26.9815   tau(    1) = (    0.00000    0.00000    0.00000  )

     Computing dynamical matrix for 
                    q = (  -0.0883883  -0.4419417   0.6187184 )
 
     No symmetry!

     G cutoff =  205.8787  (   8801 G-vectors)     FFT grid: ( 30, 30, 30)
     G cutoff =  102.9393  (   3119 G-vectors)  smooth grid: ( 24, 24, 24)
     number of k points=   128

     PseudoPot. # 1 for Al read from file:
     ./Al.pbe-n-rrkjus_psl.0.1.UPF
     MD5 check sum: 6479f6627750700cef6db36d98bbe09a
     Pseudo is Ultrasoft + core correction, Zval =  3.0
     Generated using "atomic" code by A. Dal Corso  v.5.0.99 svn rev. 10869
     Using radial grid of 1135 points,  4 beta functions with: 
                l(1) =   0
                l(2) =   0
                l(3) =   1
                l(4) =   1
     Q(r) pseudized with 0 coefficients 



     Atomic displacements:
     There are    3 irreducible representations

     Representation     1      1 modes -  To be done

     Representation     2      1 modes -  To be done

     Representation     3      1 modes -  To be done


     PHONON       :      4.93s CPU      6.05s WALL

     Reading dVscf from file dv
     Reading dynamics matrix from file matdyn6

     Diagonalizing the dynamical matrix

     q = (   -0.088388348  -0.441941738   0.618718434 ) 

 **************************************************************************
     freq (    1) =       5.955318 [THz] =     198.648033 [cm-1]
     freq (    2) =       7.631576 [THz] =     254.561978 [cm-1]
     freq (    3) =       8.912345 [THz] =     297.283819 [cm-1]
 **************************************************************************
 [elph_scdft]  write elph.dat with symmetries (only on Fermi surfaces)
 [elph_scdft]   Lowest band which contains FS :  2
 [elph_scdft]  Highest band which contains FS :  3
 [elph_scdft]    # of bands which contains FS :  2

     Calculation of q =    0.0883883  -0.2651650   0.4419417
     Message from routine kpoint_grid:
     ATTENTION: skip check of k-points equivalence
     [opt_tetra]  Optimized tetrahedron method is used.
     Message from routine divide_et_impera:
     suboptimal parallelization: some nodes have no k-points
 
     G-vector sticks info
     --------------------
     sticks:   dense  smooth     PW     G-vecs:    dense   smooth      PW
     Sum         559     283    109                 8801     3119     749
 
     Using Slab Decomposition
 

     Title: 
     Electron-phonon matrix                                                     


     bravais-lattice index     =            0
     lattice parameter (alat)  =       5.3877  a.u.
     unit-cell volume          =     110.5871 (a.u.)^3
     number of atoms/cell      =            1
     number of atomic types    =            1
     number of electrons       =         3.00
     number of Kohn-Sham states=            6
     kinetic-energy cutoff     =      35.0000  Ry
     charge density cutoff     =     280.0000  Ry
     Exchange-correlation= PBE
                           (   1   4   3   4   0   0   0)

     celldm(1)=   5.387739  celldm(2)=   0.000000  celldm(3)=   0.000000
     celldm(4)=   0.000000  celldm(5)=   0.000000  celldm(6)=   0.000000

     crystal axes: (cart. coord. in units of alat)
               a(1) = (   0.000000   0.707107   0.707107 )  
               a(2) = (   0.707107   0.000000   0.707107 )  
               a(3) = (   0.707107   0.707107   0.000000 )  

     reciprocal axes: (cart. coord. in units 2 pi/alat)
               b(1) = ( -0.707107  0.707107  0.707107 )  
               b(2) = (  0.707107 -0.707107  0.707107 )  
               b(3) = (  0.707107  0.707107 -0.707107 )  


     PseudoPot. # 1 for Al read from file:
     ./Al.pbe-n-rrkjus_psl.0.1.UPF
     MD5 check sum: 6479f6627750700cef6db36d98bbe09a
     Pseudo is Ultrasoft + core correction, Zval =  3.0
     Generated using "atomic" code by A. Dal Corso  v.5.0.99 svn rev. 10869
     Using radial grid of 1135 points,  4 beta functions with: 
                l(1) =   0
                l(2) =   0
                l(3) =   1
                l(4) =   1
     Q(r) pseudized with 0 coefficients 


     atomic species   valence    mass     pseudopotential
     Al                3.00    26.98154     Al( 1.00)

     48 Sym. Ops., with inversion, found



   Cartesian axes

     site n.     atom                  positions (alat units)
         1        Al     tau(   1) = (   0.0000000   0.0000000   0.0000000  )

     number of k points=   128 (tetrahedron method)

     Number of k-points >= 100: set verbosity='high' to print them.

     Dense  grid:     8801 G-vectors     FFT dimensions: (  30,  30,  30)

     Smooth grid:     3119 G-vectors     FFT dimensions: (  24,  24,  24)

     Estimated max dynamical RAM per process >       3.99 MB

     Estimated total dynamical RAM >       2.24 GB

     Check: negative core charge=   -0.000003

     The potential is recalculated from file :
     ./_ph0/pwscf.q_7/pwscf.save/charge-density

     Starting wfcs are    4 atomic +    2 random wfcs

     Band Structure Calculation
     Davidson diagonalization with overlap

     ethr =  3.33E-10,  avg # of iterations = 18.3

     total cpu time spent up to now is        2.7 secs

     End of band structure calculation

     Number of k-points >= 100: set verbosity='high' to print the bands.

     the Fermi energy is     7.6661 ev
 
     [dfpt_tetra]  Dos(E_F)[/Ry] :   0.7008316E+01

     Electron-phonon matrix                                                     

     bravais-lattice index     =            0
     lattice parameter (alat)  =       5.3877  a.u.
     unit-cell volume          =     110.5871 (a.u.)^3
     number of atoms/cell      =            1
     number of atomic types    =            1
     kinetic-energy cut-off    =      35.0000  Ry
     charge density cut-off    =     280.0000  Ry
     convergence threshold     =      1.0E-12
     beta                      =       0.7000
     number of iterations used =            4
     Exchange-correlation= PBE
                           (   1   4   3   4   0   0   0)


     celldm(1)=    5.38774  celldm(2)=    0.00000  celldm(3)=    0.00000
     celldm(4)=    0.00000  celldm(5)=    0.00000  celldm(6)=    0.00000

     crystal axes: (cart. coord. in units of alat)
               a(1) = (  0.0000  0.7071  0.7071 )  
               a(2) = (  0.7071  0.0000  0.7071 )  
               a(3) = (  0.7071  0.7071  0.0000 )  

     reciprocal axes: (cart. coord. in units 2 pi/alat)
               b(1) = ( -0.7071  0.7071  0.7071 )  
               b(2) = (  0.7071 -0.7071  0.7071 )  
               b(3) = (  0.7071  0.7071 -0.7071 )  


     Atoms inside the unit cell: 

     Cartesian axes

     site n.  atom      mass           positions (alat units)
        1  Al     26.9815   tau(    1) = (    0.00000    0.00000    0.00000  )

     Computing dynamical matrix for 
                    q = (   0.0883883  -0.2651650   0.4419417 )
 
     No symmetry!

     G cutoff =  205.8787  (   8801 G-vectors)     FFT grid: ( 30, 30, 30)
     G cutoff =  102.9393  (   3119 G-vectors)  smooth grid: ( 24, 24, 24)
     number of k points=   128

     PseudoPot. # 1 for Al read from file:
     ./Al.pbe-n-rrkjus_psl.0.1.UPF
     MD5 check sum: 6479f6627750700cef6db36d98bbe09a
     Pseudo is Ultrasoft + core correction, Zval =  3.0
     Generated using "atomic" code by A. Dal Corso  v.5.0.99 svn rev. 10869
     Using radial grid of 1135 points,  4 beta functions with: 
                l(1) =   0
                l(2) =   0
                l(3) =   1
                l(4) =   1
     Q(r) pseudized with 0 coefficients 



     Atomic displacements:
     There are    3 irreducible representations

     Representation     1      1 modes -  To be done

     Representation     2      1 modes -  To be done

     Representation     3      1 modes -  To be done


     PHONON       :      5.56s CPU      6.85s WALL

     Reading dVscf from file dv
     Reading dynamics matrix from file matdyn7

     Diagonalizing the dynamical matrix

     q = (    0.088388348  -0.265165043   0.441941738 ) 

 **************************************************************************
     freq (    1) =       5.077260 [THz] =     169.359175 [cm-1]
     freq (    2) =       6.387641 [THz] =     213.068774 [cm-1]
     freq (    3) =       8.905314 [THz] =     297.049303 [cm-1]
 **************************************************************************
 [elph_scdft]  write elph.dat with symmetries (only on Fermi surfaces)
 [elph_scdft]   Lowest band which contains FS :  2
 [elph_scdft]  Highest band which contains FS :  3
 [elph_scdft]    # of bands which contains FS :  2

     Calculation of q =   -0.6187184   0.0883883   0.0883883
     Message from routine kpoint_grid:
     ATTENTION: skip check of k-points equivalence
     [opt_tetra]  Optimized tetrahedron method is used.
     Message from routine divide_et_impera:
     suboptimal parallelization: some nodes have no k-points
 
     G-vector sticks info
     --------------------
     sticks:   dense  smooth     PW     G-vecs:    dense   smooth      PW
     Sum         559     283    121                 8801     3119     869
 
     Using Slab Decomposition
 

     Title: 
     Electron-phonon matrix                                                     


     bravais-lattice index     =            0
     lattice parameter (alat)  =       5.3877  a.u.
     unit-cell volume          =     110.5871 (a.u.)^3
     number of atoms/cell      =            1
     number of atomic types    =            1
     number of electrons       =         3.00
     number of Kohn-Sham states=            6
     kinetic-energy cutoff     =      35.0000  Ry
     charge density cutoff     =     280.0000  Ry
     Exchange-correlation= PBE
                           (   1   4   3   4   0   0   0)

     celldm(1)=   5.387739  celldm(2)=   0.000000  celldm(3)=   0.000000
     celldm(4)=   0.000000  celldm(5)=   0.000000  celldm(6)=   0.000000

     crystal axes: (cart. coord. in units of alat)
               a(1) = (   0.000000   0.707107   0.707107 )  
               a(2) = (   0.707107   0.000000   0.707107 )  
               a(3) = (   0.707107   0.707107   0.000000 )  

     reciprocal axes: (cart. coord. in units 2 pi/alat)
               b(1) = ( -0.707107  0.707107  0.707107 )  
               b(2) = (  0.707107 -0.707107  0.707107 )  
               b(3) = (  0.707107  0.707107 -0.707107 )  


     PseudoPot. # 1 for Al read from file:
     ./Al.pbe-n-rrkjus_psl.0.1.UPF
     MD5 check sum: 6479f6627750700cef6db36d98bbe09a
     Pseudo is Ultrasoft + core correction, Zval =  3.0
     Generated using "atomic" code by A. Dal Corso  v.5.0.99 svn rev. 10869
     Using radial grid of 1135 points,  4 beta functions with: 
                l(1) =   0
                l(2) =   0
                l(3) =   1
                l(4) =   1
     Q(r) pseudized with 0 coefficients 


     atomic species   valence    mass     pseudopotential
     Al                3.00    26.98154     Al( 1.00)

     48 Sym. Ops., with inversion, found



   Cartesian axes

     site n.     atom                  positions (alat units)
         1        Al     tau(   1) = (   0.0000000   0.0000000   0.0000000  )

     number of k points=   128 (tetrahedron method)

     Number of k-points >= 100: set verbosity='high' to print them.

     Dense  grid:     8801 G-vectors     FFT dimensions: (  30,  30,  30)

     Smooth grid:     3119 G-vectors     FFT dimensions: (  24,  24,  24)

     Estimated max dynamical RAM per process >       3.99 MB

     Estimated total dynamical RAM >       2.24 GB

     Check: negative core charge=   -0.000003

     The potential is recalculated from file :
     ./_ph0/pwscf.q_8/pwscf.save/charge-density

     Starting wfcs are    4 atomic +    2 random wfcs

     Band Structure Calculation
     Davidson diagonalization with overlap

     ethr =  3.33E-10,  avg # of iterations = 18.1

     total cpu time spent up to now is        3.1 secs

     End of band structure calculation

     Number of k-points >= 100: set verbosity='high' to print the bands.

     the Fermi energy is     7.6661 ev
 
     [dfpt_tetra]  Dos(E_F)[/Ry] :   0.7008316E+01

     Electron-phonon matrix                                                     

     bravais-lattice index     =            0
     lattice parameter (alat)  =       5.3877  a.u.
     unit-cell volume          =     110.5871 (a.u.)^3
     number of atoms/cell      =            1
     number of atomic types    =            1
     kinetic-energy cut-off    =      35.0000  Ry
     charge density cut-off    =     280.0000  Ry
     convergence threshold     =      1.0E-12
     beta                      =       0.7000
     number of iterations used =            4
     Exchange-correlation= PBE
                           (   1   4   3   4   0   0   0)


     celldm(1)=    5.38774  celldm(2)=    0.00000  celldm(3)=    0.00000
     celldm(4)=    0.00000  celldm(5)=    0.00000  celldm(6)=    0.00000

     crystal axes: (cart. coord. in units of alat)
               a(1) = (  0.0000  0.7071  0.7071 )  
               a(2) = (  0.7071  0.0000  0.7071 )  
               a(3) = (  0.7071  0.7071  0.0000 )  

     reciprocal axes: (cart. coord. in units 2 pi/alat)
               b(1) = ( -0.7071  0.7071  0.7071 )  
               b(2) = (  0.7071 -0.7071  0.7071 )  
               b(3) = (  0.7071  0.7071 -0.7071 )  


     Atoms inside the unit cell: 

     Cartesian axes

     site n.  atom      mass           positions (alat units)
        1  Al     26.9815   tau(    1) = (    0.00000    0.00000    0.00000  )

     Computing dynamical matrix for 
                    q = (  -0.6187184   0.0883883   0.0883883 )
 
      2 Sym.Ops. (no q -> -q+G )


     G cutoff =  205.8787  (   8801 G-vectors)     FFT grid: ( 30, 30, 30)
     G cutoff =  102.9393  (   3119 G-vectors)  smooth grid: ( 24, 24, 24)
     number of k points=   128

     PseudoPot. # 1 for Al read from file:
     ./Al.pbe-n-rrkjus_psl.0.1.UPF
     MD5 check sum: 6479f6627750700cef6db36d98bbe09a
     Pseudo is Ultrasoft + core correction, Zval =  3.0
     Generated using "atomic" code by A. Dal Corso  v.5.0.99 svn rev. 10869
     Using radial grid of 1135 points,  4 beta functions with: 
                l(1) =   0
                l(2) =   0
                l(3) =   1
                l(4) =   1
     Q(r) pseudized with 0 coefficients 



     Atomic displacements:
     There are    3 irreducible representations

     Representation     1      1 modes -  To be done

     Representation     2      1 modes -  To be done

     Representation     3      1 modes -  To be done


     PHONON       :      6.15s CPU      7.62s WALL

     Reading dVscf from file dv
     Reading dynamics matrix from file matdyn8

     Diagonalizing the dynamical matrix

     q = (   -0.618718434   0.088388348   0.088388348 ) 

 **************************************************************************
     freq (    1) =       5.830103 [THz] =     194.471313 [cm-1]
     freq (    2) =       6.443077 [THz] =     214.917906 [cm-1]
     freq (    3) =       9.466118 [THz] =     315.755712 [cm-1]
 **************************************************************************
 [elph_scdft]  write elph.dat with symmetries (only on Fermi surfaces)
 [elph_scdft]   Lowest band which contains FS :  2
 [elph_scdft]  Highest band which contains FS :  3
 [elph_scdft]    # of bands which contains FS :  2

     Calculation of q =    0.2651650   0.2651650   0.2651650
     Message from routine kpoint_grid:
     ATTENTION: skip check of k-points equivalence
     [opt_tetra]  Optimized tetrahedron method is used.
     Message from routine divide_et_impera:
     suboptimal parallelization: some nodes have no k-points
 
     G-vector sticks info
     --------------------
     sticks:   dense  smooth     PW     G-vecs:    dense   smooth      PW
     Sum         559     283     97                 8801     3119     645
 
     Using Slab Decomposition
 

     Title: 
     Electron-phonon matrix                                                     


     bravais-lattice index     =            0
     lattice parameter (alat)  =       5.3877  a.u.
     unit-cell volume          =     110.5871 (a.u.)^3
     number of atoms/cell      =            1
     number of atomic types    =            1
     number of electrons       =         3.00
     number of Kohn-Sham states=            6
     kinetic-energy cutoff     =      35.0000  Ry
     charge density cutoff     =     280.0000  Ry
     Exchange-correlation= PBE
                           (   1   4   3   4   0   0   0)

     celldm(1)=   5.387739  celldm(2)=   0.000000  celldm(3)=   0.000000
     celldm(4)=   0.000000  celldm(5)=   0.000000  celldm(6)=   0.000000

     crystal axes: (cart. coord. in units of alat)
               a(1) = (   0.000000   0.707107   0.707107 )  
               a(2) = (   0.707107   0.000000   0.707107 )  
               a(3) = (   0.707107   0.707107   0.000000 )  

     reciprocal axes: (cart. coord. in units 2 pi/alat)
               b(1) = ( -0.707107  0.707107  0.707107 )  
               b(2) = (  0.707107 -0.707107  0.707107 )  
               b(3) = (  0.707107  0.707107 -0.707107 )  


     PseudoPot. # 1 for Al read from file:
     ./Al.pbe-n-rrkjus_psl.0.1.UPF
     MD5 check sum: 6479f6627750700cef6db36d98bbe09a
     Pseudo is Ultrasoft + core correction, Zval =  3.0
     Generated using "atomic" code by A. Dal Corso  v.5.0.99 svn rev. 10869
     Using radial grid of 1135 points,  4 beta functions with: 
                l(1) =   0
                l(2) =   0
                l(3) =   1
                l(4) =   1
     Q(r) pseudized with 0 coefficients 


     atomic species   valence    mass     pseudopotential
     Al                3.00    26.98154     Al( 1.00)

     48 Sym. Ops., with inversion, found



   Cartesian axes

     site n.     atom                  positions (alat units)
         1        Al     tau(   1) = (   0.0000000   0.0000000   0.0000000  )

     number of k points=   128 (tetrahedron method)

     Number of k-points >= 100: set verbosity='high' to print them.

     Dense  grid:     8801 G-vectors     FFT dimensions: (  30,  30,  30)

     Smooth grid:     3119 G-vectors     FFT dimensions: (  24,  24,  24)

     Estimated max dynamical RAM per process >       3.98 MB

     Estimated total dynamical RAM >       2.24 GB

     Check: negative core charge=   -0.000003

     The potential is recalculated from file :
     ./_ph0/pwscf.q_9/pwscf.save/charge-density

     Starting wfcs are    4 atomic +    2 random wfcs

     Band Structure Calculation
     Davidson diagonalization with overlap

     ethr =  3.33E-10,  avg # of iterations = 17.7

     total cpu time spent up to now is        3.4 secs

     End of band structure calculation

     Number of k-points >= 100: set verbosity='high' to print the bands.

     the Fermi energy is     7.6661 ev
 
     [dfpt_tetra]  Dos(E_F)[/Ry] :   0.7008316E+01

     Electron-phonon matrix                                                     

     bravais-lattice index     =            0
     lattice parameter (alat)  =       5.3877  a.u.
     unit-cell volume          =     110.5871 (a.u.)^3
     number of atoms/cell      =            1
     number of atomic types    =            1
     kinetic-energy cut-off    =      35.0000  Ry
     charge density cut-off    =     280.0000  Ry
     convergence threshold     =      1.0E-12
     beta                      =       0.7000
     number of iterations used =            4
     Exchange-correlation= PBE
                           (   1   4   3   4   0   0   0)


     celldm(1)=    5.38774  celldm(2)=    0.00000  celldm(3)=    0.00000
     celldm(4)=    0.00000  celldm(5)=    0.00000  celldm(6)=    0.00000

     crystal axes: (cart. coord. in units of alat)
               a(1) = (  0.0000  0.7071  0.7071 )  
               a(2) = (  0.7071  0.0000  0.7071 )  
               a(3) = (  0.7071  0.7071  0.0000 )  

     reciprocal axes: (cart. coord. in units 2 pi/alat)
               b(1) = ( -0.7071  0.7071  0.7071 )  
               b(2) = (  0.7071 -0.7071  0.7071 )  
               b(3) = (  0.7071  0.7071 -0.7071 )  


     Atoms inside the unit cell: 

     Cartesian axes

     site n.  atom      mass           positions (alat units)
        1  Al     26.9815   tau(    1) = (    0.00000    0.00000    0.00000  )

     Computing dynamical matrix for 
                    q = (   0.2651650   0.2651650   0.2651650 )
 
      6 Sym.Ops. (no q -> -q+G )


     G cutoff =  205.8787  (   8801 G-vectors)     FFT grid: ( 30, 30, 30)
     G cutoff =  102.9393  (   3119 G-vectors)  smooth grid: ( 24, 24, 24)
     number of k points=   128

     PseudoPot. # 1 for Al read from file:
     ./Al.pbe-n-rrkjus_psl.0.1.UPF
     MD5 check sum: 6479f6627750700cef6db36d98bbe09a
     Pseudo is Ultrasoft + core correction, Zval =  3.0
     Generated using "atomic" code by A. Dal Corso  v.5.0.99 svn rev. 10869
     Using radial grid of 1135 points,  4 beta functions with: 
                l(1) =   0
                l(2) =   0
                l(3) =   1
                l(4) =   1
     Q(r) pseudized with 0 coefficients 



     Atomic displacements:
     There are    2 irreducible representations

     Representation     1      1 modes -  To be done

     Representation     2      2 modes -  To be done


     PHONON       :      6.77s CPU      8.41s WALL

     Reading dVscf from file dv
     Reading dynamics matrix from file matdyn9

     Diagonalizing the dynamical matrix

     q = (    0.265165043   0.265165043   0.265165043 ) 

 **************************************************************************
     freq (    1) =       4.295110 [THz] =     143.269437 [cm-1]
     freq (    2) =       4.295110 [THz] =     143.269437 [cm-1]
     freq (    3) =       9.013327 [THz] =     300.652238 [cm-1]
 **************************************************************************
 [elph_scdft]  write elph.dat with symmetries (only on Fermi surfaces)
 [elph_scdft]   Lowest band which contains FS :  2
 [elph_scdft]  Highest band which contains FS :  3
 [elph_scdft]    # of bands which contains FS :  2

     Calculation of q =   -0.2651650  -0.2651650   0.7954951
     Message from routine kpoint_grid:
     ATTENTION: skip check of k-points equivalence
     [opt_tetra]  Optimized tetrahedron method is used.
     Message from routine divide_et_impera:
     suboptimal parallelization: some nodes have no k-points
 
     G-vector sticks info
     --------------------
     sticks:   dense  smooth     PW     G-vecs:    dense   smooth      PW
     Sum         559     283    121                 8801     3119     941
 
     Using Slab Decomposition
 

     Title: 
     Electron-phonon matrix                                                     


     bravais-lattice index     =            0
     lattice parameter (alat)  =       5.3877  a.u.
     unit-cell volume          =     110.5871 (a.u.)^3
     number of atoms/cell      =            1
     number of atomic types    =            1
     number of electrons       =         3.00
     number of Kohn-Sham states=            6
     kinetic-energy cutoff     =      35.0000  Ry
     charge density cutoff     =     280.0000  Ry
     Exchange-correlation= PBE
                           (   1   4   3   4   0   0   0)

     celldm(1)=   5.387739  celldm(2)=   0.000000  celldm(3)=   0.000000
     celldm(4)=   0.000000  celldm(5)=   0.000000  celldm(6)=   0.000000

     crystal axes: (cart. coord. in units of alat)
               a(1) = (   0.000000   0.707107   0.707107 )  
               a(2) = (   0.707107   0.000000   0.707107 )  
               a(3) = (   0.707107   0.707107   0.000000 )  

     reciprocal axes: (cart. coord. in units 2 pi/alat)
               b(1) = ( -0.707107  0.707107  0.707107 )  
               b(2) = (  0.707107 -0.707107  0.707107 )  
               b(3) = (  0.707107  0.707107 -0.707107 )  


     PseudoPot. # 1 for Al read from file:
     ./Al.pbe-n-rrkjus_psl.0.1.UPF
     MD5 check sum: 6479f6627750700cef6db36d98bbe09a
     Pseudo is Ultrasoft + core correction, Zval =  3.0
     Generated using "atomic" code by A. Dal Corso  v.5.0.99 svn rev. 10869
     Using radial grid of 1135 points,  4 beta functions with: 
                l(1) =   0
                l(2) =   0
                l(3) =   1
                l(4) =   1
     Q(r) pseudized with 0 coefficients 


     atomic species   valence    mass     pseudopotential
     Al                3.00    26.98154     Al( 1.00)

     48 Sym. Ops., with inversion, found



   Cartesian axes

     site n.     atom                  positions (alat units)
         1        Al     tau(   1) = (   0.0000000   0.0000000   0.0000000  )

     number of k points=   128 (tetrahedron method)

     Number of k-points >= 100: set verbosity='high' to print them.

     Dense  grid:     8801 G-vectors     FFT dimensions: (  30,  30,  30)

     Smooth grid:     3119 G-vectors     FFT dimensions: (  24,  24,  24)

     Estimated max dynamical RAM per process >       4.00 MB

     Estimated total dynamical RAM >       2.25 GB

     Check: negative core charge=   -0.000003

     The potential is recalculated from file :
     ./_ph0/pwscf.q_10/pwscf.save/charge-density

     Starting wfcs are    4 atomic +    2 random wfcs

     Band Structure Calculation
     Davidson diagonalization with overlap

     ethr =  3.33E-10,  avg # of iterations = 18.2

     total cpu time spent up to now is        3.8 secs

     End of band structure calculation

     Number of k-points >= 100: set verbosity='high' to print the bands.

     the Fermi energy is     7.6661 ev
 
     [dfpt_tetra]  Dos(E_F)[/Ry] :   0.7008316E+01

     Electron-phonon matrix                                                     

     bravais-lattice index     =            0
     lattice parameter (alat)  =       5.3877  a.u.
     unit-cell volume          =     110.5871 (a.u.)^3
     number of atoms/cell      =            1
     number of atomic types    =            1
     kinetic-energy cut-off    =      35.0000  Ry
     charge density cut-off    =     280.0000  Ry
     convergence threshold     =      1.0E-12
     beta                      =       0.7000
     number of iterations used =            4
     Exchange-correlation= PBE
                           (   1   4   3   4   0   0   0)


     celldm(1)=    5.38774  celldm(2)=    0.00000  celldm(3)=    0.00000
     celldm(4)=    0.00000  celldm(5)=    0.00000  celldm(6)=    0.00000

     crystal axes: (cart. coord. in units of alat)
               a(1) = (  0.0000  0.7071  0.7071 )  
               a(2) = (  0.7071  0.0000  0.7071 )  
               a(3) = (  0.7071  0.7071  0.0000 )  

     reciprocal axes: (cart. coord. in units 2 pi/alat)
               b(1) = ( -0.7071  0.7071  0.7071 )  
               b(2) = (  0.7071 -0.7071  0.7071 )  
               b(3) = (  0.7071  0.7071 -0.7071 )  


     Atoms inside the unit cell: 

     Cartesian axes

     site n.  atom      mass           positions (alat units)
        1  Al     26.9815   tau(    1) = (    0.00000    0.00000    0.00000  )

     Computing dynamical matrix for 
                    q = (  -0.2651650  -0.2651650   0.7954951 )
 
      2 Sym.Ops. (no q -> -q+G )


     G cutoff =  205.8787  (   8801 G-vectors)     FFT grid: ( 30, 30, 30)
     G cutoff =  102.9393  (   3119 G-vectors)  smooth grid: ( 24, 24, 24)
     number of k points=   128

     PseudoPot. # 1 for Al read from file:
     ./Al.pbe-n-rrkjus_psl.0.1.UPF
     MD5 check sum: 6479f6627750700cef6db36d98bbe09a
     Pseudo is Ultrasoft + core correction, Zval =  3.0
     Generated using "atomic" code by A. Dal Corso  v.5.0.99 svn rev. 10869
     Using radial grid of 1135 points,  4 beta functions with: 
                l(1) =   0
                l(2) =   0
                l(3) =   1
                l(4) =   1
     Q(r) pseudized with 0 coefficients 



     Atomic displacements:
     There are    3 irreducible representations

     Representation     1      1 modes -  To be done

     Representation     2      1 modes -  To be done

     Representation     3      1 modes -  To be done


     PHONON       :      7.37s CPU      9.20s WALL

     Reading dVscf from file dv
     Reading dynamics matrix from file matdyn10

     Diagonalizing the dynamical matrix

     q = (   -0.265165043  -0.265165043   0.795495129 ) 

 **************************************************************************
     freq (    1) =       5.346970 [THz] =     178.355738 [cm-1]
     freq (    2) =       7.551018 [THz] =     251.874835 [cm-1]
     freq (    3) =       9.115039 [THz] =     304.044982 [cm-1]
 **************************************************************************
 [elph_scdft]  write elph.dat with symmetries (only on Fermi surfaces)
 [elph_scdft]   Lowest band which contains FS :  2
 [elph_scdft]  Highest band which contains FS :  3
 [elph_scdft]    # of bands which contains FS :  2
 
     init_run     :      1.16s CPU      1.29s WALL (      10 calls)
     electrons    :      1.86s CPU      1.91s WALL (      10 calls)

     Called by init_run:
     wfcinit      :      0.01s CPU      0.10s WALL (      10 calls)
     potinit      :      0.43s CPU      0.46s WALL (      10 calls)
     hinit0       :      0.44s CPU      0.45s WALL (      10 calls)

     Called by electrons:
     c_bands      :      1.73s CPU      1.78s WALL (      10 calls)
     v_of_rho     :      0.38s CPU      0.38s WALL (      11 calls)
     newd         :      0.20s CPU      0.20s WALL (      11 calls)

     Called by c_bands:
     init_us_2    :      0.01s CPU      0.01s WALL (      78 calls)
     cegterg      :      1.26s CPU      1.31s WALL (      26 calls)

     Called by *egterg:
     cdiaghg      :      0.17s CPU      0.17s WALL (     399 calls)
     h_psi        :      1.10s CPU      1.14s WALL (     425 calls)
     s_psi        :      0.01s CPU      0.01s WALL (     425 calls)
     g_psi        :      0.00s CPU      0.00s WALL (     379 calls)

     Called by h_psi:
     h_psi:calbec :      0.03s CPU      0.03s WALL (     425 calls)
     vloc_psi     :      1.05s CPU      1.09s WALL (     425 calls)
     add_vuspsi   :      0.01s CPU      0.01s WALL (     425 calls)

     General routines
     calbec       :      0.03s CPU      0.03s WALL (     535 calls)
     fft          :      0.35s CPU      0.37s WALL (     322 calls)
     ffts         :      0.12s CPU      0.12s WALL (     140 calls)
     fftw         :      1.17s CPU      1.21s WALL (    4196 calls)
     interpolate  :      0.17s CPU      0.18s WALL (      80 calls)
     davcio       :      0.01s CPU      0.01s WALL (      30 calls)
 
     Parallel routines
 
     PHONON       :      7.46s CPU      9.36s WALL

     INITIALIZATION: 
     phq_setup    :      1.23s CPU      1.32s WALL (      10 calls)
     phq_init     :      1.06s CPU      1.07s WALL (      10 calls)
 
     phq_init     :      1.06s CPU      1.07s WALL (      10 calls)
     set_drhoc    :      0.06s CPU      0.06s WALL (      10 calls)
     init_vloc    :      0.11s CPU      0.11s WALL (      11 calls)
     init_us_1    :      0.21s CPU      0.21s WALL (      11 calls)
     init_us_2    :      0.01s CPU      0.01s WALL (      78 calls)
     newd         :      0.20s CPU      0.20s WALL (      11 calls)
     dvanqq       :      0.79s CPU      0.80s WALL (      20 calls)
     drho         :      0.48s CPU      0.49s WALL (      10 calls)
     drhous       :      0.08s CPU      0.08s WALL (      10 calls)
     nldyntot     :      0.00s CPU      0.00s WALL (      10 calls)
     newdq        :      0.18s CPU      0.19s WALL (      28 calls)
     adddvscf     :      0.00s CPU      0.00s WALL (      30 calls)
     com_dvloc    :      0.03s CPU      0.03s WALL (      60 calls)
 
     dvqpsi_us    :      0.13s CPU      0.14s WALL (      30 calls)
     dvqpsi_us_on :      0.01s CPU      0.01s WALL (      30 calls)
 
     add_vuspsi   :      0.01s CPU      0.01s WALL (     425 calls)
     addusdbec    :      0.00s CPU      0.00s WALL (      30 calls)
 
 
      Electron-phonon coupling
     elphon       :      0.45s CPU      0.47s WALL (      10 calls)
     elphel       :      0.18s CPU      0.18s WALL (      28 calls)
 
      General routines
     calbec       :      0.03s CPU      0.03s WALL (     535 calls)
     fft          :      0.35s CPU      0.37s WALL (     322 calls)
     ffts         :      0.12s CPU      0.12s WALL (     140 calls)
     fftw         :      1.17s CPU      1.21s WALL (    4196 calls)
     davcio       :      0.01s CPU      0.01s WALL (      30 calls)
 
      Additional routines
     h_psi_bgrp   :      1.10s CPU      1.14s WALL (     425 calls)
     h_psi        :      1.10s CPU      1.14s WALL (     425 calls)
     h_psi:pot    :      1.09s CPU      1.13s WALL (     425 calls)
     h_psi:calbec :      0.03s CPU      0.03s WALL (     425 calls)
     s_psi_bgrp   :      0.01s CPU      0.01s WALL (     425 calls)
     s_psi        :      0.01s CPU      0.01s WALL (     425 calls)
 
 
     PHONON       :      7.46s CPU      9.36s WALL

 
   This run was terminated on:  23:25:26  30Sep2026            

=------------------------------------------------------------------------------=
   JOB DONE.
=------------------------------------------------------------------------------=
