
     Program SCTK v.7.6 starts on  1Oct2026 at  0: 1: 1 

     This program is part of the open-source Quantum ESPRESSO suite
     for quantum simulation of materials; please cite
         "P. Giannozzi et al., J. Phys.:Condens. Matter 21 395502 (2009);
         "P. Giannozzi et al., J. Phys.:Condens. Matter 29 465901 (2017);
         "P. Giannozzi et al., J. Chem. Phys. 152 154105 (2020);
          URL http://www.quantum-espresso.org", 
     in publications or presentations arising from this work. More details at
     http://www.quantum-espresso.org/quote

     Parallel version (MPI & OpenMP), running on     576 processor cores
     Number of MPI processes:                12
     Threads/MPI process:                    48

     MPI processes distributed on    12 nodes
     K-points division:     npool     =      12
     28979 MiB available memory on the printing compute node when the environment starts
 

     git hash : 3a8ac9b77c01a456f501ce0192e75551d79ac127


     Reading xml data from directory:

     ./pwscf.save/

     IMPORTANT: XC functional enforced from input :
     Exchange-correlation= PBE
                           (   1   4   3   4   0   0   0)
     Any further DFT definition will be discarded
     Please, verify this is what you really want

 
     G-vector sticks info
     --------------------
     sticks:   dense  smooth     PW     G-vecs:    dense   smooth      PW
     Sum         559     283     91                 8801     3119     609
 
     Using Slab Decomposition
 

     Check: negative core charge=   -0.000003
     Dense k-grid : 16  16  16
     Number of k(dense) : 145
     [opt_tetra]  Optimized tetrahedron method is used.
 
     Number of bands :      10
     Number of k times spin :     145
     Number of symmetries :      48
     Lowest band which contains FS :       2
     Highest band which contains FS :       3
     [opt_tetra]  Optimized tetrahedron method is used.

     #####  Read from STDIN  #####

                    Temparature[K] : -0.10000E+01
                         Xi cutoff : -0.10000E+01
                        First band : 1
                         Last band : 10
        # of Matsubara frequencies : 10
                           # of xi : 100
            # of energy for QP-DOS : 50
              Minimum energy scale :  0.10000E-06
       Max energy for QP-DOS [meV] :  0.70000E+00
             Convergense threshold :  0.10000E-14
                      Max itration : 100
                  Spin-fluctuation :  T
                      SCDFT kernel : 1
                         Z_Coulomb :  F
                   Min. freq.[THz] :  0.00000E+00
                  Min. freq. ratio : -0.10000E+01
                   Bisection steps : 10
                Bisection min. [K] : -0.10000E+01
                Bisection max. [K] : -0.10000E+01
             Q_{FFLO} [fractional] :  0.00000E+00 0.00000E+00 0.00000E+00
                 Q_{FFLO} [Ang^-1] :  0.00000E+00
               Delta initial guess : random-nodeless

     #####  Read from elph*.dat  #####

       k grid for MEs : 4  4  4
       Number of modes : 3


     Dynamical matrices for ( 4, 4, 4)  uniform grid of q-points
     With a half shift  1  1  1
     (  10 q-points):
       N         xq(1)         xq(2)         xq(3) 
       1   0.088388348   0.088388348   0.088388348
       2   0.265165043   0.265165043  -0.088388348
       3  -0.265165043  -0.265165043   0.441941738
       4  -0.088388348  -0.088388348   0.265165043
       5   0.441941738   0.088388348   0.088388348
       6  -0.088388348  -0.441941738   0.618718434
       7   0.088388348  -0.265165043   0.441941738
       8  -0.618718434   0.088388348   0.088388348
       9   0.265165043   0.265165043   0.265165043
      10  -0.265165043  -0.265165043   0.795495129
     Because shifted q grid is used, q2r will not work !

     #####  Read from vc*.dat  #####

       Dimention of Chebyshev interpolation : 5

     #####  Set or read initial delta  #####

       Initial delta is theta function
       Number of symmetries conserving q_FFLO :    48
       DOS(E_F)[/Ry/cell/spin] :  0.27293E+01
       DOS(E_F)[/Ry/cell/spin] :  0.27293E+01
       Number of total points for gap equation : 10671  10348

     #####  Average matrix in grid  #####

         Total RAM for Vc per process :   0.36E-02 GB
         Total RAM for gg per process :   0.43E-04 GB
         Total RAM for Vc (temporary) per process :   0.51E-03 GB
         Total RAM for gg (temporary) per process :   0.61E-05 GB

     #####  Compute renormalization factor : Z  #####

       Averaged Z_{FS} :  0.45619E+00   0.45800E+00

     #####  Compute effective interaction  #####


     #####  Solve gap equation  #####


       Iteration 1

         Residual[Ry] :  0.32432E-04
          Delta [meV] :  0.20726E+02   0.20537E+02

       Iteration 2

         Residual[Ry] :  0.11089E-04
          Delta [meV] :  0.11710E+02   0.11152E+02

       Iteration 3

         Residual[Ry] :  0.36291E-05
          Delta [meV] :  0.71056E+01   0.63167E+01

       Iteration 4

         Residual[Ry] :  0.29129E-05
          Delta [meV] :  0.59091E+01   0.51507E+01

       Iteration 5

         Residual[Ry] :  0.13171E-05
          Delta [meV] :  0.25018E+01   0.85341E+00

       Iteration 6

         Residual[Ry] :  0.17961E-05
          Delta [meV] :  0.25124E+01   0.24022E+00

       Iteration 7

         Residual[Ry] :  0.80161E-06
          Delta [meV] :  0.18885E+01   0.83116E+00

       Iteration 8

         Residual[Ry] :  0.23256E-06
          Delta [meV] :  0.13898E+01   0.12655E+01

       Iteration 9

         Residual[Ry] :  0.19323E-06
          Delta [meV] :  0.12820E+01   0.12336E+01

       Iteration 10

         Residual[Ry] :  0.13837E-06
          Delta [meV] :  0.10694E+01   0.10301E+01

       Iteration 11

         Residual[Ry] :  0.83009E-07
          Delta [meV] :  0.66332E+00   0.67788E+00

       Iteration 12

         Residual[Ry] :  0.64631E-07
          Delta [meV] :  0.54816E+00   0.58302E+00

       Iteration 13

         Residual[Ry] :  0.46140E-07
          Delta [meV] :  0.45529E+00   0.48513E+00

       Iteration 14

         Residual[Ry] :  0.24244E-07
          Delta [meV] :  0.34464E+00   0.34524E+00

       Iteration 15

         Residual[Ry] :  0.13600E-07
          Delta [meV] :  0.21625E+00   0.20437E+00

       Iteration 16

         Residual[Ry] :  0.10277E-07
          Delta [meV] :  0.19406E+00   0.18504E+00

       Iteration 17

         Residual[Ry] :  0.72495E-08
          Delta [meV] :  0.18066E+00   0.17871E+00

       Iteration 18

         Residual[Ry] :  0.50426E-08
          Delta [meV] :  0.17958E+00   0.17754E+00

       Iteration 19

         Residual[Ry] :  0.28110E-08
          Delta [meV] :  0.16040E+00   0.16010E+00

       Iteration 20

         Residual[Ry] :  0.19939E-08
          Delta [meV] :  0.14975E+00   0.14995E+00

       Iteration 21

         Residual[Ry] :  0.14435E-08
          Delta [meV] :  0.14555E+00   0.14544E+00

       Iteration 22

         Residual[Ry] :  0.79820E-09
          Delta [meV] :  0.14011E+00   0.13960E+00

       Iteration 23

         Residual[Ry] :  0.50920E-09
          Delta [meV] :  0.13997E+00   0.13922E+00

       Iteration 24

         Residual[Ry] :  0.30527E-09
          Delta [meV] :  0.13997E+00   0.13909E+00

       Iteration 25

         Residual[Ry] :  0.23234E-09
          Delta [meV] :  0.13999E+00   0.13914E+00

       Iteration 26

         Residual[Ry] :  0.92626E-10
          Delta [meV] :  0.14012E+00   0.13939E+00

       Iteration 27

         Residual[Ry] :  0.81818E-10
          Delta [meV] :  0.14013E+00   0.13939E+00

       Iteration 28

         Residual[Ry] :  0.50259E-10
          Delta [meV] :  0.14011E+00   0.13934E+00

       Iteration 29

         Residual[Ry] :  0.31448E-10
          Delta [meV] :  0.14008E+00   0.13930E+00

       Iteration 30

         Residual[Ry] :  0.25751E-10
          Delta [meV] :  0.14006E+00   0.13930E+00

       Iteration 31

         Residual[Ry] :  0.90282E-11
          Delta [meV] :  0.14001E+00   0.13927E+00

       Iteration 32

         Residual[Ry] :  0.62252E-11
          Delta [meV] :  0.14001E+00   0.13926E+00

       Iteration 33

         Residual[Ry] :  0.39147E-11
          Delta [meV] :  0.14000E+00   0.13925E+00

       Iteration 34

         Residual[Ry] :  0.17713E-11
          Delta [meV] :  0.14000E+00   0.13925E+00

       Iteration 35

         Residual[Ry] :  0.11205E-11
          Delta [meV] :  0.14000E+00   0.13925E+00

       Iteration 36

         Residual[Ry] :  0.79242E-12
          Delta [meV] :  0.14000E+00   0.13925E+00

       Iteration 37

         Residual[Ry] :  0.24816E-12
          Delta [meV] :  0.14000E+00   0.13925E+00

       Iteration 38

         Residual[Ry] :  0.20790E-12
          Delta [meV] :  0.14000E+00   0.13925E+00

       Iteration 39

         Residual[Ry] :  0.89376E-13
          Delta [meV] :  0.14000E+00   0.13925E+00

       Iteration 40

         Residual[Ry] :  0.79133E-13
          Delta [meV] :  0.14000E+00   0.13925E+00

       Iteration 41

         Residual[Ry] :  0.47169E-13
          Delta [meV] :  0.14000E+00   0.13925E+00

       Iteration 42

         Residual[Ry] :  0.28019E-13
          Delta [meV] :  0.14000E+00   0.13925E+00

       Iteration 43

         Residual[Ry] :  0.23709E-13
          Delta [meV] :  0.14000E+00   0.13925E+00

       Iteration 44

         Residual[Ry] :  0.65694E-14
          Delta [meV] :  0.14000E+00   0.13925E+00

       Iteration 45

         Residual[Ry] :  0.47591E-14
          Delta [meV] :  0.14000E+00   0.13925E+00

       Iteration 46

         Residual[Ry] :  0.30864E-14
          Delta [meV] :  0.14000E+00   0.13925E+00

       Iteration 47

         Residual[Ry] :  0.10628E-14
          Delta [meV] :  0.14000E+00   0.13925E+00

       Iteration 48

         Residual[Ry] :  0.82313E-15
          Delta [meV] :  0.14000E+00   0.13925E+00

       Converged ! iter = 48


     T[K]-D[meV]     0.00000E+00    0.13963E+00

       Initial delta is read from file (./pwscf.scgap)
       Number of total points for gap equation : 10671  10348
       DOS(E_F)[Ry^-1/cell/spin] :  0.27294E+01
       DOS(E_F)[Ry^-1/cell/spin] :  0.27298E+01

     #####  Compute renormalization factor : Z  #####

       Averaged Z_{FS} :  0.45363E+00   0.45544E+00

     #####  Compute effective interaction  #####


     #####  Solve gap equation  #####


       Iteration 1

         Residual[Ry] :  0.48789E-08
          Delta [meV] :  0.14000E+00   0.13925E+00

       Iteration 2

         Residual[Ry] :  0.25615E-08
          Delta [meV] :  0.13937E+00   0.13863E+00

       Iteration 3

         Residual[Ry] :  0.22882E-08
          Delta [meV] :  0.13770E+00   0.13692E+00

       Iteration 4

         Residual[Ry] :  0.21883E-08
          Delta [meV] :  0.13487E+00   0.13394E+00

       Iteration 5

         Residual[Ry] :  0.23347E-08
          Delta [meV] :  0.12162E+00   0.11955E+00

       Iteration 6

         Residual[Ry] :  0.24235E-08
          Delta [meV] :  0.12283E+00   0.12066E+00

       Iteration 7

         Residual[Ry] :  0.13236E-08
          Delta [meV] :  0.98195E-01   0.97322E-01

       Iteration 8

         Residual[Ry] :  0.10112E-08
          Delta [meV] :  0.88304E-01   0.87789E-01

       Iteration 9

         Residual[Ry] :  0.72212E-09
          Delta [meV] :  0.79115E-01   0.78721E-01

       Iteration 10

         Residual[Ry] :  0.36151E-09
          Delta [meV] :  0.62266E-01   0.61993E-01

       Iteration 11

         Residual[Ry] :  0.27778E-09
          Delta [meV] :  0.48305E-01   0.47984E-01

       Iteration 12

         Residual[Ry] :  0.26765E-09
          Delta [meV] :  0.40981E-01   0.40749E-01

       Iteration 13

         Residual[Ry] :  0.21988E-09
          Delta [meV] :  0.38121E-01   0.37890E-01

       Iteration 14

         Residual[Ry] :  0.80263E-10
          Delta [meV] :  0.28805E-01   0.28706E-01

       Iteration 15

         Residual[Ry] :  0.29055E-10
          Delta [meV] :  0.24168E-01   0.24097E-01

       Iteration 16

         Residual[Ry] :  0.24704E-10
          Delta [meV] :  0.22949E-01   0.22878E-01

       Iteration 17

         Residual[Ry] :  0.10772E-10
          Delta [meV] :  0.19419E-01   0.19354E-01

       Iteration 18

         Residual[Ry] :  0.46056E-11
          Delta [meV] :  0.17718E-01   0.17655E-01

       Iteration 19

         Residual[Ry] :  0.33665E-11
          Delta [meV] :  0.17546E-01   0.17485E-01

       Iteration 20

         Residual[Ry] :  0.23905E-11
          Delta [meV] :  0.17318E-01   0.17259E-01

       Iteration 21

         Residual[Ry] :  0.21636E-11
          Delta [meV] :  0.17105E-01   0.17047E-01

       Iteration 22

         Residual[Ry] :  0.15913E-11
          Delta [meV] :  0.16591E-01   0.16536E-01

       Iteration 23

         Residual[Ry] :  0.77157E-12
          Delta [meV] :  0.15549E-01   0.15498E-01

       Iteration 24

         Residual[Ry] :  0.60428E-12
          Delta [meV] :  0.15421E-01   0.15370E-01

       Iteration 25

         Residual[Ry] :  0.32547E-12
          Delta [meV] :  0.15212E-01   0.15161E-01

       Iteration 26

         Residual[Ry] :  0.22561E-12
          Delta [meV] :  0.15096E-01   0.15045E-01

       Iteration 27

         Residual[Ry] :  0.12077E-12
          Delta [meV] :  0.15008E-01   0.14957E-01

       Iteration 28

         Residual[Ry] :  0.65119E-13
          Delta [meV] :  0.14920E-01   0.14870E-01

       Iteration 29

         Residual[Ry] :  0.45162E-13
          Delta [meV] :  0.14896E-01   0.14846E-01

       Iteration 30

         Residual[Ry] :  0.25353E-13
          Delta [meV] :  0.14879E-01   0.14829E-01

       Iteration 31

         Residual[Ry] :  0.15994E-13
          Delta [meV] :  0.14882E-01   0.14832E-01

       Iteration 32

         Residual[Ry] :  0.33625E-14
          Delta [meV] :  0.14885E-01   0.14835E-01

       Iteration 33

         Residual[Ry] :  0.24168E-14
          Delta [meV] :  0.14884E-01   0.14834E-01

       Iteration 34

         Residual[Ry] :  0.16316E-14
          Delta [meV] :  0.14883E-01   0.14834E-01

       Iteration 35

         Residual[Ry] :  0.37758E-15
          Delta [meV] :  0.14883E-01   0.14833E-01

       Converged ! iter = 35

       Super current [a.u.] :             NaN            NaN

     T[K]-D[meV]:     0.91542E+00    0.14858E-01

       Initial delta is read from file (./pwscf.scgap)
       Number of total points for gap equation : 10671  10348
       DOS(E_F)[Ry^-1/cell/spin] :  0.27294E+01
       DOS(E_F)[Ry^-1/cell/spin] :  0.27298E+01

     #####  Compute renormalization factor : Z  #####

       Averaged Z_{FS} :  0.45110E+00   0.45291E+00

     #####  Compute effective interaction  #####


     #####  Solve gap equation  #####


       Iteration 1

         Residual[Ry] :  0.13736E-07
          Delta [meV] :  0.14000E+00   0.13925E+00

       Iteration 2

         Residual[Ry] :  0.72012E-08
          Delta [meV] :  0.13839E+00   0.13762E+00

       Iteration 3

         Residual[Ry] :  0.63883E-08
          Delta [meV] :  0.13388E+00   0.13292E+00

       Iteration 4

         Residual[Ry] :  0.60606E-08
          Delta [meV] :  0.12636E+00   0.12487E+00

       Iteration 5

         Residual[Ry] :  0.64772E-08
          Delta [meV] :  0.94789E-01   0.89802E-01

       Iteration 6

         Residual[Ry] :  0.67584E-08
          Delta [meV] :  0.97857E-01   0.92588E-01

       Iteration 7

         Residual[Ry] :  0.25644E-08
          Delta [meV] :  0.31855E-01   0.30670E-01

       Iteration 8

         Residual[Ry] :  0.17174E-08
          Delta [meV] :  0.16707E-01   0.16428E-01

       Iteration 9

         Residual[Ry] :  0.12145E-08
          Delta [meV] :  0.12388E-01   0.12269E-01

       Iteration 10

         Residual[Ry] :  0.30070E-09
          Delta [meV] :  0.42231E-02   0.41095E-02

       Iteration 11

         Residual[Ry] :  0.84971E-10
          Delta [meV] :  0.35318E-03   0.39845E-03

       Iteration 12

         Residual[Ry] :  0.54401E-10
          Delta [meV] :  0.40963E-03   0.42607E-03

       Iteration 13

         Residual[Ry] :  0.38871E-10
          Delta [meV] :  0.20341E-03   0.20811E-03

       Iteration 14

         Residual[Ry] :  0.29258E-10
          Delta [meV] :  0.18003E-03   0.18037E-03

       Iteration 15

         Residual[Ry] :  0.90798E-11
          Delta [meV] :  0.37711E-04   0.42181E-04

       Iteration 16

         Residual[Ry] :  0.71141E-11
          Delta [meV] :  0.21477E-04   0.24664E-04

       Iteration 17

         Residual[Ry] :  0.35713E-11
          Delta [meV] :  0.25287E-04   0.24378E-04

       Iteration 18

         Residual[Ry] :  0.14990E-11
          Delta [meV] :  0.12317E-04   0.99355E-05

       Iteration 19

         Residual[Ry] :  0.11569E-11
          Delta [meV] :  0.96584E-05   0.82798E-05

       Iteration 20

         Residual[Ry] :  0.56218E-12
          Delta [meV] :  0.31639E-05   0.28417E-05

       Iteration 21

         Residual[Ry] :  0.27703E-12
          Delta [meV] :  0.67376E-06   0.43684E-06

       Iteration 22

         Residual[Ry] :  0.20731E-12
          Delta [meV] :  0.60987E-06   0.44445E-06

       Iteration 23

         Residual[Ry] :  0.62830E-13
          Delta [meV] :  0.36846E-06   0.37888E-06

       Iteration 24

         Residual[Ry] :  0.49802E-13
          Delta [meV] :  0.29582E-06   0.30296E-06

       Iteration 25

         Residual[Ry] :  0.56482E-14
          Delta [meV] :  0.12962E-07   0.11466E-07

       Iteration 26

         Residual[Ry] :  0.43551E-14
          Delta [meV] :  0.92458E-08   0.83151E-08

       Iteration 27

         Residual[Ry] :  0.63808E-15
          Delta [meV] :  0.21654E-08   0.23847E-08

       Converged ! iter = 27

       Super current [a.u.] :             NaN            NaN

     T[K]-D[meV]:     0.18308E+01    0.22751E-08

       Initial delta is read from file (./pwscf.scgap)
       Number of total points for gap equation : 10671  10348
       DOS(E_F)[Ry^-1/cell/spin] :  0.27294E+01
       DOS(E_F)[Ry^-1/cell/spin] :  0.27298E+01

     #####  Compute renormalization factor : Z  #####

       Averaged Z_{FS} :  0.45363E+00   0.45544E+00

     #####  Compute effective interaction  #####


     #####  Solve gap equation  #####


       Iteration 1

         Residual[Ry] :  0.48789E-08
          Delta [meV] :  0.14000E+00   0.13925E+00

       Iteration 2

         Residual[Ry] :  0.25615E-08
          Delta [meV] :  0.13937E+00   0.13863E+00

       Iteration 3

         Residual[Ry] :  0.22882E-08
          Delta [meV] :  0.13770E+00   0.13692E+00

       Iteration 4

         Residual[Ry] :  0.21883E-08
          Delta [meV] :  0.13487E+00   0.13394E+00

       Iteration 5

         Residual[Ry] :  0.23347E-08
          Delta [meV] :  0.12162E+00   0.11955E+00

       Iteration 6

         Residual[Ry] :  0.24235E-08
          Delta [meV] :  0.12283E+00   0.12066E+00

       Iteration 7

         Residual[Ry] :  0.13236E-08
          Delta [meV] :  0.98195E-01   0.97322E-01

       Iteration 8

         Residual[Ry] :  0.10112E-08
          Delta [meV] :  0.88304E-01   0.87789E-01

       Iteration 9

         Residual[Ry] :  0.72212E-09
          Delta [meV] :  0.79115E-01   0.78721E-01

       Iteration 10

         Residual[Ry] :  0.36151E-09
          Delta [meV] :  0.62266E-01   0.61993E-01

       Iteration 11

         Residual[Ry] :  0.27778E-09
          Delta [meV] :  0.48305E-01   0.47984E-01

       Iteration 12

         Residual[Ry] :  0.26765E-09
          Delta [meV] :  0.40981E-01   0.40749E-01

       Iteration 13

         Residual[Ry] :  0.21988E-09
          Delta [meV] :  0.38121E-01   0.37890E-01

       Iteration 14

         Residual[Ry] :  0.80263E-10
          Delta [meV] :  0.28805E-01   0.28706E-01

       Iteration 15

         Residual[Ry] :  0.29055E-10
          Delta [meV] :  0.24168E-01   0.24097E-01

       Iteration 16

         Residual[Ry] :  0.24704E-10
          Delta [meV] :  0.22949E-01   0.22878E-01

       Iteration 17

         Residual[Ry] :  0.10772E-10
          Delta [meV] :  0.19419E-01   0.19354E-01

       Iteration 18

         Residual[Ry] :  0.46056E-11
          Delta [meV] :  0.17718E-01   0.17655E-01

       Iteration 19

         Residual[Ry] :  0.33665E-11
          Delta [meV] :  0.17546E-01   0.17485E-01

       Iteration 20

         Residual[Ry] :  0.23905E-11
          Delta [meV] :  0.17318E-01   0.17259E-01

       Iteration 21

         Residual[Ry] :  0.21636E-11
          Delta [meV] :  0.17105E-01   0.17047E-01

       Iteration 22

         Residual[Ry] :  0.15913E-11
          Delta [meV] :  0.16591E-01   0.16536E-01

       Iteration 23

         Residual[Ry] :  0.77157E-12
          Delta [meV] :  0.15549E-01   0.15498E-01

       Iteration 24

         Residual[Ry] :  0.60428E-12
          Delta [meV] :  0.15421E-01   0.15370E-01

       Iteration 25

         Residual[Ry] :  0.32547E-12
          Delta [meV] :  0.15212E-01   0.15161E-01

       Iteration 26

         Residual[Ry] :  0.22561E-12
          Delta [meV] :  0.15096E-01   0.15045E-01

       Iteration 27

         Residual[Ry] :  0.12077E-12
          Delta [meV] :  0.15008E-01   0.14957E-01

       Iteration 28

         Residual[Ry] :  0.65119E-13
          Delta [meV] :  0.14920E-01   0.14870E-01

       Iteration 29

         Residual[Ry] :  0.45162E-13
          Delta [meV] :  0.14896E-01   0.14846E-01

       Iteration 30

         Residual[Ry] :  0.25353E-13
          Delta [meV] :  0.14879E-01   0.14829E-01

       Iteration 31

         Residual[Ry] :  0.15994E-13
          Delta [meV] :  0.14882E-01   0.14832E-01

       Iteration 32

         Residual[Ry] :  0.33625E-14
          Delta [meV] :  0.14885E-01   0.14835E-01

       Iteration 33

         Residual[Ry] :  0.24168E-14
          Delta [meV] :  0.14884E-01   0.14834E-01

       Iteration 34

         Residual[Ry] :  0.16316E-14
          Delta [meV] :  0.14883E-01   0.14834E-01

       Iteration 35

         Residual[Ry] :  0.37758E-15
          Delta [meV] :  0.14883E-01   0.14833E-01

       Converged ! iter = 35

       Super current [a.u.] :             NaN            NaN

     T[K]-D[meV]:     0.91542E+00    0.14858E-01

       Initial delta is read from file (./pwscf.scgap)
       Number of total points for gap equation : 10671  10348
       DOS(E_F)[Ry^-1/cell/spin] :  0.27294E+01
       DOS(E_F)[Ry^-1/cell/spin] :  0.27298E+01

     #####  Compute renormalization factor : Z  #####

       Averaged Z_{FS} :  0.45236E+00   0.45417E+00

     #####  Compute effective interaction  #####


     #####  Solve gap equation  #####


       Iteration 1

         Residual[Ry] :  0.96210E-08
          Delta [meV] :  0.14000E+00   0.13925E+00

       Iteration 2

         Residual[Ry] :  0.50496E-08
          Delta [meV] :  0.13885E+00   0.13810E+00

       Iteration 3

         Residual[Ry] :  0.45056E-08
          Delta [meV] :  0.13565E+00   0.13478E+00

       Iteration 4

         Residual[Ry] :  0.43147E-08
          Delta [meV] :  0.13028E+00   0.12906E+00

       Iteration 5

         Residual[Ry] :  0.46402E-08
          Delta [meV] :  0.10909E+00   0.10565E+00

       Iteration 6

         Residual[Ry] :  0.47687E-08
          Delta [meV] :  0.11092E+00   0.10735E+00

       Iteration 7

         Residual[Ry] :  0.24247E-08
          Delta [meV] :  0.58385E-01   0.57302E-01

       Iteration 8

         Residual[Ry] :  0.17358E-08
          Delta [meV] :  0.39318E-01   0.38871E-01

       Iteration 9

         Residual[Ry] :  0.11276E-08
          Delta [meV] :  0.24130E-01   0.24024E-01

       Iteration 10

         Residual[Ry] :  0.57610E-09
          Delta [meV] :  0.13282E-01   0.13166E-01

       Iteration 11

         Residual[Ry] :  0.80722E-10
          Delta [meV] :  0.51034E-04   0.10952E-03

       Iteration 12

         Residual[Ry] :  0.59279E-10
          Delta [meV] :  0.55410E-03   0.59477E-03

       Iteration 13

         Residual[Ry] :  0.41449E-10
          Delta [meV] :  0.52472E-03   0.52351E-03

       Iteration 14

         Residual[Ry] :  0.31319E-10
          Delta [meV] :  0.10594E-03   0.10827E-03

       Iteration 15

         Residual[Ry] :  0.20000E-10
          Delta [meV] :  0.18348E-03   0.17577E-03

       Iteration 16

         Residual[Ry] :  0.88031E-11
          Delta [meV] :  0.17326E-04   0.22183E-04

       Iteration 17

         Residual[Ry] :  0.65803E-11
          Delta [meV] :  0.28445E-04   0.30938E-04

       Iteration 18

         Residual[Ry] :  0.23383E-11
          Delta [meV] :  0.36546E-04   0.34321E-04

       Iteration 19

         Residual[Ry] :  0.16687E-11
          Delta [meV] :  0.26779E-04   0.25025E-04

       Iteration 20

         Residual[Ry] :  0.61788E-12
          Delta [meV] :  0.62821E-05   0.60344E-05

       Iteration 21

         Residual[Ry] :  0.37451E-12
          Delta [meV] :  0.37844E-06   0.44955E-06

       Iteration 22

         Residual[Ry] :  0.26726E-12
          Delta [meV] :  0.44607E-06   0.26150E-06

       Iteration 23

         Residual[Ry] :  0.74437E-13
          Delta [meV] :  0.91835E-06   0.90954E-06

       Iteration 24

         Residual[Ry] :  0.58941E-13
          Delta [meV] :  0.75397E-06   0.74829E-06

       Iteration 25

         Residual[Ry] :  0.10893E-13
          Delta [meV] :  0.13557E-06   0.13273E-06

       Iteration 26

         Residual[Ry] :  0.54087E-14
          Delta [meV] :  0.29535E-07   0.27548E-07

       Iteration 27

         Residual[Ry] :  0.39541E-14
          Delta [meV] :  0.19371E-07   0.17926E-07

       Iteration 28

         Residual[Ry] :  0.58422E-15
          Delta [meV] :  0.53044E-08   0.55412E-08

       Converged ! iter = 28

       Super current [a.u.] :             NaN            NaN

     T[K]-D[meV]:     0.13731E+01    0.54228E-08

       Initial delta is read from file (./pwscf.scgap)
       Number of total points for gap equation : 10671  10348
       DOS(E_F)[Ry^-1/cell/spin] :  0.27294E+01
       DOS(E_F)[Ry^-1/cell/spin] :  0.27298E+01

     #####  Compute renormalization factor : Z  #####

       Averaged Z_{FS} :  0.45300E+00   0.45481E+00

     #####  Compute effective interaction  #####


     #####  Solve gap equation  #####


       Iteration 1

         Residual[Ry] :  0.73069E-08
          Delta [meV] :  0.14000E+00   0.13925E+00

       Iteration 2

         Residual[Ry] :  0.38359E-08
          Delta [meV] :  0.13910E+00   0.13836E+00

       Iteration 3

         Residual[Ry] :  0.34282E-08
          Delta [meV] :  0.13665E+00   0.13583E+00

       Iteration 4

         Residual[Ry] :  0.32890E-08
          Delta [meV] :  0.13251E+00   0.13144E+00

       Iteration 5

         Residual[Ry] :  0.35346E-08
          Delta [meV] :  0.11580E+00   0.11308E+00

       Iteration 6

         Residual[Ry] :  0.36282E-08
          Delta [meV] :  0.11722E+00   0.11440E+00

       Iteration 7

         Residual[Ry] :  0.20144E-08
          Delta [meV] :  0.77040E-01   0.76065E-01

       Iteration 8

         Residual[Ry] :  0.15306E-08
          Delta [meV] :  0.60687E-01   0.60191E-01

       Iteration 9

         Residual[Ry] :  0.10288E-08
          Delta [meV] :  0.42814E-01   0.42620E-01

       Iteration 10

         Residual[Ry] :  0.54190E-09
          Delta [meV] :  0.25165E-01   0.24998E-01

       Iteration 11

         Residual[Ry] :  0.15641E-09
          Delta [meV] :  0.32043E-02   0.31224E-02

       Iteration 12

         Residual[Ry] :  0.10275E-09
          Delta [meV] :  0.69613E-03   0.76415E-03

       Iteration 13

         Residual[Ry] :  0.59895E-10
          Delta [meV] :  0.10164E-02   0.10273E-02

       Iteration 14

         Residual[Ry] :  0.38466E-10
          Delta [meV] :  0.20912E-03   0.22042E-03

       Iteration 15

         Residual[Ry] :  0.31354E-10
          Delta [meV] :  0.29468E-03   0.29173E-03

       Iteration 16

         Residual[Ry] :  0.22614E-10
          Delta [meV] :  0.16400E-03   0.16341E-03

       Iteration 17

         Residual[Ry] :  0.60633E-11
          Delta [meV] :  0.73446E-04   0.74482E-04

       Iteration 18

         Residual[Ry] :  0.48052E-11
          Delta [meV] :  0.64686E-04   0.65004E-04

       Iteration 19

         Residual[Ry] :  0.13064E-11
          Delta [meV] :  0.29202E-04   0.27853E-04

       Iteration 20

         Residual[Ry] :  0.10036E-11
          Delta [meV] :  0.19883E-04   0.18983E-04

       Iteration 21

         Residual[Ry] :  0.34690E-12
          Delta [meV] :  0.20147E-05   0.17738E-05

       Iteration 22

         Residual[Ry] :  0.25214E-12
          Delta [meV] :  0.26450E-05   0.24269E-05

       Iteration 23

         Residual[Ry] :  0.81907E-13
          Delta [meV] :  0.19092E-05   0.18538E-05

       Iteration 24

         Residual[Ry] :  0.55038E-13
          Delta [meV] :  0.13177E-05   0.13050E-05

       Iteration 25

         Residual[Ry] :  0.35583E-13
          Delta [meV] :  0.83211E-06   0.82791E-06

       Iteration 26

         Residual[Ry] :  0.71719E-14
          Delta [meV] :  0.13225E-06   0.13084E-06

       Iteration 27

         Residual[Ry] :  0.39730E-14
          Delta [meV] :  0.24408E-07   0.23183E-07

       Iteration 28

         Residual[Ry] :  0.27708E-14
          Delta [meV] :  0.89871E-08   0.86368E-08

       Iteration 29

         Residual[Ry] :  0.57088E-15
          Delta [meV] :  0.84109E-08   0.85926E-08

       Converged ! iter = 29

       Super current [a.u.] :             NaN            NaN

     T[K]-D[meV]:     0.11443E+01    0.85017E-08

       Initial delta is read from file (./pwscf.scgap)
       Number of total points for gap equation : 10671  10348
       DOS(E_F)[Ry^-1/cell/spin] :  0.27294E+01
       DOS(E_F)[Ry^-1/cell/spin] :  0.27298E+01

     #####  Compute renormalization factor : Z  #####

       Averaged Z_{FS} :  0.45331E+00   0.45512E+00

     #####  Compute effective interaction  #####


     #####  Solve gap equation  #####


       Iteration 1

         Residual[Ry] :  0.61000E-08
          Delta [meV] :  0.14000E+00   0.13925E+00

       Iteration 2

         Residual[Ry] :  0.32024E-08
          Delta [meV] :  0.13923E+00   0.13850E+00

       Iteration 3

         Residual[Ry] :  0.28624E-08
          Delta [meV] :  0.13717E+00   0.13637E+00

       Iteration 4

         Residual[Ry] :  0.27442E-08
          Delta [meV] :  0.13368E+00   0.13268E+00

       Iteration 5

         Residual[Ry] :  0.29437E-08
          Delta [meV] :  0.11884E+00   0.11646E+00

       Iteration 6

         Residual[Ry] :  0.30309E-08
          Delta [meV] :  0.12014E+00   0.11765E+00

       Iteration 7

         Residual[Ry] :  0.16965E-08
          Delta [meV] :  0.87415E-01   0.86494E-01

       Iteration 8

         Residual[Ry] :  0.13054E-08
          Delta [meV] :  0.73911E-01   0.73407E-01

       Iteration 9

         Residual[Ry] :  0.90836E-09
          Delta [meV] :  0.59178E-01   0.58895E-01

       Iteration 10

         Residual[Ry] :  0.48997E-09
          Delta [meV] :  0.39444E-01   0.39236E-01

       Iteration 11

         Residual[Ry] :  0.30736E-09
          Delta [meV] :  0.15948E-01   0.15765E-01

       Iteration 12

         Residual[Ry] :  0.25283E-09
          Delta [meV] :  0.66965E-02   0.65771E-02

       Iteration 13

         Residual[Ry] :  0.11560E-09
          Delta [meV] :  0.15983E-02   0.15457E-02

       Iteration 14

         Residual[Ry] :  0.42555E-10
          Delta [meV] :  0.49228E-04   0.85008E-04

       Iteration 15

         Residual[Ry] :  0.34064E-10
          Delta [meV] :  0.44707E-04   0.65589E-04

       Iteration 16

         Residual[Ry] :  0.28484E-10
          Delta [meV] :  0.42268E-04   0.57072E-04

       Iteration 17

         Residual[Ry] :  0.21489E-10
          Delta [meV] :  0.24020E-04   0.40561E-04

       Iteration 18

         Residual[Ry] :  0.38438E-11
          Delta [meV] :  0.66169E-04   0.63294E-04

       Iteration 19

         Residual[Ry] :  0.31152E-11
          Delta [meV] :  0.54022E-04   0.52062E-04

       Iteration 20

         Residual[Ry] :  0.89828E-12
          Delta [meV] :  0.15423E-05   0.23270E-05

       Iteration 21

         Residual[Ry] :  0.69027E-12
          Delta [meV] :  0.78457E-06   0.58086E-06

       Iteration 22

         Residual[Ry] :  0.24855E-12
          Delta [meV] :  0.28670E-06   0.15394E-06

       Iteration 23

         Residual[Ry] :  0.17478E-12
          Delta [meV] :  0.24272E-06   0.20728E-06

       Iteration 24

         Residual[Ry] :  0.61127E-13
          Delta [meV] :  0.84688E-06   0.84158E-06

       Iteration 25

         Residual[Ry] :  0.35184E-13
          Delta [meV] :  0.88157E-06   0.85080E-06

       Iteration 26

         Residual[Ry] :  0.24762E-13
          Delta [meV] :  0.61985E-06   0.59690E-06

       Iteration 27

         Residual[Ry] :  0.43872E-14
          Delta [meV] :  0.13249E-07   0.12691E-07

       Iteration 28

         Residual[Ry] :  0.27016E-14
          Delta [meV] :  0.48164E-07   0.47529E-07

       Iteration 29

         Residual[Ry] :  0.19244E-14
          Delta [meV] :  0.38189E-07   0.37790E-07

       Iteration 30

         Residual[Ry] :  0.43389E-15
          Delta [meV] :  0.14229E-07   0.14255E-07

       Converged ! iter = 30

       Super current [a.u.] :             NaN            NaN

     T[K]-D[meV]:     0.10298E+01    0.14242E-07

       Initial delta is read from file (./pwscf.scgap)
       Number of total points for gap equation : 10671  10348
       DOS(E_F)[Ry^-1/cell/spin] :  0.27294E+01
       DOS(E_F)[Ry^-1/cell/spin] :  0.27298E+01

     #####  Compute renormalization factor : Z  #####

       Averaged Z_{FS} :  0.45347E+00   0.45528E+00

     #####  Compute effective interaction  #####


     #####  Solve gap equation  #####


       Iteration 1

         Residual[Ry] :  0.54898E-08
          Delta [meV] :  0.14000E+00   0.13925E+00

       Iteration 2

         Residual[Ry] :  0.28821E-08
          Delta [meV] :  0.13930E+00   0.13856E+00

       Iteration 3

         Residual[Ry] :  0.25756E-08
          Delta [meV] :  0.13744E+00   0.13665E+00

       Iteration 4

         Residual[Ry] :  0.24669E-08
          Delta [meV] :  0.13428E+00   0.13331E+00

       Iteration 5

         Residual[Ry] :  0.26410E-08
          Delta [meV] :  0.12026E+00   0.11804E+00

       Iteration 6

         Residual[Ry] :  0.27280E-08
          Delta [meV] :  0.12151E+00   0.11919E+00

       Iteration 7

         Residual[Ry] :  0.15149E-08
          Delta [meV] :  0.92773E-01   0.91877E-01

       Iteration 8

         Residual[Ry] :  0.11643E-08
          Delta [meV] :  0.81000E-01   0.80492E-01

       Iteration 9

         Residual[Ry] :  0.82132E-09
          Delta [meV] :  0.68903E-01   0.68566E-01

       Iteration 10

         Residual[Ry] :  0.43884E-09
          Delta [meV] :  0.49991E-01   0.49756E-01

       Iteration 11

         Residual[Ry] :  0.33408E-09
          Delta [meV] :  0.30264E-01   0.30010E-01

       Iteration 12

         Residual[Ry] :  0.31886E-09
          Delta [meV] :  0.21077E-01   0.20903E-01

       Iteration 13

         Residual[Ry] :  0.24311E-09
          Delta [meV] :  0.16162E-01   0.16001E-01

       Iteration 14

         Residual[Ry] :  0.93860E-10
          Delta [meV] :  0.45043E-02   0.45211E-02

       Iteration 15

         Residual[Ry] :  0.36978E-10
          Delta [meV] :  0.95361E-03   0.95401E-03

       Iteration 16

         Residual[Ry] :  0.29035E-10
          Delta [meV] :  0.11022E-02   0.11044E-02

       Iteration 17

         Residual[Ry] :  0.23322E-10
          Delta [meV] :  0.80316E-03   0.80331E-03

       Iteration 18

         Residual[Ry] :  0.39965E-11
          Delta [meV] :  0.47950E-04   0.53975E-04

       Iteration 19

         Residual[Ry] :  0.29557E-11
          Delta [meV] :  0.44004E-05   0.25219E-05

       Iteration 20

         Residual[Ry] :  0.14101E-11
          Delta [meV] :  0.21113E-05   0.17894E-05

       Iteration 21

         Residual[Ry] :  0.10702E-11
          Delta [meV] :  0.24852E-04   0.24513E-04

       Iteration 22

         Residual[Ry] :  0.43919E-12
          Delta [meV] :  0.25128E-04   0.24683E-04

       Iteration 23

         Residual[Ry] :  0.22078E-12
          Delta [meV] :  0.66548E-05   0.64891E-05

       Iteration 24

         Residual[Ry] :  0.13765E-12
          Delta [meV] :  0.10538E-05   0.10925E-05

       Iteration 25

         Residual[Ry] :  0.98631E-13
          Delta [meV] :  0.75662E-06   0.78876E-06

       Iteration 26

         Residual[Ry] :  0.20798E-13
          Delta [meV] :  0.46158E-06   0.46946E-06

       Iteration 27

         Residual[Ry] :  0.16410E-13
          Delta [meV] :  0.47264E-06   0.47781E-06

       Iteration 28

         Residual[Ry] :  0.24136E-14
          Delta [meV] :  0.26494E-06   0.26301E-06

       Iteration 29

         Residual[Ry] :  0.18272E-14
          Delta [meV] :  0.19175E-06   0.19030E-06

       Iteration 30

         Residual[Ry] :  0.95141E-15
          Delta [meV] :  0.10076E-06   0.10008E-06

       Converged ! iter = 30

       Super current [a.u.] :             NaN            NaN

     T[K]-D[meV]:     0.97263E+00    0.10042E-06

       Initial delta is read from file (./pwscf.scgap)
       Number of total points for gap equation : 10671  10348
       DOS(E_F)[Ry^-1/cell/spin] :  0.27294E+01
       DOS(E_F)[Ry^-1/cell/spin] :  0.27298E+01

     #####  Compute renormalization factor : Z  #####

       Averaged Z_{FS} :  0.45355E+00   0.45536E+00

     #####  Compute effective interaction  #####


     #####  Solve gap equation  #####


       Iteration 1

         Residual[Ry] :  0.51842E-08
          Delta [meV] :  0.14000E+00   0.13925E+00

       Iteration 2

         Residual[Ry] :  0.27217E-08
          Delta [meV] :  0.13934E+00   0.13860E+00

       Iteration 3

         Residual[Ry] :  0.24319E-08
          Delta [meV] :  0.13757E+00   0.13678E+00

       Iteration 4

         Residual[Ry] :  0.23276E-08
          Delta [meV] :  0.13457E+00   0.13363E+00

       Iteration 5

         Residual[Ry] :  0.24882E-08
          Delta [meV] :  0.12095E+00   0.11880E+00

       Iteration 6

         Residual[Ry] :  0.25758E-08
          Delta [meV] :  0.12218E+00   0.11993E+00

       Iteration 7

         Residual[Ry] :  0.14201E-08
          Delta [meV] :  0.95479E-01   0.94594E-01

       Iteration 8

         Residual[Ry] :  0.10888E-08
          Delta [meV] :  0.84631E-01   0.84121E-01

       Iteration 9

         Residual[Ry] :  0.77275E-09
          Delta [meV] :  0.73982E-01   0.73616E-01

       Iteration 10

         Residual[Ry] :  0.40325E-09
          Delta [meV] :  0.55976E-01   0.55724E-01

       Iteration 11

         Residual[Ry] :  0.31459E-09
          Delta [meV] :  0.39039E-01   0.38750E-01

       Iteration 12

         Residual[Ry] :  0.30759E-09
          Delta [meV] :  0.30647E-01   0.30444E-01

       Iteration 13

         Residual[Ry] :  0.26224E-09
          Delta [meV] :  0.27581E-01   0.27380E-01

       Iteration 14

         Residual[Ry] :  0.10960E-09
          Delta [meV] :  0.14582E-01   0.14546E-01

       Iteration 15

         Residual[Ry] :  0.33804E-10
          Delta [meV] :  0.71032E-02   0.70929E-02

       Iteration 16

         Residual[Ry] :  0.29388E-10
          Delta [meV] :  0.57198E-02   0.57093E-02

       Iteration 17

         Residual[Ry] :  0.20229E-10
          Delta [meV] :  0.33996E-02   0.33927E-02

       Iteration 18

         Residual[Ry] :  0.69124E-11
          Delta [meV] :  0.69835E-04   0.73766E-04

       Iteration 19

         Residual[Ry] :  0.43981E-11
          Delta [meV] :  0.12682E-03   0.12246E-03

       Iteration 20

         Residual[Ry] :  0.16343E-11
          Delta [meV] :  0.36866E-03   0.36532E-03

       Iteration 21

         Residual[Ry] :  0.12891E-11
          Delta [meV] :  0.28143E-03   0.27921E-03

       Iteration 22

         Residual[Ry] :  0.67826E-12
          Delta [meV] :  0.80854E-04   0.80872E-04

       Iteration 23

         Residual[Ry] :  0.49615E-12
          Delta [meV] :  0.55877E-04   0.55957E-04

       Iteration 24

         Residual[Ry] :  0.91789E-13
          Delta [meV] :  0.59572E-05   0.59938E-05

       Iteration 25

         Residual[Ry] :  0.70490E-13
          Delta [meV] :  0.22703E-05   0.22975E-05

       Iteration 26

         Residual[Ry] :  0.41451E-13
          Delta [meV] :  0.83966E-06   0.85829E-06

       Iteration 27

         Residual[Ry] :  0.71916E-14
          Delta [meV] :  0.32560E-06   0.32336E-06

       Iteration 28

         Residual[Ry] :  0.54969E-14
          Delta [meV] :  0.32781E-06   0.32653E-06

       Iteration 29

         Residual[Ry] :  0.18286E-14
          Delta [meV] :  0.14028E-06   0.13977E-06

       Iteration 30

         Residual[Ry] :  0.78617E-15
          Delta [meV] :  0.95307E-07   0.95184E-07

       Converged ! iter = 30

       Super current [a.u.] :             NaN            NaN

     T[K]-D[meV]:     0.94403E+00    0.95246E-07

       Initial delta is read from file (./pwscf.scgap)
       Number of total points for gap equation : 10671  10348
       DOS(E_F)[Ry^-1/cell/spin] :  0.27294E+01
       DOS(E_F)[Ry^-1/cell/spin] :  0.27298E+01

     #####  Compute renormalization factor : Z  #####

       Averaged Z_{FS} :  0.45359E+00   0.45540E+00

     #####  Compute effective interaction  #####


     #####  Solve gap equation  #####


       Iteration 1

         Residual[Ry] :  0.50315E-08
          Delta [meV] :  0.14000E+00   0.13925E+00

       Iteration 2

         Residual[Ry] :  0.26416E-08
          Delta [meV] :  0.13935E+00   0.13862E+00

       Iteration 3

         Residual[Ry] :  0.23600E-08
          Delta [meV] :  0.13763E+00   0.13685E+00

       Iteration 4

         Residual[Ry] :  0.22580E-08
          Delta [meV] :  0.13472E+00   0.13379E+00

       Iteration 5

         Residual[Ry] :  0.24115E-08
          Delta [meV] :  0.12129E+00   0.11918E+00

       Iteration 6

         Residual[Ry] :  0.24997E-08
          Delta [meV] :  0.12251E+00   0.12029E+00

       Iteration 7

         Residual[Ry] :  0.13720E-08
          Delta [meV] :  0.96836E-01   0.95957E-01

       Iteration 8

         Residual[Ry] :  0.10502E-08
          Delta [meV] :  0.86463E-01   0.85951E-01

       Iteration 9

         Residual[Ry] :  0.74762E-09
          Delta [meV] :  0.76546E-01   0.76166E-01

       Iteration 10

         Residual[Ry] :  0.38306E-09
          Delta [meV] :  0.59093E-01   0.58831E-01

       Iteration 11

         Residual[Ry] :  0.29784E-09
          Delta [meV] :  0.43639E-01   0.43335E-01

       Iteration 12

         Residual[Ry] :  0.29057E-09
          Delta [meV] :  0.35749E-01   0.35532E-01

       Iteration 13

         Residual[Ry] :  0.24696E-09
          Delta [meV] :  0.32917E-01   0.32701E-01

       Iteration 14

         Residual[Ry] :  0.10041E-09
          Delta [meV] :  0.21364E-01   0.21297E-01

       Iteration 15

         Residual[Ry] :  0.33323E-10
          Delta [meV] :  0.14493E-01   0.14458E-01

       Iteration 16

         Residual[Ry] :  0.29059E-10
          Delta [meV] :  0.12546E-01   0.12513E-01

       Iteration 17

         Residual[Ry] :  0.17332E-10
          Delta [meV] :  0.84507E-02   0.84263E-02

       Iteration 18

         Residual[Ry] :  0.63969E-11
          Delta [meV] :  0.41050E-02   0.40891E-02

       Iteration 19

         Residual[Ry] :  0.47828E-11
          Delta [meV] :  0.36185E-02   0.36043E-02

       Iteration 20

         Residual[Ry] :  0.35129E-11
          Delta [meV] :  0.30953E-02   0.30845E-02

       Iteration 21

         Residual[Ry] :  0.31630E-11
          Delta [meV] :  0.26965E-02   0.26876E-02

       Iteration 22

         Residual[Ry] :  0.23854E-11
          Delta [meV] :  0.19782E-02   0.19722E-02

       Iteration 23

         Residual[Ry] :  0.85666E-12
          Delta [meV] :  0.28484E-03   0.28507E-03

       Iteration 24

         Residual[Ry] :  0.63566E-12
          Delta [meV] :  0.23705E-03   0.23699E-03

       Iteration 25

         Residual[Ry] :  0.30114E-12
          Delta [meV] :  0.17311E-03   0.17242E-03

       Iteration 26

         Residual[Ry] :  0.23462E-12
          Delta [meV] :  0.11791E-03   0.11742E-03

       Iteration 27

         Residual[Ry] :  0.75285E-13
          Delta [meV] :  0.40369E-04   0.40211E-04

       Iteration 28

         Residual[Ry] :  0.43827E-13
          Delta [meV] :  0.59991E-06   0.57430E-06

       Iteration 29

         Residual[Ry] :  0.35890E-13
          Delta [meV] :  0.45144E-05   0.44807E-05

       Iteration 30

         Residual[Ry] :  0.19831E-13
          Delta [meV] :  0.31774E-05   0.31578E-05

       Iteration 31

         Residual[Ry] :  0.44040E-14
          Delta [meV] :  0.58296E-07   0.59091E-07

       Iteration 32

         Residual[Ry] :  0.30527E-14
          Delta [meV] :  0.16060E-06   0.16018E-06

       Iteration 33

         Residual[Ry] :  0.19249E-14
          Delta [meV] :  0.41766E-07   0.41715E-07

       Iteration 34

         Residual[Ry] :  0.39953E-15
          Delta [meV] :  0.43222E-07   0.43204E-07

       Converged ! iter = 34

       Super current [a.u.] :             NaN            NaN

     T[K]-D[meV]:     0.92972E+00    0.43213E-07

       Initial delta is read from file (./pwscf.scgap)
       Number of total points for gap equation : 10671  10348
       DOS(E_F)[Ry^-1/cell/spin] :  0.27294E+01
       DOS(E_F)[Ry^-1/cell/spin] :  0.27298E+01

     #####  Compute renormalization factor : Z  #####

       Averaged Z_{FS} :  0.45361E+00   0.45542E+00

     #####  Compute effective interaction  #####


     #####  Solve gap equation  #####


       Iteration 1

         Residual[Ry] :  0.49552E-08
          Delta [meV] :  0.14000E+00   0.13925E+00

       Iteration 2

         Residual[Ry] :  0.26015E-08
          Delta [meV] :  0.13936E+00   0.13862E+00

       Iteration 3

         Residual[Ry] :  0.23241E-08
          Delta [meV] :  0.13767E+00   0.13689E+00

       Iteration 4

         Residual[Ry] :  0.22231E-08
          Delta [meV] :  0.13480E+00   0.13386E+00

       Iteration 5

         Residual[Ry] :  0.23731E-08
          Delta [meV] :  0.12145E+00   0.11937E+00

       Iteration 6

         Residual[Ry] :  0.24616E-08
          Delta [meV] :  0.12267E+00   0.12048E+00

       Iteration 7

         Residual[Ry] :  0.13478E-08
          Delta [meV] :  0.97515E-01   0.96639E-01

       Iteration 8

         Residual[Ry] :  0.10307E-08
          Delta [meV] :  0.87382E-01   0.86869E-01

       Iteration 9

         Residual[Ry] :  0.73491E-09
          Delta [meV] :  0.77830E-01   0.77443E-01

       Iteration 10

         Residual[Ry] :  0.37244E-09
          Delta [meV] :  0.60674E-01   0.60406E-01

       Iteration 11

         Residual[Ry] :  0.28815E-09
          Delta [meV] :  0.45968E-01   0.45655E-01

       Iteration 12

         Residual[Ry] :  0.27974E-09
          Delta [meV] :  0.38352E-01   0.38128E-01

       Iteration 13

         Residual[Ry] :  0.23460E-09
          Delta [meV] :  0.35522E-01   0.35299E-01

       Iteration 14

         Residual[Ry] :  0.91349E-10
          Delta [meV] :  0.25019E-01   0.24935E-01

       Iteration 15

         Residual[Ry] :  0.31572E-10
          Delta [meV] :  0.19139E-01   0.19087E-01

       Iteration 16

         Residual[Ry] :  0.27235E-10
          Delta [meV] :  0.17434E-01   0.17383E-01

       Iteration 17

         Residual[Ry] :  0.14554E-10
          Delta [meV] :  0.13227E-01   0.13185E-01

       Iteration 18

         Residual[Ry] :  0.62039E-11
          Delta [meV] :  0.98622E-02   0.98272E-02

       Iteration 19

         Residual[Ry] :  0.50730E-11
          Delta [meV] :  0.92736E-02   0.92409E-02

       Iteration 20

         Residual[Ry] :  0.43274E-11
          Delta [meV] :  0.85846E-02   0.85559E-02

       Iteration 21

         Residual[Ry] :  0.40509E-11
          Delta [meV] :  0.80404E-02   0.80141E-02

       Iteration 22

         Residual[Ry] :  0.34493E-11
          Delta [meV] :  0.71337E-02   0.71106E-02

       Iteration 23

         Residual[Ry] :  0.17371E-11
          Delta [meV] :  0.30612E-02   0.30522E-02

       Iteration 24

         Residual[Ry] :  0.13583E-11
          Delta [meV] :  0.20033E-02   0.19973E-02

       Iteration 25

         Residual[Ry] :  0.91380E-12
          Delta [meV] :  0.13763E-02   0.13718E-02

       Iteration 26

         Residual[Ry] :  0.55475E-12
          Delta [meV] :  0.82373E-03   0.82095E-03

       Iteration 27

         Residual[Ry] :  0.22441E-12
          Delta [meV] :  0.35190E-03   0.35056E-03

       Iteration 28

         Residual[Ry] :  0.16820E-12
          Delta [meV] :  0.27206E-03   0.27099E-03

       Iteration 29

         Residual[Ry] :  0.91443E-13
          Delta [meV] :  0.94865E-04   0.94489E-04

       Iteration 30

         Residual[Ry] :  0.38573E-13
          Delta [meV] :  0.56203E-04   0.56008E-04

       Iteration 31

         Residual[Ry] :  0.30027E-13
          Delta [meV] :  0.27763E-04   0.27670E-04

       Iteration 32

         Residual[Ry] :  0.12183E-13
          Delta [meV] :  0.44681E-05   0.44533E-05

       Iteration 33

         Residual[Ry] :  0.32090E-14
          Delta [meV] :  0.90070E-06   0.89579E-06

       Iteration 34

         Residual[Ry] :  0.21474E-14
          Delta [meV] :  0.46731E-06   0.46687E-06

       Iteration 35

         Residual[Ry] :  0.14593E-14
          Delta [meV] :  0.12226E-06   0.12231E-06

       Iteration 36

         Residual[Ry] :  0.51232E-15
          Delta [meV] :  0.21679E-06   0.21650E-06

       Converged ! iter = 36

       Super current [a.u.] :             NaN            NaN

     T[K]-D[meV]:     0.92257E+00    0.21665E-06

       Initial delta is read from file (./pwscf.scgap)
       Number of total points for gap equation : 10671  10348
       DOS(E_F)[Ry^-1/cell/spin] :  0.27294E+01
       DOS(E_F)[Ry^-1/cell/spin] :  0.27298E+01

     #####  Compute renormalization factor : Z  #####

       Averaged Z_{FS} :  0.45362E+00   0.45543E+00

     #####  Compute effective interaction  #####


     #####  Solve gap equation  #####


       Iteration 1

         Residual[Ry] :  0.49170E-08
          Delta [meV] :  0.14000E+00   0.13925E+00

       Iteration 2

         Residual[Ry] :  0.25815E-08
          Delta [meV] :  0.13937E+00   0.13863E+00

       Iteration 3

         Residual[Ry] :  0.23061E-08
          Delta [meV] :  0.13768E+00   0.13690E+00

       Iteration 4

         Residual[Ry] :  0.22057E-08
          Delta [meV] :  0.13483E+00   0.13390E+00

       Iteration 5

         Residual[Ry] :  0.23539E-08
          Delta [meV] :  0.12154E+00   0.11946E+00

       Iteration 6

         Residual[Ry] :  0.24425E-08
          Delta [meV] :  0.12275E+00   0.12057E+00

       Iteration 7

         Residual[Ry] :  0.13357E-08
          Delta [meV] :  0.97855E-01   0.96981E-01

       Iteration 8

         Residual[Ry] :  0.10209E-08
          Delta [meV] :  0.87843E-01   0.87329E-01

       Iteration 9

         Residual[Ry] :  0.72852E-09
          Delta [meV] :  0.78473E-01   0.78082E-01

       Iteration 10

         Residual[Ry] :  0.36701E-09
          Delta [meV] :  0.61469E-01   0.61199E-01

       Iteration 11

         Residual[Ry] :  0.28304E-09
          Delta [meV] :  0.47136E-01   0.46819E-01

       Iteration 12

         Residual[Ry] :  0.27384E-09
          Delta [meV] :  0.39664E-01   0.39436E-01

       Iteration 13

         Residual[Ry] :  0.22749E-09
          Delta [meV] :  0.36821E-01   0.36594E-01

       Iteration 14

         Residual[Ry] :  0.86000E-10
          Delta [meV] :  0.26897E-01   0.26806E-01

       Iteration 15

         Residual[Ry] :  0.30357E-10
          Delta [meV] :  0.21620E-01   0.21559E-01

       Iteration 16

         Residual[Ry] :  0.25990E-10
          Delta [meV] :  0.20140E-01   0.20079E-01

       Iteration 17

         Residual[Ry] :  0.12676E-10
          Delta [meV] :  0.16178E-01   0.16125E-01

       Iteration 18

         Residual[Ry] :  0.54359E-11
          Delta [meV] :  0.13638E-01   0.13590E-01

       Iteration 19

         Residual[Ry] :  0.43144E-11
          Delta [meV] :  0.13231E-01   0.13185E-01

       Iteration 20

         Residual[Ry] :  0.35411E-11
          Delta [meV] :  0.12729E-01   0.12686E-01

       Iteration 21

         Residual[Ry] :  0.32998E-11
          Delta [meV] :  0.12335E-01   0.12294E-01

       Iteration 22

         Residual[Ry] :  0.27540E-11
          Delta [meV] :  0.11593E-01   0.11555E-01

       Iteration 23

         Residual[Ry] :  0.15503E-11
          Delta [meV] :  0.87474E-02   0.87192E-02

       Iteration 24

         Residual[Ry] :  0.12777E-11
          Delta [meV] :  0.79262E-02   0.79003E-02

       Iteration 25

         Residual[Ry] :  0.89657E-12
          Delta [meV] :  0.70328E-02   0.70093E-02

       Iteration 26

         Residual[Ry] :  0.63239E-12
          Delta [meV] :  0.61991E-02   0.61784E-02

       Iteration 27

         Residual[Ry] :  0.33458E-12
          Delta [meV] :  0.49953E-02   0.49784E-02

       Iteration 28

         Residual[Ry] :  0.27858E-12
          Delta [meV] :  0.46054E-02   0.45898E-02

       Iteration 29

         Residual[Ry] :  0.20630E-12
          Delta [meV] :  0.36809E-02   0.36685E-02

       Iteration 30

         Residual[Ry] :  0.17413E-12
          Delta [meV] :  0.23367E-02   0.23289E-02

       Iteration 31

         Residual[Ry] :  0.16192E-12
          Delta [meV] :  0.20006E-02   0.19939E-02

       Iteration 32

         Residual[Ry] :  0.10722E-12
          Delta [meV] :  0.99203E-03   0.98865E-03

       Iteration 33

         Residual[Ry] :  0.59732E-13
          Delta [meV] :  0.21513E-03   0.21440E-03

       Iteration 34

         Residual[Ry] :  0.25292E-13
          Delta [meV] :  0.24702E-03   0.24619E-03

       Iteration 35

         Residual[Ry] :  0.17992E-13
          Delta [meV] :  0.23725E-03   0.23646E-03

       Iteration 36

         Residual[Ry] :  0.11377E-13
          Delta [meV] :  0.13758E-03   0.13712E-03

       Iteration 37

         Residual[Ry] :  0.53869E-14
          Delta [meV] :  0.32528E-04   0.32418E-04

       Iteration 38

         Residual[Ry] :  0.35510E-14
          Delta [meV] :  0.19843E-04   0.19776E-04

       Iteration 39

         Residual[Ry] :  0.14037E-14
          Delta [meV] :  0.52621E-05   0.52446E-05

       Iteration 40

         Residual[Ry] :  0.62994E-15
          Delta [meV] :  0.82443E-05   0.82167E-05

       Converged ! iter = 40

       Super current [a.u.] :             NaN            NaN

     T[K]-D[meV]:     0.91900E+00    0.82305E-05

       Initial delta is read from file (./pwscf.scgap)
       Number of total points for gap equation : 10671  10348
       DOS(E_F)[Ry^-1/cell/spin] :  0.27294E+01
       DOS(E_F)[Ry^-1/cell/spin] :  0.27298E+01

     #####  Compute renormalization factor : Z  #####

       Averaged Z_{FS} :  0.45363E+00   0.45544E+00

     #####  Compute effective interaction  #####


     #####  Solve gap equation  #####


       Iteration 1

         Residual[Ry] :  0.48979E-08
          Delta [meV] :  0.14000E+00   0.13925E+00

       Iteration 2

         Residual[Ry] :  0.25715E-08
          Delta [meV] :  0.13937E+00   0.13863E+00

       Iteration 3

         Residual[Ry] :  0.22972E-08
          Delta [meV] :  0.13769E+00   0.13691E+00

       Iteration 4

         Residual[Ry] :  0.21970E-08
          Delta [meV] :  0.13485E+00   0.13392E+00

       Iteration 5

         Residual[Ry] :  0.23443E-08
          Delta [meV] :  0.12158E+00   0.11951E+00

       Iteration 6

         Residual[Ry] :  0.24330E-08
          Delta [meV] :  0.12279E+00   0.12061E+00

       Iteration 7

         Residual[Ry] :  0.13296E-08
          Delta [meV] :  0.98025E-01   0.97151E-01

       Iteration 8

         Residual[Ry] :  0.10161E-08
          Delta [meV] :  0.88073E-01   0.87559E-01

       Iteration 9

         Residual[Ry] :  0.72532E-09
          Delta [meV] :  0.78794E-01   0.78401E-01

       Iteration 10

         Residual[Ry] :  0.36427E-09
          Delta [meV] :  0.61867E-01   0.61596E-01

       Iteration 11

         Residual[Ry] :  0.28043E-09
          Delta [meV] :  0.47720E-01   0.47401E-01

       Iteration 12

         Residual[Ry] :  0.27078E-09
          Delta [meV] :  0.40322E-01   0.40092E-01

       Iteration 13

         Residual[Ry] :  0.22374E-09
          Delta [meV] :  0.37471E-01   0.37242E-01

       Iteration 14

         Residual[Ry] :  0.83172E-10
          Delta [meV] :  0.27848E-01   0.27752E-01

       Iteration 15

         Residual[Ry] :  0.29709E-10
          Delta [meV] :  0.22887E-01   0.22821E-01

       Iteration 16

         Residual[Ry] :  0.25343E-10
          Delta [meV] :  0.21535E-01   0.21469E-01

       Iteration 17

         Residual[Ry] :  0.11707E-10
          Delta [meV] :  0.17768E-01   0.17709E-01

       Iteration 18

         Residual[Ry] :  0.49939E-11
          Delta [meV] :  0.15656E-01   0.15601E-01

       Iteration 19

         Residual[Ry] :  0.38218E-11
          Delta [meV] :  0.15368E-01   0.15314E-01

       Iteration 20

         Residual[Ry] :  0.29620E-11
          Delta [meV] :  0.14999E-01   0.14949E-01

       Iteration 21

         Residual[Ry] :  0.27273E-11
          Delta [meV] :  0.14699E-01   0.14650E-01

       Iteration 22

         Residual[Ry] :  0.21702E-11
          Delta [meV] :  0.14069E-01   0.14023E-01

       Iteration 23

         Residual[Ry] :  0.11256E-11
          Delta [meV] :  0.12226E-01   0.12186E-01

       Iteration 24

         Residual[Ry] :  0.89737E-12
          Delta [meV] :  0.11856E-01   0.11817E-01

       Iteration 25

         Residual[Ry] :  0.56250E-12
          Delta [meV] :  0.11436E-01   0.11398E-01

       Iteration 26

         Residual[Ry] :  0.35583E-12
          Delta [meV] :  0.11088E-01   0.11051E-01

       Iteration 27

         Residual[Ry] :  0.18428E-12
          Delta [meV] :  0.10818E-01   0.10782E-01

       Iteration 28

         Residual[Ry] :  0.13142E-12
          Delta [meV] :  0.10704E-01   0.10668E-01

       Iteration 29

         Residual[Ry] :  0.65850E-13
          Delta [meV] :  0.10518E-01   0.10482E-01

       Iteration 30

         Residual[Ry] :  0.40216E-13
          Delta [meV] :  0.10463E-01   0.10428E-01

       Iteration 31

         Residual[Ry] :  0.28417E-13
          Delta [meV] :  0.10482E-01   0.10447E-01

       Iteration 32

         Residual[Ry] :  0.70564E-14
          Delta [meV] :  0.10490E-01   0.10455E-01

       Iteration 33

         Residual[Ry] :  0.41395E-14
          Delta [meV] :  0.10494E-01   0.10459E-01

       Iteration 34

         Residual[Ry] :  0.28172E-14
          Delta [meV] :  0.10497E-01   0.10462E-01

       Iteration 35

         Residual[Ry] :  0.19321E-14
          Delta [meV] :  0.10495E-01   0.10460E-01

       Iteration 36

         Residual[Ry] :  0.71504E-15
          Delta [meV] :  0.10493E-01   0.10458E-01

       Converged ! iter = 36

       Super current [a.u.] :             NaN            NaN

     T[K]-D[meV]:     0.91721E+00    0.10475E-01


     Transition temperature [K]     0.91810E+00


     #####  Clock summary  #####

     read_elph    :      0.00s CPU      0.00s WALL (       1 calls)
     read_Coulomb :      0.00s CPU      0.00s WALL (       1 calls)
 
     SCTK         :  13m51.19s CPU     20.84s WALL

 
   This run was terminated on:   0: 1:22   1Oct2026            

=------------------------------------------------------------------------------=
   JOB DONE.
=------------------------------------------------------------------------------=
