
     Program PHONON v.7.6 starts on  1Oct2026 at  1:29:44 

     This program is part of the open-source Quantum ESPRESSO suite
     for quantum simulation of materials; please cite
         "P. Giannozzi et al., J. Phys.:Condens. Matter 21 395502 (2009);
         "P. Giannozzi et al., J. Phys.:Condens. Matter 29 465901 (2017);
         "P. Giannozzi et al., J. Chem. Phys. 152 154105 (2020);
          URL http://www.quantum-espresso.org", 
     in publications or presentations arising from this work. More details at
     http://www.quantum-espresso.org/quote

     Parallel version (MPI & OpenMP), running on     576 processor cores
     Number of MPI processes:               576
     Threads/MPI process:                     1

     MPI processes distributed on    12 nodes
     25205 MiB available memory on the printing compute node when the environment starts
 
     Reading input from elph.in

     Reading xml data from directory:

     ./pwscf.save/
 
     K-points division:     npool     =     576
     Subspace diagonalization in iterative solution of the eigenvalue problem:
     a serial algorithm will be used

     file B.pbe-n-kjpaw_psl.0.1.upf: wavefunction(s)  2P renormalized
     file Mg.pbe-n-kjpaw_psl.0.3.0.upf: wavefunction(s)  3S renormalized

     IMPORTANT: XC functional enforced from input :
     Exchange-correlation= PBE
                           (   1   4   3   4   0   0   0)
     Any further DFT definition will be discarded
     Please, verify this is what you really want

 
     G-vector sticks info
     --------------------
     sticks:   dense  smooth     PW     G-vecs:    dense   smooth      PW
     Sum         649     313    109                15395     5449    1011
 
     Using Slab Decomposition
 

     Check: negative core charge=   -0.000006
     Message from routine divide_et_impera:
     suboptimal parallelization: some nodes have no k-points
     Reading collected, re-writing distributed wavefunctions in ./


     Dynamical matrices for ( 4, 4, 3)  uniform grid of q-points
     With a half shift  0  0  1
     (   8 q-points):
       N         xq(1)         xq(2)         xq(3) 
       1   0.000000000   0.000000000   0.145452854
       2   0.000000000   0.000000000  -0.436358562
       3   0.000000000   0.288675135   0.145452854
       4   0.000000000   0.288675135  -0.436358562
       5   0.000000000  -0.577350269   0.145452854
       6   0.000000000  -0.577350269  -0.436358562
       7   0.250000000   0.433012702   0.145452854
       8   0.250000000   0.433012702  -0.436358562
     Because shifted q grid is used, q2r will not work !

     Saving dvscf to file. Distribute only q points, not irreducible representations.

     Calculation of q =    0.0000000   0.0000000   0.1454529
     [opt_tetra]  Optimized tetrahedron method is used.
     Message from routine divide_et_impera:
     suboptimal parallelization: some nodes have no k-points
 
     G-vector sticks info
     --------------------
     sticks:   dense  smooth     PW     G-vecs:    dense   smooth      PW
     Sum         649     313    109                15395     5449    1023
 
     Using Slab Decomposition
 

     Title: 
     Electron-phonon                                                            


     bravais-lattice index     =            0
     lattice parameter (alat)  =       5.8042  a.u.
     unit-cell volume          =     194.0373 (a.u.)^3
     number of atoms/cell      =            3
     number of atomic types    =            2
     number of electrons       =         8.00
     number of Kohn-Sham states=            8
     kinetic-energy cutoff     =      35.0000  Ry
     charge density cutoff     =     280.0000  Ry
     Exchange-correlation= PBE
                           (   1   4   3   4   0   0   0)

     celldm(1)=   5.804205  celldm(2)=   0.000000  celldm(3)=   0.000000
     celldm(4)=   0.000000  celldm(5)=   0.000000  celldm(6)=   0.000000

     crystal axes: (cart. coord. in units of alat)
               a(1) = (   1.000000   0.000000   0.000000 )  
               a(2) = (  -0.500000   0.866025   0.000000 )  
               a(3) = (   0.000000   0.000000   1.145847 )  

     reciprocal axes: (cart. coord. in units 2 pi/alat)
               b(1) = (  1.000000  0.577350  0.000000 )  
               b(2) = (  0.000000  1.154701  0.000000 )  
               b(3) = (  0.000000  0.000000  0.872717 )  


     PseudoPot. # 1 for B  read from file:
     ./B.pbe-n-kjpaw_psl.0.1.upf
     MD5 check sum: b4345a612e0782cca08559f453f3313f
     Pseudo is Projector augmented-wave + core cor, Zval =  3.0
     Generated using "atomic" code by A. Dal Corso  v.5.0.99 svn rev. 10869
     Shape of augmentation charge: BESSEL
     Using radial grid of 1059 points,  4 beta functions with: 
                l(1) =   0
                l(2) =   0
                l(3) =   1
                l(4) =   1
     Q(r) pseudized with 0 coefficients 


     PseudoPot. # 2 for Mg read from file:
     ./Mg.pbe-n-kjpaw_psl.0.3.0.upf
     MD5 check sum: 9eaefceb6cf3903db1b93e4e5c6adf9a
     Pseudo is Projector augmented-wave + core cor, Zval =  2.0
     Generated using "atomic" code by A. Dal Corso  v.5.0.99 svn rev. 10869
     Shape of augmentation charge: PSQ
     Using radial grid of 1129 points,  4 beta functions with: 
                l(1) =   0
                l(2) =   0
                l(3) =   1
                l(4) =   1
     Q(r) pseudized with 0 coefficients 


     atomic species   valence    mass     pseudopotential
     B                 3.00    10.81100     B ( 1.00)
     Mg                2.00    24.30500     Mg( 1.00)

     24 Sym. Ops., with inversion, found



   Cartesian axes

     site n.     atom                  positions (alat units)
         1        Mg     tau(   1) = (   0.0000000   0.0000000   0.0000000  )
         2        B      tau(   2) = (   0.0000000   0.5773503   0.5729233  )
         3        B      tau(   3) = (   0.5000000   0.2886751   0.5729233  )

     number of k points=   720 (tetrahedron method)

     Number of k-points >= 100: set verbosity='high' to print them.

     Dense  grid:    15395 G-vectors     FFT dimensions: (  32,  32,  36)

     Smooth grid:     5449 G-vectors     FFT dimensions: (  24,  24,  25)

     Estimated max dynamical RAM per process >       7.38 MB

     Estimated total dynamical RAM >       4.15 GB

     Check: negative core charge=   -0.000006

     The potential is recalculated from file :
     ./_ph0/pwscf.q_1/pwscf.save/charge-density

     Starting wfcs are   12 atomic wfcs
     Checking if some PAW data can be deallocated... 

     Band Structure Calculation
     Davidson diagonalization with overlap

     ethr =  1.25E-10,  avg # of iterations = 22.0

     total cpu time spent up to now is        1.9 secs

     End of band structure calculation

     Number of k-points >= 100: set verbosity='high' to print the bands.

     the Fermi energy is     7.6811 ev
 
     [dfpt_tetra]  Dos(E_F)[/Ry] :   0.9553822E+01

     Electron-phonon                                                            

     bravais-lattice index     =            0
     lattice parameter (alat)  =       5.8042  a.u.
     unit-cell volume          =     194.0373 (a.u.)^3
     number of atoms/cell      =            3
     number of atomic types    =            2
     kinetic-energy cut-off    =      35.0000  Ry
     charge density cut-off    =     280.0000  Ry
     convergence threshold     =      1.0E-12
     beta                      =       0.7000
     number of iterations used =            4
     Exchange-correlation= PBE
                           (   1   4   3   4   0   0   0)


     celldm(1)=    5.80420  celldm(2)=    0.00000  celldm(3)=    0.00000
     celldm(4)=    0.00000  celldm(5)=    0.00000  celldm(6)=    0.00000

     crystal axes: (cart. coord. in units of alat)
               a(1) = (  1.0000  0.0000  0.0000 )  
               a(2) = ( -0.5000  0.8660  0.0000 )  
               a(3) = (  0.0000  0.0000  1.1458 )  

     reciprocal axes: (cart. coord. in units 2 pi/alat)
               b(1) = (  1.0000  0.5774  0.0000 )  
               b(2) = (  0.0000  1.1547  0.0000 )  
               b(3) = (  0.0000  0.0000  0.8727 )  


     Atoms inside the unit cell: 

     Cartesian axes

     site n.  atom      mass           positions (alat units)
        1  Mg     24.3050   tau(    1) = (    0.00000    0.00000    0.00000  )
        2  B      10.8110   tau(    2) = (    0.00000    0.57735    0.57292  )
        3  B      10.8110   tau(    3) = (    0.50000    0.28868    0.57292  )

     Computing dynamical matrix for 
                    q = (   0.0000000   0.0000000   0.1454529 )
 
     12 Sym.Ops. (no q -> -q+G )


     G cutoff =  238.9372  (  15395 G-vectors)     FFT grid: ( 32, 32, 36)
     G cutoff =  119.4686  (   5449 G-vectors)  smooth grid: ( 24, 24, 25)
     number of k points=   720

     PseudoPot. # 1 for B  read from file:
     ./B.pbe-n-kjpaw_psl.0.1.upf
     MD5 check sum: b4345a612e0782cca08559f453f3313f
     Pseudo is Projector augmented-wave + core cor, Zval =  3.0
     Generated using "atomic" code by A. Dal Corso  v.5.0.99 svn rev. 10869
     Shape of augmentation charge: BESSEL
     Using radial grid of 1059 points,  4 beta functions with: 
                l(1) =   0
                l(2) =   0
                l(3) =   1
                l(4) =   1
     Q(r) pseudized with 0 coefficients 


     PseudoPot. # 2 for Mg read from file:
     ./Mg.pbe-n-kjpaw_psl.0.3.0.upf
     MD5 check sum: 9eaefceb6cf3903db1b93e4e5c6adf9a
     Pseudo is Projector augmented-wave + core cor, Zval =  2.0
     Generated using "atomic" code by A. Dal Corso  v.5.0.99 svn rev. 10869
     Shape of augmentation charge: PSQ
     Using radial grid of 1129 points,  4 beta functions with: 
                l(1) =   0
                l(2) =   0
                l(3) =   1
                l(4) =   1
     Q(r) pseudized with 0 coefficients 



     Atomic displacements:
     There are    6 irreducible representations

     Representation     1      1 modes -  To be done

     Representation     2      1 modes -  To be done

     Representation     3      1 modes -  To be done

     Representation     4      2 modes -  To be done

     Representation     5      2 modes -  To be done

     Representation     6      2 modes -  To be done


     Message from routine init_vloc:
     Interpolation table for Vloc re-allocated
     PHONON       :      4.68s CPU      4.88s WALL

     Reading dVscf from file dv
     Reading dynamics matrix from file matdyn1

     Diagonalizing the dynamical matrix

     q = (    0.000000000   0.000000000   0.145452854 ) 

 **************************************************************************
     freq (    1) =       2.789735 [THz] =      93.055537 [cm-1]
     freq (    2) =       2.789735 [THz] =      93.055537 [cm-1]
     freq (    3) =       5.117184 [THz] =     170.690877 [cm-1]
     freq (    4) =       9.711593 [THz] =     323.943881 [cm-1]
     freq (    5) =       9.711593 [THz] =     323.943881 [cm-1]
     freq (    6) =      12.583595 [THz] =     419.743541 [cm-1]
     freq (    7) =      17.386509 [THz] =     579.951513 [cm-1]
     freq (    8) =      17.386509 [THz] =     579.951513 [cm-1]
     freq (    9) =      20.727703 [THz] =     691.401756 [cm-1]
 **************************************************************************

     [elph_tetra]   Lowest band which contains FS :          3
     [elph_tetra]  Highest band which contains FS :          5
     [elph_tetra]    # of bands which contains FS :          3
 
     Tetrahedron method
     DOS =  4.776911 states/spin/Ry/Unit Cell at Ef=  7.681053 eV
     double delta at Ef = 34.652952
     lambda(    1)=  0.0301   gamma=    1.07 GHz
     lambda(    2)=  0.0301   gamma=    1.07 GHz
     lambda(    3)=  0.0682   gamma=    8.15 GHz
     lambda(    4)=  0.0021   gamma=    0.92 GHz
     lambda(    5)=  0.0021   gamma=    0.92 GHz
     lambda(    6)=  0.0077   gamma=    5.59 GHz
     lambda(    7)=  0.4774   gamma=  658.26 GHz
     lambda(    8)=  0.4774   gamma=  658.26 GHz
     lambda(    9)= -0.0001   gamma=   -0.13 GHz
 
     Number of q in the star =    2
     List of q in the star:
          1   0.000000000   0.000000000   0.145452854
          2   0.000000000   0.000000000  -0.145452854

     Calculation of q =    0.0000000   0.0000000  -0.4363586
     [opt_tetra]  Optimized tetrahedron method is used.
     Message from routine divide_et_impera:
     suboptimal parallelization: some nodes have no k-points
 
     G-vector sticks info
     --------------------
     sticks:   dense  smooth     PW     G-vecs:    dense   smooth      PW
     Sum         649     313    121                15395     5449    1167
 
     Using Slab Decomposition
 

     Title: 
     Electron-phonon                                                            


     bravais-lattice index     =            0
     lattice parameter (alat)  =       5.8042  a.u.
     unit-cell volume          =     194.0373 (a.u.)^3
     number of atoms/cell      =            3
     number of atomic types    =            2
     number of electrons       =         8.00
     number of Kohn-Sham states=            8
     kinetic-energy cutoff     =      35.0000  Ry
     charge density cutoff     =     280.0000  Ry
     Exchange-correlation= PBE
                           (   1   4   3   4   0   0   0)

     celldm(1)=   5.804205  celldm(2)=   0.000000  celldm(3)=   0.000000
     celldm(4)=   0.000000  celldm(5)=   0.000000  celldm(6)=   0.000000

     crystal axes: (cart. coord. in units of alat)
               a(1) = (   1.000000   0.000000   0.000000 )  
               a(2) = (  -0.500000   0.866025   0.000000 )  
               a(3) = (   0.000000   0.000000   1.145847 )  

     reciprocal axes: (cart. coord. in units 2 pi/alat)
               b(1) = (  1.000000  0.577350  0.000000 )  
               b(2) = (  0.000000  1.154701  0.000000 )  
               b(3) = (  0.000000  0.000000  0.872717 )  


     PseudoPot. # 1 for B  read from file:
     ./B.pbe-n-kjpaw_psl.0.1.upf
     MD5 check sum: b4345a612e0782cca08559f453f3313f
     Pseudo is Projector augmented-wave + core cor, Zval =  3.0
     Generated using "atomic" code by A. Dal Corso  v.5.0.99 svn rev. 10869
     Shape of augmentation charge: BESSEL
     Using radial grid of 1059 points,  4 beta functions with: 
                l(1) =   0
                l(2) =   0
                l(3) =   1
                l(4) =   1
     Q(r) pseudized with 0 coefficients 


     PseudoPot. # 2 for Mg read from file:
     ./Mg.pbe-n-kjpaw_psl.0.3.0.upf
     MD5 check sum: 9eaefceb6cf3903db1b93e4e5c6adf9a
     Pseudo is Projector augmented-wave + core cor, Zval =  2.0
     Generated using "atomic" code by A. Dal Corso  v.5.0.99 svn rev. 10869
     Shape of augmentation charge: PSQ
     Using radial grid of 1129 points,  4 beta functions with: 
                l(1) =   0
                l(2) =   0
                l(3) =   1
                l(4) =   1
     Q(r) pseudized with 0 coefficients 


     atomic species   valence    mass     pseudopotential
     B                 3.00    10.81100     B ( 1.00)
     Mg                2.00    24.30500     Mg( 1.00)

     24 Sym. Ops., with inversion, found



   Cartesian axes

     site n.     atom                  positions (alat units)
         1        Mg     tau(   1) = (   0.0000000   0.0000000   0.0000000  )
         2        B      tau(   2) = (   0.0000000   0.5773503   0.5729233  )
         3        B      tau(   3) = (   0.5000000   0.2886751   0.5729233  )

     number of k points=   420 (tetrahedron method)

     Number of k-points >= 100: set verbosity='high' to print them.

     Dense  grid:    15395 G-vectors     FFT dimensions: (  32,  32,  36)

     Smooth grid:     5449 G-vectors     FFT dimensions: (  24,  24,  25)

     Estimated max dynamical RAM per process >       7.39 MB

     Estimated total dynamical RAM >       4.16 GB

     Check: negative core charge=   -0.000006

     The potential is recalculated from file :
     ./_ph0/pwscf.q_2/pwscf.save/charge-density

     Starting wfcs are   12 atomic wfcs
     Checking if some PAW data can be deallocated... 

     Band Structure Calculation
     Davidson diagonalization with overlap

     ethr =  1.25E-10,  avg # of iterations = 21.5

     total cpu time spent up to now is        3.5 secs

     End of band structure calculation

     Number of k-points >= 100: set verbosity='high' to print the bands.

     the Fermi energy is     7.6811 ev
 
     [dfpt_tetra]  Dos(E_F)[/Ry] :   0.9553822E+01

     Electron-phonon                                                            

     bravais-lattice index     =            0
     lattice parameter (alat)  =       5.8042  a.u.
     unit-cell volume          =     194.0373 (a.u.)^3
     number of atoms/cell      =            3
     number of atomic types    =            2
     kinetic-energy cut-off    =      35.0000  Ry
     charge density cut-off    =     280.0000  Ry
     convergence threshold     =      1.0E-12
     beta                      =       0.7000
     number of iterations used =            4
     Exchange-correlation= PBE
                           (   1   4   3   4   0   0   0)


     celldm(1)=    5.80420  celldm(2)=    0.00000  celldm(3)=    0.00000
     celldm(4)=    0.00000  celldm(5)=    0.00000  celldm(6)=    0.00000

     crystal axes: (cart. coord. in units of alat)
               a(1) = (  1.0000  0.0000  0.0000 )  
               a(2) = ( -0.5000  0.8660  0.0000 )  
               a(3) = (  0.0000  0.0000  1.1458 )  

     reciprocal axes: (cart. coord. in units 2 pi/alat)
               b(1) = (  1.0000  0.5774  0.0000 )  
               b(2) = (  0.0000  1.1547  0.0000 )  
               b(3) = (  0.0000  0.0000  0.8727 )  


     Atoms inside the unit cell: 

     Cartesian axes

     site n.  atom      mass           positions (alat units)
        1  Mg     24.3050   tau(    1) = (    0.00000    0.00000    0.00000  )
        2  B      10.8110   tau(    2) = (    0.00000    0.57735    0.57292  )
        3  B      10.8110   tau(    3) = (    0.50000    0.28868    0.57292  )

     Computing dynamical matrix for 
                    q = (   0.0000000   0.0000000  -0.4363586 )
 
     25 Sym.Ops. (with q -> -q+G )


     G cutoff =  238.9372  (  15395 G-vectors)     FFT grid: ( 32, 32, 36)
     G cutoff =  119.4686  (   5449 G-vectors)  smooth grid: ( 24, 24, 25)
     number of k points=   420

     PseudoPot. # 1 for B  read from file:
     ./B.pbe-n-kjpaw_psl.0.1.upf
     MD5 check sum: b4345a612e0782cca08559f453f3313f
     Pseudo is Projector augmented-wave + core cor, Zval =  3.0
     Generated using "atomic" code by A. Dal Corso  v.5.0.99 svn rev. 10869
     Shape of augmentation charge: BESSEL
     Using radial grid of 1059 points,  4 beta functions with: 
                l(1) =   0
                l(2) =   0
                l(3) =   1
                l(4) =   1
     Q(r) pseudized with 0 coefficients 


     PseudoPot. # 2 for Mg read from file:
     ./Mg.pbe-n-kjpaw_psl.0.3.0.upf
     MD5 check sum: 9eaefceb6cf3903db1b93e4e5c6adf9a
     Pseudo is Projector augmented-wave + core cor, Zval =  2.0
     Generated using "atomic" code by A. Dal Corso  v.5.0.99 svn rev. 10869
     Shape of augmentation charge: PSQ
     Using radial grid of 1129 points,  4 beta functions with: 
                l(1) =   0
                l(2) =   0
                l(3) =   1
                l(4) =   1
     Q(r) pseudized with 0 coefficients 



     Atomic displacements:
     There are    6 irreducible representations

     Representation     1      1 modes -  To be done

     Representation     2      1 modes -  To be done

     Representation     3      1 modes -  To be done

     Representation     4      2 modes -  To be done

     Representation     5      2 modes -  To be done

     Representation     6      2 modes -  To be done


     PHONON       :      7.46s CPU      7.87s WALL

     Reading dVscf from file dv
     Reading dynamics matrix from file matdyn2

     Diagonalizing the dynamical matrix

     q = (    0.000000000   0.000000000  -0.436358562 ) 

 **************************************************************************
     freq (    1) =       6.771099 [THz] =     225.859558 [cm-1]
     freq (    2) =       6.771099 [THz] =     225.859558 [cm-1]
     freq (    3) =       7.133843 [THz] =     237.959402 [cm-1]
     freq (    4) =       7.133843 [THz] =     237.959402 [cm-1]
     freq (    5) =       9.591615 [THz] =     319.941827 [cm-1]
     freq (    6) =      12.099974 [THz] =     403.611685 [cm-1]
     freq (    7) =      16.563582 [THz] =     552.501625 [cm-1]
     freq (    8) =      16.563582 [THz] =     552.501625 [cm-1]
     freq (    9) =      19.479162 [THz] =     649.754896 [cm-1]
 **************************************************************************

     [elph_tetra]   Lowest band which contains FS :          3
     [elph_tetra]  Highest band which contains FS :          5
     [elph_tetra]    # of bands which contains FS :          3
 
     Tetrahedron method
     DOS =  4.776911 states/spin/Ry/Unit Cell at Ef=  7.681053 eV
     double delta at Ef =134.244979
     lambda(    1)=  0.0001   gamma=    0.01 GHz
     lambda(    2)=  0.0001   gamma=    0.01 GHz
     lambda(    3)=  0.0566   gamma=   13.13 GHz
     lambda(    4)=  0.0566   gamma=   13.13 GHz
     lambda(    5)=  0.0918   gamma=   38.54 GHz
     lambda(    6)=  0.0055   gamma=    3.69 GHz
     lambda(    7)=  2.4266   gamma= 3036.94 GHz
     lambda(    8)=  2.4266   gamma= 3036.94 GHz
     lambda(    9)=  0.0004   gamma=    0.77 GHz
 
     Number of q in the star =    1
     List of q in the star:
          1   0.000000000   0.000000000  -0.436358562

     Calculation of q =    0.0000000   0.2886751   0.1454529
     [opt_tetra]  Optimized tetrahedron method is used.
 
     G-vector sticks info
     --------------------
     sticks:   dense  smooth     PW     G-vecs:    dense   smooth      PW
     Sum         649     313    121                15395     5449    1155
 
     Using Slab Decomposition
 

     Title: 
     Electron-phonon                                                            


     bravais-lattice index     =            0
     lattice parameter (alat)  =       5.8042  a.u.
     unit-cell volume          =     194.0373 (a.u.)^3
     number of atoms/cell      =            3
     number of atomic types    =            2
     number of electrons       =         8.00
     number of Kohn-Sham states=            8
     kinetic-energy cutoff     =      35.0000  Ry
     charge density cutoff     =     280.0000  Ry
     Exchange-correlation= PBE
                           (   1   4   3   4   0   0   0)

     celldm(1)=   5.804205  celldm(2)=   0.000000  celldm(3)=   0.000000
     celldm(4)=   0.000000  celldm(5)=   0.000000  celldm(6)=   0.000000

     crystal axes: (cart. coord. in units of alat)
               a(1) = (   1.000000   0.000000   0.000000 )  
               a(2) = (  -0.500000   0.866025   0.000000 )  
               a(3) = (   0.000000   0.000000   1.145847 )  

     reciprocal axes: (cart. coord. in units 2 pi/alat)
               b(1) = (  1.000000  0.577350  0.000000 )  
               b(2) = (  0.000000  1.154701  0.000000 )  
               b(3) = (  0.000000  0.000000  0.872717 )  


     PseudoPot. # 1 for B  read from file:
     ./B.pbe-n-kjpaw_psl.0.1.upf
     MD5 check sum: b4345a612e0782cca08559f453f3313f
     Pseudo is Projector augmented-wave + core cor, Zval =  3.0
     Generated using "atomic" code by A. Dal Corso  v.5.0.99 svn rev. 10869
     Shape of augmentation charge: BESSEL
     Using radial grid of 1059 points,  4 beta functions with: 
                l(1) =   0
                l(2) =   0
                l(3) =   1
                l(4) =   1
     Q(r) pseudized with 0 coefficients 


     PseudoPot. # 2 for Mg read from file:
     ./Mg.pbe-n-kjpaw_psl.0.3.0.upf
     MD5 check sum: 9eaefceb6cf3903db1b93e4e5c6adf9a
     Pseudo is Projector augmented-wave + core cor, Zval =  2.0
     Generated using "atomic" code by A. Dal Corso  v.5.0.99 svn rev. 10869
     Shape of augmentation charge: PSQ
     Using radial grid of 1129 points,  4 beta functions with: 
                l(1) =   0
                l(2) =   0
                l(3) =   1
                l(4) =   1
     Q(r) pseudized with 0 coefficients 


     atomic species   valence    mass     pseudopotential
     B                 3.00    10.81100     B ( 1.00)
     Mg                2.00    24.30500     Mg( 1.00)

     24 Sym. Ops., with inversion, found



   Cartesian axes

     site n.     atom                  positions (alat units)
         1        Mg     tau(   1) = (   0.0000000   0.0000000   0.0000000  )
         2        B      tau(   2) = (   0.0000000   0.5773503   0.5729233  )
         3        B      tau(   3) = (   0.5000000   0.2886751   0.5729233  )

     number of k points=  3264 (tetrahedron method)

     Number of k-points >= 100: set verbosity='high' to print them.

     Dense  grid:    15395 G-vectors     FFT dimensions: (  32,  32,  36)

     Smooth grid:     5449 G-vectors     FFT dimensions: (  24,  24,  25)

     Estimated max dynamical RAM per process >       7.72 MB

     Estimated total dynamical RAM >       4.34 GB

     Check: negative core charge=   -0.000006

     The potential is recalculated from file :
     ./_ph0/pwscf.q_3/pwscf.save/charge-density

     Starting wfcs are   12 atomic wfcs
     Checking if some PAW data can be deallocated... 

     Band Structure Calculation
     Davidson diagonalization with overlap

     ethr =  1.25E-10,  avg # of iterations = 22.8

     total cpu time spent up to now is        5.8 secs

     End of band structure calculation

     Number of k-points >= 100: set verbosity='high' to print the bands.

     the Fermi energy is     7.6811 ev
 
     [dfpt_tetra]  Dos(E_F)[/Ry] :   0.9553822E+01

     Electron-phonon                                                            

     bravais-lattice index     =            0
     lattice parameter (alat)  =       5.8042  a.u.
     unit-cell volume          =     194.0373 (a.u.)^3
     number of atoms/cell      =            3
     number of atomic types    =            2
     kinetic-energy cut-off    =      35.0000  Ry
     charge density cut-off    =     280.0000  Ry
     convergence threshold     =      1.0E-12
     beta                      =       0.7000
     number of iterations used =            4
     Exchange-correlation= PBE
                           (   1   4   3   4   0   0   0)


     celldm(1)=    5.80420  celldm(2)=    0.00000  celldm(3)=    0.00000
     celldm(4)=    0.00000  celldm(5)=    0.00000  celldm(6)=    0.00000

     crystal axes: (cart. coord. in units of alat)
               a(1) = (  1.0000  0.0000  0.0000 )  
               a(2) = ( -0.5000  0.8660  0.0000 )  
               a(3) = (  0.0000  0.0000  1.1458 )  

     reciprocal axes: (cart. coord. in units 2 pi/alat)
               b(1) = (  1.0000  0.5774  0.0000 )  
               b(2) = (  0.0000  1.1547  0.0000 )  
               b(3) = (  0.0000  0.0000  0.8727 )  


     Atoms inside the unit cell: 

     Cartesian axes

     site n.  atom      mass           positions (alat units)
        1  Mg     24.3050   tau(    1) = (    0.00000    0.00000    0.00000  )
        2  B      10.8110   tau(    2) = (    0.00000    0.57735    0.57292  )
        3  B      10.8110   tau(    3) = (    0.50000    0.28868    0.57292  )

     Computing dynamical matrix for 
                    q = (   0.0000000   0.2886751   0.1454529 )
 
      2 Sym.Ops. (no q -> -q+G )


     G cutoff =  238.9372  (  15395 G-vectors)     FFT grid: ( 32, 32, 36)
     G cutoff =  119.4686  (   5449 G-vectors)  smooth grid: ( 24, 24, 25)
     number of k points=  3264

     PseudoPot. # 1 for B  read from file:
     ./B.pbe-n-kjpaw_psl.0.1.upf
     MD5 check sum: b4345a612e0782cca08559f453f3313f
     Pseudo is Projector augmented-wave + core cor, Zval =  3.0
     Generated using "atomic" code by A. Dal Corso  v.5.0.99 svn rev. 10869
     Shape of augmentation charge: BESSEL
     Using radial grid of 1059 points,  4 beta functions with: 
                l(1) =   0
                l(2) =   0
                l(3) =   1
                l(4) =   1
     Q(r) pseudized with 0 coefficients 


     PseudoPot. # 2 for Mg read from file:
     ./Mg.pbe-n-kjpaw_psl.0.3.0.upf
     MD5 check sum: 9eaefceb6cf3903db1b93e4e5c6adf9a
     Pseudo is Projector augmented-wave + core cor, Zval =  2.0
     Generated using "atomic" code by A. Dal Corso  v.5.0.99 svn rev. 10869
     Shape of augmentation charge: PSQ
     Using radial grid of 1129 points,  4 beta functions with: 
                l(1) =   0
                l(2) =   0
                l(3) =   1
                l(4) =   1
     Q(r) pseudized with 0 coefficients 



     Atomic displacements:
     There are    9 irreducible representations

     Representation     1      1 modes -  To be done

     Representation     2      1 modes -  To be done

     Representation     3      1 modes -  To be done

     Representation     4      1 modes -  To be done

     Representation     5      1 modes -  To be done

     Representation     6      1 modes -  To be done

     Representation     7      1 modes -  To be done

     Representation     8      1 modes -  To be done

     Representation     9      1 modes -  To be done


     PHONON       :     11.03s CPU     11.66s WALL

     Reading dVscf from file dv
     Reading dynamics matrix from file matdyn3

     Diagonalizing the dynamical matrix

     q = (    0.000000000   0.288675135   0.145452854 ) 

 **************************************************************************
     freq (    1) =       6.366698 [THz] =     212.370172 [cm-1]
     freq (    2) =       6.445089 [THz] =     214.985044 [cm-1]
     freq (    3) =       8.525403 [THz] =     284.376847 [cm-1]
     freq (    4) =      11.905052 [THz] =     397.109776 [cm-1]
     freq (    5) =      12.192616 [THz] =     406.701901 [cm-1]
     freq (    6) =      15.378275 [THz] =     512.964053 [cm-1]
     freq (    7) =      19.667352 [THz] =     656.032240 [cm-1]
     freq (    8) =      21.175198 [THz] =     706.328574 [cm-1]
     freq (    9) =      21.401331 [THz] =     713.871561 [cm-1]
 **************************************************************************

     [elph_tetra]   Lowest band which contains FS :          3
     [elph_tetra]  Highest band which contains FS :          5
     [elph_tetra]    # of bands which contains FS :          3
 
     Tetrahedron method
     DOS =  4.776911 states/spin/Ry/Unit Cell at Ef=  7.681053 eV
     double delta at Ef = 17.012051
     lambda(    1)=  0.0062   gamma=    1.14 GHz
     lambda(    2)=  0.0017   gamma=    0.33 GHz
     lambda(    3)=  0.0183   gamma=    6.06 GHz
     lambda(    4)=  0.0019   gamma=    1.26 GHz
     lambda(    5)=  0.0045   gamma=    3.02 GHz
     lambda(    6)=  0.0067   gamma=    7.22 GHz
     lambda(    7)=  0.0324   gamma=   57.16 GHz
     lambda(    8)=  0.0296   gamma=   60.54 GHz
     lambda(    9)=  0.1674   gamma=  349.81 GHz
 
     Number of q in the star =   12
     List of q in the star:
          1   0.000000000   0.288675135   0.145452854
          2  -0.250000000   0.144337567   0.145452854
          3   0.250000000   0.144337567   0.145452854
          4  -0.250000000  -0.144337567   0.145452854
          5   0.250000000  -0.144337567   0.145452854
          6   0.000000000  -0.288675135   0.145452854
          7   0.000000000  -0.288675135  -0.145452854
          8   0.000000000   0.288675135  -0.145452854
          9   0.250000000  -0.144337567  -0.145452854
         10  -0.250000000  -0.144337567  -0.145452854
         11   0.250000000   0.144337567  -0.145452854
         12  -0.250000000   0.144337567  -0.145452854

     Calculation of q =    0.0000000   0.2886751  -0.4363586
     [opt_tetra]  Optimized tetrahedron method is used.
 
     G-vector sticks info
     --------------------
     sticks:   dense  smooth     PW     G-vecs:    dense   smooth      PW
     Sum         649     313    121                15395     5449    1287
 
     Using Slab Decomposition
 

     Title: 
     Electron-phonon                                                            


     bravais-lattice index     =            0
     lattice parameter (alat)  =       5.8042  a.u.
     unit-cell volume          =     194.0373 (a.u.)^3
     number of atoms/cell      =            3
     number of atomic types    =            2
     number of electrons       =         8.00
     number of Kohn-Sham states=            8
     kinetic-energy cutoff     =      35.0000  Ry
     charge density cutoff     =     280.0000  Ry
     Exchange-correlation= PBE
                           (   1   4   3   4   0   0   0)

     celldm(1)=   5.804205  celldm(2)=   0.000000  celldm(3)=   0.000000
     celldm(4)=   0.000000  celldm(5)=   0.000000  celldm(6)=   0.000000

     crystal axes: (cart. coord. in units of alat)
               a(1) = (   1.000000   0.000000   0.000000 )  
               a(2) = (  -0.500000   0.866025   0.000000 )  
               a(3) = (   0.000000   0.000000   1.145847 )  

     reciprocal axes: (cart. coord. in units 2 pi/alat)
               b(1) = (  1.000000  0.577350  0.000000 )  
               b(2) = (  0.000000  1.154701  0.000000 )  
               b(3) = (  0.000000  0.000000  0.872717 )  


     PseudoPot. # 1 for B  read from file:
     ./B.pbe-n-kjpaw_psl.0.1.upf
     MD5 check sum: b4345a612e0782cca08559f453f3313f
     Pseudo is Projector augmented-wave + core cor, Zval =  3.0
     Generated using "atomic" code by A. Dal Corso  v.5.0.99 svn rev. 10869
     Shape of augmentation charge: BESSEL
     Using radial grid of 1059 points,  4 beta functions with: 
                l(1) =   0
                l(2) =   0
                l(3) =   1
                l(4) =   1
     Q(r) pseudized with 0 coefficients 


     PseudoPot. # 2 for Mg read from file:
     ./Mg.pbe-n-kjpaw_psl.0.3.0.upf
     MD5 check sum: 9eaefceb6cf3903db1b93e4e5c6adf9a
     Pseudo is Projector augmented-wave + core cor, Zval =  2.0
     Generated using "atomic" code by A. Dal Corso  v.5.0.99 svn rev. 10869
     Shape of augmentation charge: PSQ
     Using radial grid of 1129 points,  4 beta functions with: 
                l(1) =   0
                l(2) =   0
                l(3) =   1
                l(4) =   1
     Q(r) pseudized with 0 coefficients 


     atomic species   valence    mass     pseudopotential
     B                 3.00    10.81100     B ( 1.00)
     Mg                2.00    24.30500     Mg( 1.00)

     24 Sym. Ops., with inversion, found



   Cartesian axes

     site n.     atom                  positions (alat units)
         1        Mg     tau(   1) = (   0.0000000   0.0000000   0.0000000  )
         2        B      tau(   2) = (   0.0000000   0.5773503   0.5729233  )
         3        B      tau(   3) = (   0.5000000   0.2886751   0.5729233  )

     number of k points=  1904 (tetrahedron method)

     Number of k-points >= 100: set verbosity='high' to print them.

     Dense  grid:    15395 G-vectors     FFT dimensions: (  32,  32,  36)

     Smooth grid:     5449 G-vectors     FFT dimensions: (  24,  24,  25)

     Estimated max dynamical RAM per process >       7.56 MB

     Estimated total dynamical RAM >       4.25 GB

     Check: negative core charge=   -0.000006

     The potential is recalculated from file :
     ./_ph0/pwscf.q_4/pwscf.save/charge-density

     Starting wfcs are   12 atomic wfcs
     Checking if some PAW data can be deallocated... 

     Band Structure Calculation
     Davidson diagonalization with overlap

     ethr =  1.25E-10,  avg # of iterations = 22.3

     total cpu time spent up to now is        7.6 secs

     End of band structure calculation

     Number of k-points >= 100: set verbosity='high' to print the bands.

     the Fermi energy is     7.6811 ev
 
     [dfpt_tetra]  Dos(E_F)[/Ry] :   0.9553822E+01

     Electron-phonon                                                            

     bravais-lattice index     =            0
     lattice parameter (alat)  =       5.8042  a.u.
     unit-cell volume          =     194.0373 (a.u.)^3
     number of atoms/cell      =            3
     number of atomic types    =            2
     kinetic-energy cut-off    =      35.0000  Ry
     charge density cut-off    =     280.0000  Ry
     convergence threshold     =      1.0E-12
     beta                      =       0.7000
     number of iterations used =            4
     Exchange-correlation= PBE
                           (   1   4   3   4   0   0   0)


     celldm(1)=    5.80420  celldm(2)=    0.00000  celldm(3)=    0.00000
     celldm(4)=    0.00000  celldm(5)=    0.00000  celldm(6)=    0.00000

     crystal axes: (cart. coord. in units of alat)
               a(1) = (  1.0000  0.0000  0.0000 )  
               a(2) = ( -0.5000  0.8660  0.0000 )  
               a(3) = (  0.0000  0.0000  1.1458 )  

     reciprocal axes: (cart. coord. in units 2 pi/alat)
               b(1) = (  1.0000  0.5774  0.0000 )  
               b(2) = (  0.0000  1.1547  0.0000 )  
               b(3) = (  0.0000  0.0000  0.8727 )  


     Atoms inside the unit cell: 

     Cartesian axes

     site n.  atom      mass           positions (alat units)
        1  Mg     24.3050   tau(    1) = (    0.00000    0.00000    0.00000  )
        2  B      10.8110   tau(    2) = (    0.00000    0.57735    0.57292  )
        3  B      10.8110   tau(    3) = (    0.50000    0.28868    0.57292  )

     Computing dynamical matrix for 
                    q = (   0.0000000   0.2886751  -0.4363586 )
 
      4 Sym.Ops. (no q -> -q+G )


     G cutoff =  238.9372  (  15395 G-vectors)     FFT grid: ( 32, 32, 36)
     G cutoff =  119.4686  (   5449 G-vectors)  smooth grid: ( 24, 24, 25)
     number of k points=  1904

     PseudoPot. # 1 for B  read from file:
     ./B.pbe-n-kjpaw_psl.0.1.upf
     MD5 check sum: b4345a612e0782cca08559f453f3313f
     Pseudo is Projector augmented-wave + core cor, Zval =  3.0
     Generated using "atomic" code by A. Dal Corso  v.5.0.99 svn rev. 10869
     Shape of augmentation charge: BESSEL
     Using radial grid of 1059 points,  4 beta functions with: 
                l(1) =   0
                l(2) =   0
                l(3) =   1
                l(4) =   1
     Q(r) pseudized with 0 coefficients 


     PseudoPot. # 2 for Mg read from file:
     ./Mg.pbe-n-kjpaw_psl.0.3.0.upf
     MD5 check sum: 9eaefceb6cf3903db1b93e4e5c6adf9a
     Pseudo is Projector augmented-wave + core cor, Zval =  2.0
     Generated using "atomic" code by A. Dal Corso  v.5.0.99 svn rev. 10869
     Shape of augmentation charge: PSQ
     Using radial grid of 1129 points,  4 beta functions with: 
                l(1) =   0
                l(2) =   0
                l(3) =   1
                l(4) =   1
     Q(r) pseudized with 0 coefficients 



     Atomic displacements:
     There are    9 irreducible representations

     Representation     1      1 modes -  To be done

     Representation     2      1 modes -  To be done

     Representation     3      1 modes -  To be done

     Representation     4      1 modes -  To be done

     Representation     5      1 modes -  To be done

     Representation     6      1 modes -  To be done

     Representation     7      1 modes -  To be done

     Representation     8      1 modes -  To be done

     Representation     9      1 modes -  To be done


     PHONON       :     14.29s CPU     15.12s WALL

     Reading dVscf from file dv
     Reading dynamics matrix from file matdyn4

     Diagonalizing the dynamical matrix

     q = (    0.000000000   0.288675135  -0.436358562 ) 

 **************************************************************************
     freq (    1) =       7.317815 [THz] =     244.096050 [cm-1]
     freq (    2) =       7.853934 [THz] =     261.979050 [cm-1]
     freq (    3) =       8.599974 [THz] =     286.864241 [cm-1]
     freq (    4) =      11.345504 [THz] =     378.445275 [cm-1]
     freq (    5) =      12.950182 [THz] =     431.971588 [cm-1]
     freq (    6) =      15.407103 [THz] =     513.925632 [cm-1]
     freq (    7) =      19.236026 [THz] =     641.644768 [cm-1]
     freq (    8) =      21.305592 [THz] =     710.678050 [cm-1]
     freq (    9) =      21.530714 [THz] =     718.187326 [cm-1]
 **************************************************************************

     [elph_tetra]   Lowest band which contains FS :          3
     [elph_tetra]  Highest band which contains FS :          5
     [elph_tetra]    # of bands which contains FS :          3
 
     Tetrahedron method
     DOS =  4.776911 states/spin/Ry/Unit Cell at Ef=  7.681053 eV
     double delta at Ef = 28.501549
     lambda(    1)=  0.0005   gamma=    0.11 GHz
     lambda(    2)=  0.0005   gamma=    0.13 GHz
     lambda(    3)=  0.0565   gamma=   19.07 GHz
     lambda(    4)=  0.0088   gamma=    5.17 GHz
     lambda(    5)=  0.0051   gamma=    3.94 GHz
     lambda(    6)=  0.0120   gamma=   13.02 GHz
     lambda(    7)=  0.0071   gamma=   11.98 GHz
     lambda(    8)=  0.0438   gamma=   90.77 GHz
     lambda(    9)=  0.3339   gamma=  705.99 GHz
 
     Number of q in the star =    6
     List of q in the star:
          1   0.000000000   0.288675135  -0.436358562
          2  -0.250000000  -0.144337567  -0.436358562
          3   0.250000000  -0.144337567  -0.436358562
          4   0.000000000  -0.288675135  -0.436358562
          5   0.250000000   0.144337567  -0.436358562
          6  -0.250000000   0.144337567  -0.436358562

     Calculation of q =    0.0000000  -0.5773503   0.1454529
     [opt_tetra]  Optimized tetrahedron method is used.
 
     G-vector sticks info
     --------------------
     sticks:   dense  smooth     PW     G-vecs:    dense   smooth      PW
     Sum         649     313    121                15395     5449    1287
 
     Using Slab Decomposition
 

     Title: 
     Electron-phonon                                                            


     bravais-lattice index     =            0
     lattice parameter (alat)  =       5.8042  a.u.
     unit-cell volume          =     194.0373 (a.u.)^3
     number of atoms/cell      =            3
     number of atomic types    =            2
     number of electrons       =         8.00
     number of Kohn-Sham states=            8
     kinetic-energy cutoff     =      35.0000  Ry
     charge density cutoff     =     280.0000  Ry
     Exchange-correlation= PBE
                           (   1   4   3   4   0   0   0)

     celldm(1)=   5.804205  celldm(2)=   0.000000  celldm(3)=   0.000000
     celldm(4)=   0.000000  celldm(5)=   0.000000  celldm(6)=   0.000000

     crystal axes: (cart. coord. in units of alat)
               a(1) = (   1.000000   0.000000   0.000000 )  
               a(2) = (  -0.500000   0.866025   0.000000 )  
               a(3) = (   0.000000   0.000000   1.145847 )  

     reciprocal axes: (cart. coord. in units 2 pi/alat)
               b(1) = (  1.000000  0.577350  0.000000 )  
               b(2) = (  0.000000  1.154701  0.000000 )  
               b(3) = (  0.000000  0.000000  0.872717 )  


     PseudoPot. # 1 for B  read from file:
     ./B.pbe-n-kjpaw_psl.0.1.upf
     MD5 check sum: b4345a612e0782cca08559f453f3313f
     Pseudo is Projector augmented-wave + core cor, Zval =  3.0
     Generated using "atomic" code by A. Dal Corso  v.5.0.99 svn rev. 10869
     Shape of augmentation charge: BESSEL
     Using radial grid of 1059 points,  4 beta functions with: 
                l(1) =   0
                l(2) =   0
                l(3) =   1
                l(4) =   1
     Q(r) pseudized with 0 coefficients 


     PseudoPot. # 2 for Mg read from file:
     ./Mg.pbe-n-kjpaw_psl.0.3.0.upf
     MD5 check sum: 9eaefceb6cf3903db1b93e4e5c6adf9a
     Pseudo is Projector augmented-wave + core cor, Zval =  2.0
     Generated using "atomic" code by A. Dal Corso  v.5.0.99 svn rev. 10869
     Shape of augmentation charge: PSQ
     Using radial grid of 1129 points,  4 beta functions with: 
                l(1) =   0
                l(2) =   0
                l(3) =   1
                l(4) =   1
     Q(r) pseudized with 0 coefficients 


     atomic species   valence    mass     pseudopotential
     B                 3.00    10.81100     B ( 1.00)
     Mg                2.00    24.30500     Mg( 1.00)

     24 Sym. Ops., with inversion, found



   Cartesian axes

     site n.     atom                  positions (alat units)
         1        Mg     tau(   1) = (   0.0000000   0.0000000   0.0000000  )
         2        B      tau(   2) = (   0.0000000   0.5773503   0.5729233  )
         3        B      tau(   3) = (   0.5000000   0.2886751   0.5729233  )

     number of k points=  1752 (tetrahedron method)

     Number of k-points >= 100: set verbosity='high' to print them.

     Dense  grid:    15395 G-vectors     FFT dimensions: (  32,  32,  36)

     Smooth grid:     5449 G-vectors     FFT dimensions: (  24,  24,  25)

     Estimated max dynamical RAM per process >       7.57 MB

     Estimated total dynamical RAM >       4.26 GB

     Check: negative core charge=   -0.000006

     The potential is recalculated from file :
     ./_ph0/pwscf.q_5/pwscf.save/charge-density

     Starting wfcs are   12 atomic wfcs
     Checking if some PAW data can be deallocated... 

     Band Structure Calculation
     Davidson diagonalization with overlap

     ethr =  1.25E-10,  avg # of iterations = 22.5

     total cpu time spent up to now is        9.4 secs

     End of band structure calculation

     Number of k-points >= 100: set verbosity='high' to print the bands.

     the Fermi energy is     7.6811 ev
 
     [dfpt_tetra]  Dos(E_F)[/Ry] :   0.9553822E+01

     Electron-phonon                                                            

     bravais-lattice index     =            0
     lattice parameter (alat)  =       5.8042  a.u.
     unit-cell volume          =     194.0373 (a.u.)^3
     number of atoms/cell      =            3
     number of atomic types    =            2
     kinetic-energy cut-off    =      35.0000  Ry
     charge density cut-off    =     280.0000  Ry
     convergence threshold     =      1.0E-12
     beta                      =       0.7000
     number of iterations used =            4
     Exchange-correlation= PBE
                           (   1   4   3   4   0   0   0)


     celldm(1)=    5.80420  celldm(2)=    0.00000  celldm(3)=    0.00000
     celldm(4)=    0.00000  celldm(5)=    0.00000  celldm(6)=    0.00000

     crystal axes: (cart. coord. in units of alat)
               a(1) = (  1.0000  0.0000  0.0000 )  
               a(2) = ( -0.5000  0.8660  0.0000 )  
               a(3) = (  0.0000  0.0000  1.1458 )  

     reciprocal axes: (cart. coord. in units 2 pi/alat)
               b(1) = (  1.0000  0.5774  0.0000 )  
               b(2) = (  0.0000  1.1547  0.0000 )  
               b(3) = (  0.0000  0.0000  0.8727 )  


     Atoms inside the unit cell: 

     Cartesian axes

     site n.  atom      mass           positions (alat units)
        1  Mg     24.3050   tau(    1) = (    0.00000    0.00000    0.00000  )
        2  B      10.8110   tau(    2) = (    0.00000    0.57735    0.57292  )
        3  B      10.8110   tau(    3) = (    0.50000    0.28868    0.57292  )

     Computing dynamical matrix for 
                    q = (   0.0000000  -0.5773503   0.1454529 )
 
      4 Sym.Ops. (no q -> -q+G )


     G cutoff =  238.9372  (  15395 G-vectors)     FFT grid: ( 32, 32, 36)
     G cutoff =  119.4686  (   5449 G-vectors)  smooth grid: ( 24, 24, 25)
     number of k points=  1752

     PseudoPot. # 1 for B  read from file:
     ./B.pbe-n-kjpaw_psl.0.1.upf
     MD5 check sum: b4345a612e0782cca08559f453f3313f
     Pseudo is Projector augmented-wave + core cor, Zval =  3.0
     Generated using "atomic" code by A. Dal Corso  v.5.0.99 svn rev. 10869
     Shape of augmentation charge: BESSEL
     Using radial grid of 1059 points,  4 beta functions with: 
                l(1) =   0
                l(2) =   0
                l(3) =   1
                l(4) =   1
     Q(r) pseudized with 0 coefficients 


     PseudoPot. # 2 for Mg read from file:
     ./Mg.pbe-n-kjpaw_psl.0.3.0.upf
     MD5 check sum: 9eaefceb6cf3903db1b93e4e5c6adf9a
     Pseudo is Projector augmented-wave + core cor, Zval =  2.0
     Generated using "atomic" code by A. Dal Corso  v.5.0.99 svn rev. 10869
     Shape of augmentation charge: PSQ
     Using radial grid of 1129 points,  4 beta functions with: 
                l(1) =   0
                l(2) =   0
                l(3) =   1
                l(4) =   1
     Q(r) pseudized with 0 coefficients 



     Atomic displacements:
     There are    9 irreducible representations

     Representation     1      1 modes -  To be done

     Representation     2      1 modes -  To be done

     Representation     3      1 modes -  To be done

     Representation     4      1 modes -  To be done

     Representation     5      1 modes -  To be done

     Representation     6      1 modes -  To be done

     Representation     7      1 modes -  To be done

     Representation     8      1 modes -  To be done

     Representation     9      1 modes -  To be done


     PHONON       :     17.50s CPU     18.53s WALL

     Reading dVscf from file dv
     Reading dynamics matrix from file matdyn5

     Diagonalizing the dynamical matrix

     q = (    0.000000000  -0.577350269   0.145452854 ) 

 **************************************************************************
     freq (    1) =       7.647996 [THz] =     255.109682 [cm-1]
     freq (    2) =       7.972155 [THz] =     265.922479 [cm-1]
     freq (    3) =       9.800761 [THz] =     326.918201 [cm-1]
     freq (    4) =      13.806030 [THz] =     460.519589 [cm-1]
     freq (    5) =      13.867772 [THz] =     462.579080 [cm-1]
     freq (    6) =      15.582635 [THz] =     519.780747 [cm-1]
     freq (    7) =      22.003050 [THz] =     733.942747 [cm-1]
     freq (    8) =      22.072464 [THz] =     736.258156 [cm-1]
     freq (    9) =      22.607009 [THz] =     754.088650 [cm-1]
 **************************************************************************

     [elph_tetra]   Lowest band which contains FS :          3
     [elph_tetra]  Highest band which contains FS :          5
     [elph_tetra]    # of bands which contains FS :          3
 
     Tetrahedron method
     DOS =  4.776911 states/spin/Ry/Unit Cell at Ef=  7.681053 eV
     double delta at Ef = 52.356109
     lambda(    1)=  0.0051   gamma=    1.37 GHz
     lambda(    2)=  0.0045   gamma=    1.31 GHz
     lambda(    3)=  0.0090   gamma=    3.95 GHz
     lambda(    4)=  0.1214   gamma=  105.53 GHz
     lambda(    5)=  0.0002   gamma=    0.18 GHz
     lambda(    6)=  0.2154   gamma=  238.57 GHz
     lambda(    7)=  0.0214   gamma=   47.33 GHz
     lambda(    8)=  0.0146   gamma=   32.55 GHz
     lambda(    9)=  0.0008   gamma=    1.79 GHz
 
     Number of q in the star =    6
     List of q in the star:
          1   0.000000000  -0.577350269   0.145452854
          2   0.500000000   0.288675135   0.145452854
          3  -0.500000000   0.288675135   0.145452854
          4   0.000000000  -0.577350269  -0.145452854
          5  -0.500000000   0.288675135  -0.145452854
          6   0.500000000   0.288675135  -0.145452854

     Calculation of q =    0.0000000  -0.5773503  -0.4363586
     [opt_tetra]  Optimized tetrahedron method is used.
     Message from routine divide_et_impera:
     suboptimal parallelization: some nodes have no k-points
 
     G-vector sticks info
     --------------------
     sticks:   dense  smooth     PW     G-vecs:    dense   smooth      PW
     Sum         649     313    121                15395     5449    1347
 
     Using Slab Decomposition
 

     Title: 
     Electron-phonon                                                            


     bravais-lattice index     =            0
     lattice parameter (alat)  =       5.8042  a.u.
     unit-cell volume          =     194.0373 (a.u.)^3
     number of atoms/cell      =            3
     number of atomic types    =            2
     number of electrons       =         8.00
     number of Kohn-Sham states=            8
     kinetic-energy cutoff     =      35.0000  Ry
     charge density cutoff     =     280.0000  Ry
     Exchange-correlation= PBE
                           (   1   4   3   4   0   0   0)

     celldm(1)=   5.804205  celldm(2)=   0.000000  celldm(3)=   0.000000
     celldm(4)=   0.000000  celldm(5)=   0.000000  celldm(6)=   0.000000

     crystal axes: (cart. coord. in units of alat)
               a(1) = (   1.000000   0.000000   0.000000 )  
               a(2) = (  -0.500000   0.866025   0.000000 )  
               a(3) = (   0.000000   0.000000   1.145847 )  

     reciprocal axes: (cart. coord. in units 2 pi/alat)
               b(1) = (  1.000000  0.577350  0.000000 )  
               b(2) = (  0.000000  1.154701  0.000000 )  
               b(3) = (  0.000000  0.000000  0.872717 )  


     PseudoPot. # 1 for B  read from file:
     ./B.pbe-n-kjpaw_psl.0.1.upf
     MD5 check sum: b4345a612e0782cca08559f453f3313f
     Pseudo is Projector augmented-wave + core cor, Zval =  3.0
     Generated using "atomic" code by A. Dal Corso  v.5.0.99 svn rev. 10869
     Shape of augmentation charge: BESSEL
     Using radial grid of 1059 points,  4 beta functions with: 
                l(1) =   0
                l(2) =   0
                l(3) =   1
                l(4) =   1
     Q(r) pseudized with 0 coefficients 


     PseudoPot. # 2 for Mg read from file:
     ./Mg.pbe-n-kjpaw_psl.0.3.0.upf
     MD5 check sum: 9eaefceb6cf3903db1b93e4e5c6adf9a
     Pseudo is Projector augmented-wave + core cor, Zval =  2.0
     Generated using "atomic" code by A. Dal Corso  v.5.0.99 svn rev. 10869
     Shape of augmentation charge: PSQ
     Using radial grid of 1129 points,  4 beta functions with: 
                l(1) =   0
                l(2) =   0
                l(3) =   1
                l(4) =   1
     Q(r) pseudized with 0 coefficients 


     atomic species   valence    mass     pseudopotential
     B                 3.00    10.81100     B ( 1.00)
     Mg                2.00    24.30500     Mg( 1.00)

     24 Sym. Ops., with inversion, found



   Cartesian axes

     site n.     atom                  positions (alat units)
         1        Mg     tau(   1) = (   0.0000000   0.0000000   0.0000000  )
         2        B      tau(   2) = (   0.0000000   0.5773503   0.5729233  )
         3        B      tau(   3) = (   0.5000000   0.2886751   0.5729233  )

     number of k points=  1022 (tetrahedron method)

     Number of k-points >= 100: set verbosity='high' to print them.

     Dense  grid:    15395 G-vectors     FFT dimensions: (  32,  32,  36)

     Smooth grid:     5449 G-vectors     FFT dimensions: (  24,  24,  25)

     Estimated max dynamical RAM per process >       7.41 MB

     Estimated total dynamical RAM >       4.17 GB

     Check: negative core charge=   -0.000006

     The potential is recalculated from file :
     ./_ph0/pwscf.q_6/pwscf.save/charge-density

     Starting wfcs are   12 atomic wfcs
     Checking if some PAW data can be deallocated... 

     Band Structure Calculation
     Davidson diagonalization with overlap

     ethr =  1.25E-10,  avg # of iterations = 22.1

     total cpu time spent up to now is       10.9 secs

     End of band structure calculation

     Number of k-points >= 100: set verbosity='high' to print the bands.

     the Fermi energy is     7.6811 ev
 
     [dfpt_tetra]  Dos(E_F)[/Ry] :   0.9553822E+01

     Electron-phonon                                                            

     bravais-lattice index     =            0
     lattice parameter (alat)  =       5.8042  a.u.
     unit-cell volume          =     194.0373 (a.u.)^3
     number of atoms/cell      =            3
     number of atomic types    =            2
     kinetic-energy cut-off    =      35.0000  Ry
     charge density cut-off    =     280.0000  Ry
     convergence threshold     =      1.0E-12
     beta                      =       0.7000
     number of iterations used =            4
     Exchange-correlation= PBE
                           (   1   4   3   4   0   0   0)


     celldm(1)=    5.80420  celldm(2)=    0.00000  celldm(3)=    0.00000
     celldm(4)=    0.00000  celldm(5)=    0.00000  celldm(6)=    0.00000

     crystal axes: (cart. coord. in units of alat)
               a(1) = (  1.0000  0.0000  0.0000 )  
               a(2) = ( -0.5000  0.8660  0.0000 )  
               a(3) = (  0.0000  0.0000  1.1458 )  

     reciprocal axes: (cart. coord. in units 2 pi/alat)
               b(1) = (  1.0000  0.5774  0.0000 )  
               b(2) = (  0.0000  1.1547  0.0000 )  
               b(3) = (  0.0000  0.0000  0.8727 )  


     Atoms inside the unit cell: 

     Cartesian axes

     site n.  atom      mass           positions (alat units)
        1  Mg     24.3050   tau(    1) = (    0.00000    0.00000    0.00000  )
        2  B      10.8110   tau(    2) = (    0.00000    0.57735    0.57292  )
        3  B      10.8110   tau(    3) = (    0.50000    0.28868    0.57292  )

     Computing dynamical matrix for 
                    q = (   0.0000000  -0.5773503  -0.4363586 )
 
      9 Sym.Ops. (with q -> -q+G )


     G cutoff =  238.9372  (  15395 G-vectors)     FFT grid: ( 32, 32, 36)
     G cutoff =  119.4686  (   5449 G-vectors)  smooth grid: ( 24, 24, 25)
     number of k points=  1022

     PseudoPot. # 1 for B  read from file:
     ./B.pbe-n-kjpaw_psl.0.1.upf
     MD5 check sum: b4345a612e0782cca08559f453f3313f
     Pseudo is Projector augmented-wave + core cor, Zval =  3.0
     Generated using "atomic" code by A. Dal Corso  v.5.0.99 svn rev. 10869
     Shape of augmentation charge: BESSEL
     Using radial grid of 1059 points,  4 beta functions with: 
                l(1) =   0
                l(2) =   0
                l(3) =   1
                l(4) =   1
     Q(r) pseudized with 0 coefficients 


     PseudoPot. # 2 for Mg read from file:
     ./Mg.pbe-n-kjpaw_psl.0.3.0.upf
     MD5 check sum: 9eaefceb6cf3903db1b93e4e5c6adf9a
     Pseudo is Projector augmented-wave + core cor, Zval =  2.0
     Generated using "atomic" code by A. Dal Corso  v.5.0.99 svn rev. 10869
     Shape of augmentation charge: PSQ
     Using radial grid of 1129 points,  4 beta functions with: 
                l(1) =   0
                l(2) =   0
                l(3) =   1
                l(4) =   1
     Q(r) pseudized with 0 coefficients 



     Atomic displacements:
     There are    9 irreducible representations

     Representation     1      1 modes -  To be done

     Representation     2      1 modes -  To be done

     Representation     3      1 modes -  To be done

     Representation     4      1 modes -  To be done

     Representation     5      1 modes -  To be done

     Representation     6      1 modes -  To be done

     Representation     7      1 modes -  To be done

     Representation     8      1 modes -  To be done

     Representation     9      1 modes -  To be done


     PHONON       :     20.35s CPU     21.55s WALL

     Reading dVscf from file dv
     Reading dynamics matrix from file matdyn6

     Diagonalizing the dynamical matrix

     q = (    0.000000000  -0.577350269  -0.436358562 ) 

 **************************************************************************
     freq (    1) =       7.729402 [THz] =     257.825115 [cm-1]
     freq (    2) =       8.128053 [THz] =     271.122681 [cm-1]
     freq (    3) =       9.328924 [THz] =     311.179425 [cm-1]
     freq (    4) =      13.887801 [THz] =     463.247186 [cm-1]
     freq (    5) =      14.938556 [THz] =     498.296597 [cm-1]
     freq (    6) =      16.056219 [THz] =     535.577801 [cm-1]
     freq (    7) =      22.204385 [THz] =     740.658547 [cm-1]
     freq (    8) =      22.530144 [THz] =     751.524693 [cm-1]
     freq (    9) =      22.572358 [THz] =     752.932824 [cm-1]
 **************************************************************************

     [elph_tetra]   Lowest band which contains FS :          3
     [elph_tetra]  Highest band which contains FS :          5
     [elph_tetra]    # of bands which contains FS :          3
 
     Tetrahedron method
     DOS =  4.776911 states/spin/Ry/Unit Cell at Ef=  7.681053 eV
     double delta at Ef = 59.628566
     lambda(    1)=  0.0198   gamma=    5.40 GHz
     lambda(    2)=  0.0021   gamma=    0.62 GHz
     lambda(    3)=  0.0044   gamma=    1.75 GHz
     lambda(    4)=  0.0015   gamma=    1.36 GHz
     lambda(    5)=  0.0802   gamma=   81.64 GHz
     lambda(    6)=  0.1419   gamma=  166.91 GHz
     lambda(    7)=  0.0498   gamma=  111.91 GHz
     lambda(    8)=  0.0065   gamma=   15.01 GHz
     lambda(    9)=  0.0069   gamma=   15.97 GHz
 
     Number of q in the star =    3
     List of q in the star:
          1   0.000000000  -0.577350269  -0.436358562
          2  -0.500000000  -0.288675135  -0.436358562
          3   0.500000000  -0.288675135  -0.436358562

     Calculation of q =    0.2500000   0.4330127   0.1454529
     [opt_tetra]  Optimized tetrahedron method is used.
 
     G-vector sticks info
     --------------------
     sticks:   dense  smooth     PW     G-vecs:    dense   smooth      PW
     Sum         649     313    121                15395     5449    1287
 
     Using Slab Decomposition
 

     Title: 
     Electron-phonon                                                            


     bravais-lattice index     =            0
     lattice parameter (alat)  =       5.8042  a.u.
     unit-cell volume          =     194.0373 (a.u.)^3
     number of atoms/cell      =            3
     number of atomic types    =            2
     number of electrons       =         8.00
     number of Kohn-Sham states=            8
     kinetic-energy cutoff     =      35.0000  Ry
     charge density cutoff     =     280.0000  Ry
     Exchange-correlation= PBE
                           (   1   4   3   4   0   0   0)

     celldm(1)=   5.804205  celldm(2)=   0.000000  celldm(3)=   0.000000
     celldm(4)=   0.000000  celldm(5)=   0.000000  celldm(6)=   0.000000

     crystal axes: (cart. coord. in units of alat)
               a(1) = (   1.000000   0.000000   0.000000 )  
               a(2) = (  -0.500000   0.866025   0.000000 )  
               a(3) = (   0.000000   0.000000   1.145847 )  

     reciprocal axes: (cart. coord. in units 2 pi/alat)
               b(1) = (  1.000000  0.577350  0.000000 )  
               b(2) = (  0.000000  1.154701  0.000000 )  
               b(3) = (  0.000000  0.000000  0.872717 )  


     PseudoPot. # 1 for B  read from file:
     ./B.pbe-n-kjpaw_psl.0.1.upf
     MD5 check sum: b4345a612e0782cca08559f453f3313f
     Pseudo is Projector augmented-wave + core cor, Zval =  3.0
     Generated using "atomic" code by A. Dal Corso  v.5.0.99 svn rev. 10869
     Shape of augmentation charge: BESSEL
     Using radial grid of 1059 points,  4 beta functions with: 
                l(1) =   0
                l(2) =   0
                l(3) =   1
                l(4) =   1
     Q(r) pseudized with 0 coefficients 


     PseudoPot. # 2 for Mg read from file:
     ./Mg.pbe-n-kjpaw_psl.0.3.0.upf
     MD5 check sum: 9eaefceb6cf3903db1b93e4e5c6adf9a
     Pseudo is Projector augmented-wave + core cor, Zval =  2.0
     Generated using "atomic" code by A. Dal Corso  v.5.0.99 svn rev. 10869
     Shape of augmentation charge: PSQ
     Using radial grid of 1129 points,  4 beta functions with: 
                l(1) =   0
                l(2) =   0
                l(3) =   1
                l(4) =   1
     Q(r) pseudized with 0 coefficients 


     atomic species   valence    mass     pseudopotential
     B                 3.00    10.81100     B ( 1.00)
     Mg                2.00    24.30500     Mg( 1.00)

     24 Sym. Ops., with inversion, found



   Cartesian axes

     site n.     atom                  positions (alat units)
         1        Mg     tau(   1) = (   0.0000000   0.0000000   0.0000000  )
         2        B      tau(   2) = (   0.0000000   0.5773503   0.5729233  )
         3        B      tau(   3) = (   0.5000000   0.2886751   0.5729233  )

     number of k points=  3264 (tetrahedron method)

     Number of k-points >= 100: set verbosity='high' to print them.

     Dense  grid:    15395 G-vectors     FFT dimensions: (  32,  32,  36)

     Smooth grid:     5449 G-vectors     FFT dimensions: (  24,  24,  25)

     Estimated max dynamical RAM per process >       7.73 MB

     Estimated total dynamical RAM >       4.35 GB

     Check: negative core charge=   -0.000006

     The potential is recalculated from file :
     ./_ph0/pwscf.q_7/pwscf.save/charge-density

     Starting wfcs are   12 atomic wfcs
     Checking if some PAW data can be deallocated... 

     Band Structure Calculation
     Davidson diagonalization with overlap

     ethr =  1.25E-10,  avg # of iterations = 22.8

     total cpu time spent up to now is       13.2 secs

     End of band structure calculation

     Number of k-points >= 100: set verbosity='high' to print the bands.

     the Fermi energy is     7.6811 ev
 
     [dfpt_tetra]  Dos(E_F)[/Ry] :   0.9553822E+01

     Electron-phonon                                                            

     bravais-lattice index     =            0
     lattice parameter (alat)  =       5.8042  a.u.
     unit-cell volume          =     194.0373 (a.u.)^3
     number of atoms/cell      =            3
     number of atomic types    =            2
     kinetic-energy cut-off    =      35.0000  Ry
     charge density cut-off    =     280.0000  Ry
     convergence threshold     =      1.0E-12
     beta                      =       0.7000
     number of iterations used =            4
     Exchange-correlation= PBE
                           (   1   4   3   4   0   0   0)


     celldm(1)=    5.80420  celldm(2)=    0.00000  celldm(3)=    0.00000
     celldm(4)=    0.00000  celldm(5)=    0.00000  celldm(6)=    0.00000

     crystal axes: (cart. coord. in units of alat)
               a(1) = (  1.0000  0.0000  0.0000 )  
               a(2) = ( -0.5000  0.8660  0.0000 )  
               a(3) = (  0.0000  0.0000  1.1458 )  

     reciprocal axes: (cart. coord. in units 2 pi/alat)
               b(1) = (  1.0000  0.5774  0.0000 )  
               b(2) = (  0.0000  1.1547  0.0000 )  
               b(3) = (  0.0000  0.0000  0.8727 )  


     Atoms inside the unit cell: 

     Cartesian axes

     site n.  atom      mass           positions (alat units)
        1  Mg     24.3050   tau(    1) = (    0.00000    0.00000    0.00000  )
        2  B      10.8110   tau(    2) = (    0.00000    0.57735    0.57292  )
        3  B      10.8110   tau(    3) = (    0.50000    0.28868    0.57292  )

     Computing dynamical matrix for 
                    q = (   0.2500000   0.4330127   0.1454529 )
 
      2 Sym.Ops. (no q -> -q+G )


     G cutoff =  238.9372  (  15395 G-vectors)     FFT grid: ( 32, 32, 36)
     G cutoff =  119.4686  (   5449 G-vectors)  smooth grid: ( 24, 24, 25)
     number of k points=  3264

     PseudoPot. # 1 for B  read from file:
     ./B.pbe-n-kjpaw_psl.0.1.upf
     MD5 check sum: b4345a612e0782cca08559f453f3313f
     Pseudo is Projector augmented-wave + core cor, Zval =  3.0
     Generated using "atomic" code by A. Dal Corso  v.5.0.99 svn rev. 10869
     Shape of augmentation charge: BESSEL
     Using radial grid of 1059 points,  4 beta functions with: 
                l(1) =   0
                l(2) =   0
                l(3) =   1
                l(4) =   1
     Q(r) pseudized with 0 coefficients 


     PseudoPot. # 2 for Mg read from file:
     ./Mg.pbe-n-kjpaw_psl.0.3.0.upf
     MD5 check sum: 9eaefceb6cf3903db1b93e4e5c6adf9a
     Pseudo is Projector augmented-wave + core cor, Zval =  2.0
     Generated using "atomic" code by A. Dal Corso  v.5.0.99 svn rev. 10869
     Shape of augmentation charge: PSQ
     Using radial grid of 1129 points,  4 beta functions with: 
                l(1) =   0
                l(2) =   0
                l(3) =   1
                l(4) =   1
     Q(r) pseudized with 0 coefficients 



     Atomic displacements:
     There are    9 irreducible representations

     Representation     1      1 modes -  To be done

     Representation     2      1 modes -  To be done

     Representation     3      1 modes -  To be done

     Representation     4      1 modes -  To be done

     Representation     5      1 modes -  To be done

     Representation     6      1 modes -  To be done

     Representation     7      1 modes -  To be done

     Representation     8      1 modes -  To be done

     Representation     9      1 modes -  To be done


     PHONON       :     23.95s CPU     25.37s WALL

     Reading dVscf from file dv
     Reading dynamics matrix from file matdyn7

     Diagonalizing the dynamical matrix

     q = (    0.250000000   0.433012702   0.145452854 ) 

 **************************************************************************
     freq (    1) =       7.875981 [THz] =     262.714453 [cm-1]
     freq (    2) =       8.070793 [THz] =     269.212687 [cm-1]
     freq (    3) =       9.311384 [THz] =     310.594326 [cm-1]
     freq (    4) =      12.981623 [THz] =     433.020333 [cm-1]
     freq (    5) =      16.956728 [THz] =     565.615548 [cm-1]
     freq (    6) =      17.060503 [THz] =     569.077115 [cm-1]
     freq (    7) =      19.342487 [THz] =     645.195925 [cm-1]
     freq (    8) =      22.739149 [THz] =     758.496375 [cm-1]
     freq (    9) =      23.649234 [THz] =     788.853522 [cm-1]
 **************************************************************************

     [elph_tetra]   Lowest band which contains FS :          3
     [elph_tetra]  Highest band which contains FS :          5
     [elph_tetra]    # of bands which contains FS :          3
 
     Tetrahedron method
     DOS =  4.776911 states/spin/Ry/Unit Cell at Ef=  7.681053 eV
     double delta at Ef = 40.353320
     lambda(    1)=  0.0065   gamma=    1.85 GHz
     lambda(    2)=  0.0137   gamma=    4.06 GHz
     lambda(    3)=  0.0233   gamma=    9.22 GHz
     lambda(    4)=  0.1380   gamma=  106.12 GHz
     lambda(    5)=  0.0628   gamma=   82.38 GHz
     lambda(    6)=  0.0144   gamma=   19.15 GHz
     lambda(    7)=  0.0051   gamma=    8.68 GHz
     lambda(    8)=  0.0314   gamma=   74.12 GHz
     lambda(    9)=  0.0086   gamma=   21.86 GHz
 
     Number of q in the star =   12
     List of q in the star:
          1   0.250000000   0.433012702   0.145452854
          2   0.250000000  -0.433012702   0.145452854
          3  -0.250000000  -0.433012702   0.145452854
          4   0.250000000   0.433012702  -0.145452854
          5  -0.250000000   0.433012702  -0.145452854
          6  -0.250000000  -0.433012702  -0.145452854
          7   0.250000000  -0.433012702  -0.145452854
          8  -0.250000000   0.433012702   0.145452854
          9  -0.500000000   0.000000000   0.145452854
         10   0.500000000   0.000000000   0.145452854
         11  -0.500000000   0.000000000  -0.145452854
         12   0.500000000   0.000000000  -0.145452854

     Calculation of q =    0.2500000   0.4330127  -0.4363586
     [opt_tetra]  Optimized tetrahedron method is used.
 
     G-vector sticks info
     --------------------
     sticks:   dense  smooth     PW     G-vecs:    dense   smooth      PW
     Sum         649     313    121                15395     5449    1347
 
     Using Slab Decomposition
 

     Title: 
     Electron-phonon                                                            


     bravais-lattice index     =            0
     lattice parameter (alat)  =       5.8042  a.u.
     unit-cell volume          =     194.0373 (a.u.)^3
     number of atoms/cell      =            3
     number of atomic types    =            2
     number of electrons       =         8.00
     number of Kohn-Sham states=            8
     kinetic-energy cutoff     =      35.0000  Ry
     charge density cutoff     =     280.0000  Ry
     Exchange-correlation= PBE
                           (   1   4   3   4   0   0   0)

     celldm(1)=   5.804205  celldm(2)=   0.000000  celldm(3)=   0.000000
     celldm(4)=   0.000000  celldm(5)=   0.000000  celldm(6)=   0.000000

     crystal axes: (cart. coord. in units of alat)
               a(1) = (   1.000000   0.000000   0.000000 )  
               a(2) = (  -0.500000   0.866025   0.000000 )  
               a(3) = (   0.000000   0.000000   1.145847 )  

     reciprocal axes: (cart. coord. in units 2 pi/alat)
               b(1) = (  1.000000  0.577350  0.000000 )  
               b(2) = (  0.000000  1.154701  0.000000 )  
               b(3) = (  0.000000  0.000000  0.872717 )  


     PseudoPot. # 1 for B  read from file:
     ./B.pbe-n-kjpaw_psl.0.1.upf
     MD5 check sum: b4345a612e0782cca08559f453f3313f
     Pseudo is Projector augmented-wave + core cor, Zval =  3.0
     Generated using "atomic" code by A. Dal Corso  v.5.0.99 svn rev. 10869
     Shape of augmentation charge: BESSEL
     Using radial grid of 1059 points,  4 beta functions with: 
                l(1) =   0
                l(2) =   0
                l(3) =   1
                l(4) =   1
     Q(r) pseudized with 0 coefficients 


     PseudoPot. # 2 for Mg read from file:
     ./Mg.pbe-n-kjpaw_psl.0.3.0.upf
     MD5 check sum: 9eaefceb6cf3903db1b93e4e5c6adf9a
     Pseudo is Projector augmented-wave + core cor, Zval =  2.0
     Generated using "atomic" code by A. Dal Corso  v.5.0.99 svn rev. 10869
     Shape of augmentation charge: PSQ
     Using radial grid of 1129 points,  4 beta functions with: 
                l(1) =   0
                l(2) =   0
                l(3) =   1
                l(4) =   1
     Q(r) pseudized with 0 coefficients 


     atomic species   valence    mass     pseudopotential
     B                 3.00    10.81100     B ( 1.00)
     Mg                2.00    24.30500     Mg( 1.00)

     24 Sym. Ops., with inversion, found



   Cartesian axes

     site n.     atom                  positions (alat units)
         1        Mg     tau(   1) = (   0.0000000   0.0000000   0.0000000  )
         2        B      tau(   2) = (   0.0000000   0.5773503   0.5729233  )
         3        B      tau(   3) = (   0.5000000   0.2886751   0.5729233  )

     number of k points=  1904 (tetrahedron method)

     Number of k-points >= 100: set verbosity='high' to print them.

     Dense  grid:    15395 G-vectors     FFT dimensions: (  32,  32,  36)

     Smooth grid:     5449 G-vectors     FFT dimensions: (  24,  24,  25)

     Estimated max dynamical RAM per process >       7.57 MB

     Estimated total dynamical RAM >       4.26 GB

     Check: negative core charge=   -0.000006

     The potential is recalculated from file :
     ./_ph0/pwscf.q_8/pwscf.save/charge-density

     Starting wfcs are   12 atomic wfcs
     Checking if some PAW data can be deallocated... 

     Band Structure Calculation
     Davidson diagonalization with overlap

     ethr =  1.25E-10,  avg # of iterations = 22.3

     total cpu time spent up to now is       15.0 secs

     End of band structure calculation

     Number of k-points >= 100: set verbosity='high' to print the bands.

     the Fermi energy is     7.6811 ev
 
     [dfpt_tetra]  Dos(E_F)[/Ry] :   0.9553822E+01

     Electron-phonon                                                            

     bravais-lattice index     =            0
     lattice parameter (alat)  =       5.8042  a.u.
     unit-cell volume          =     194.0373 (a.u.)^3
     number of atoms/cell      =            3
     number of atomic types    =            2
     kinetic-energy cut-off    =      35.0000  Ry
     charge density cut-off    =     280.0000  Ry
     convergence threshold     =      1.0E-12
     beta                      =       0.7000
     number of iterations used =            4
     Exchange-correlation= PBE
                           (   1   4   3   4   0   0   0)


     celldm(1)=    5.80420  celldm(2)=    0.00000  celldm(3)=    0.00000
     celldm(4)=    0.00000  celldm(5)=    0.00000  celldm(6)=    0.00000

     crystal axes: (cart. coord. in units of alat)
               a(1) = (  1.0000  0.0000  0.0000 )  
               a(2) = ( -0.5000  0.8660  0.0000 )  
               a(3) = (  0.0000  0.0000  1.1458 )  

     reciprocal axes: (cart. coord. in units 2 pi/alat)
               b(1) = (  1.0000  0.5774  0.0000 )  
               b(2) = (  0.0000  1.1547  0.0000 )  
               b(3) = (  0.0000  0.0000  0.8727 )  


     Atoms inside the unit cell: 

     Cartesian axes

     site n.  atom      mass           positions (alat units)
        1  Mg     24.3050   tau(    1) = (    0.00000    0.00000    0.00000  )
        2  B      10.8110   tau(    2) = (    0.00000    0.57735    0.57292  )
        3  B      10.8110   tau(    3) = (    0.50000    0.28868    0.57292  )

     Computing dynamical matrix for 
                    q = (   0.2500000   0.4330127  -0.4363586 )
 
      4 Sym.Ops. (no q -> -q+G )


     G cutoff =  238.9372  (  15395 G-vectors)     FFT grid: ( 32, 32, 36)
     G cutoff =  119.4686  (   5449 G-vectors)  smooth grid: ( 24, 24, 25)
     number of k points=  1904

     PseudoPot. # 1 for B  read from file:
     ./B.pbe-n-kjpaw_psl.0.1.upf
     MD5 check sum: b4345a612e0782cca08559f453f3313f
     Pseudo is Projector augmented-wave + core cor, Zval =  3.0
     Generated using "atomic" code by A. Dal Corso  v.5.0.99 svn rev. 10869
     Shape of augmentation charge: BESSEL
     Using radial grid of 1059 points,  4 beta functions with: 
                l(1) =   0
                l(2) =   0
                l(3) =   1
                l(4) =   1
     Q(r) pseudized with 0 coefficients 


     PseudoPot. # 2 for Mg read from file:
     ./Mg.pbe-n-kjpaw_psl.0.3.0.upf
     MD5 check sum: 9eaefceb6cf3903db1b93e4e5c6adf9a
     Pseudo is Projector augmented-wave + core cor, Zval =  2.0
     Generated using "atomic" code by A. Dal Corso  v.5.0.99 svn rev. 10869
     Shape of augmentation charge: PSQ
     Using radial grid of 1129 points,  4 beta functions with: 
                l(1) =   0
                l(2) =   0
                l(3) =   1
                l(4) =   1
     Q(r) pseudized with 0 coefficients 



     Atomic displacements:
     There are    9 irreducible representations

     Representation     1      1 modes -  To be done

     Representation     2      1 modes -  To be done

     Representation     3      1 modes -  To be done

     Representation     4      1 modes -  To be done

     Representation     5      1 modes -  To be done

     Representation     6      1 modes -  To be done

     Representation     7      1 modes -  To be done

     Representation     8      1 modes -  To be done

     Representation     9      1 modes -  To be done


     PHONON       :     27.23s CPU     28.87s WALL

     Reading dVscf from file dv
     Reading dynamics matrix from file matdyn8

     Diagonalizing the dynamical matrix

     q = (    0.250000000   0.433012702  -0.436358562 ) 

 **************************************************************************
     freq (    1) =       8.190988 [THz] =     273.221949 [cm-1]
     freq (    2) =       8.360844 [THz] =     278.887745 [cm-1]
     freq (    3) =       8.958723 [THz] =     298.830844 [cm-1]
     freq (    4) =      14.173237 [THz] =     472.768312 [cm-1]
     freq (    5) =      16.977459 [THz] =     566.307063 [cm-1]
     freq (    6) =      17.003287 [THz] =     567.168618 [cm-1]
     freq (    7) =      19.424983 [THz] =     647.947702 [cm-1]
     freq (    8) =      21.976842 [THz] =     733.068551 [cm-1]
     freq (    9) =      23.795585 [THz] =     793.735284 [cm-1]
 **************************************************************************

     [elph_tetra]   Lowest band which contains FS :          3
     [elph_tetra]  Highest band which contains FS :          5
     [elph_tetra]    # of bands which contains FS :          3
 
     Tetrahedron method
     DOS =  4.776911 states/spin/Ry/Unit Cell at Ef=  7.681053 eV
     double delta at Ef = 43.433108
     lambda(    1)=  0.0056   gamma=    1.71 GHz
     lambda(    2)=  0.0088   gamma=    2.80 GHz
     lambda(    3)=  0.0089   gamma=    3.25 GHz
     lambda(    4)=  0.1279   gamma=  117.18 GHz
     lambda(    5)=  0.0760   gamma=   99.97 GHz
     lambda(    6)=  0.0024   gamma=    3.21 GHz
     lambda(    7)=  0.0043   gamma=    7.44 GHz
     lambda(    8)=  0.0890   gamma=  196.19 GHz
     lambda(    9)=  0.0029   gamma=    7.49 GHz
 
     Number of q in the star =    6
     List of q in the star:
          1   0.250000000   0.433012702  -0.436358562
          2   0.250000000  -0.433012702  -0.436358562
          3  -0.250000000   0.433012702   0.436358562
          4  -0.250000000  -0.433012702   0.436358562
          5  -0.500000000   0.000000000  -0.436358562
          6   0.500000000   0.000000000  -0.436358562
 
     init_run     :      1.95s CPU      2.16s WALL (       8 calls)
     electrons    :      7.01s CPU      7.11s WALL (       8 calls)

     Called by init_run:
     wfcinit      :      0.00s CPU      0.06s WALL (       8 calls)
     potinit      :      1.05s CPU      1.20s WALL (       8 calls)
     hinit0       :      0.71s CPU      0.71s WALL (       8 calls)

     Called by electrons:
     c_bands      :      6.27s CPU      6.36s WALL (       8 calls)
     v_of_rho     :      0.43s CPU      0.44s WALL (       9 calls)
     newd         :      0.02s CPU      0.02s WALL (       9 calls)
     PAW_pot      :      0.56s CPU      0.57s WALL (       9 calls)

     Called by c_bands:
     init_us_2    :      0.06s CPU      0.06s WALL (     204 calls)
     cegterg      :      2.80s CPU      2.87s WALL (      35 calls)

     Called by *egterg:
     cdiaghg      :      0.36s CPU      0.37s WALL (     516 calls)
     h_psi        :      2.43s CPU      2.50s WALL (     551 calls)
     s_psi        :      0.03s CPU      0.03s WALL (     551 calls)
     g_psi        :      0.01s CPU      0.01s WALL (     486 calls)

     Called by h_psi:
     h_psi:calbec :      0.12s CPU      0.13s WALL (     551 calls)
     vloc_psi     :      2.27s CPU      2.33s WALL (     551 calls)
     add_vuspsi   :      0.03s CPU      0.03s WALL (     551 calls)

     General routines
     calbec       :      0.17s CPU      0.18s WALL (     806 calls)
     fft          :      0.69s CPU      0.71s WALL (     452 calls)
     ffts         :      0.21s CPU      0.22s WALL (     367 calls)
     fftw         :      3.29s CPU      3.37s WALL (   11380 calls)
     interpolate  :      0.35s CPU      0.35s WALL (     160 calls)
     davcio       :      0.01s CPU      0.02s WALL (     144 calls)
 
     Parallel routines
 
     PHONON       :     27.91s CPU     29.63s WALL

     INITIALIZATION: 
     phq_setup    :      1.54s CPU      1.60s WALL (       8 calls)
     phq_init     :      4.73s CPU      4.75s WALL (       8 calls)
 
     phq_init     :      4.73s CPU      4.75s WALL (       8 calls)
     set_drhoc    :      0.11s CPU      0.11s WALL (       8 calls)
     init_vloc    :      0.21s CPU      0.21s WALL (       9 calls)
     init_us_1    :      0.38s CPU      0.38s WALL (       9 calls)
     init_us_2    :      0.06s CPU      0.06s WALL (     204 calls)
     newd         :      0.02s CPU      0.02s WALL (       9 calls)
     dvanqq       :      4.73s CPU      4.73s WALL (      16 calls)
     drho         :      2.00s CPU      2.02s WALL (       8 calls)
     drhous       :      0.45s CPU      0.46s WALL (       8 calls)
     nldyntot     :      0.01s CPU      0.01s WALL (       8 calls)
     newdq        :      1.07s CPU      1.07s WALL (      66 calls)
     adddvscf     :      0.02s CPU      0.02s WALL (     135 calls)
     com_dvloc    :      0.13s CPU      0.14s WALL (     207 calls)
 
     dvqpsi_us    :      0.90s CPU      0.91s WALL (     135 calls)
     dvqpsi_us_on :      0.09s CPU      0.09s WALL (     135 calls)
 
     add_vuspsi   :      0.03s CPU      0.03s WALL (     551 calls)
     addusdbec    :      0.03s CPU      0.04s WALL (     135 calls)
 
 
      Electron-phonon coupling
     elphon       :      2.60s CPU      2.65s WALL (       8 calls)
     elphel       :      1.22s CPU      1.24s WALL (      66 calls)
 
      General routines
     calbec       :      0.17s CPU      0.18s WALL (     806 calls)
     fft          :      0.69s CPU      0.71s WALL (     452 calls)
     ffts         :      0.21s CPU      0.22s WALL (     367 calls)
     fftw         :      3.29s CPU      3.37s WALL (   11380 calls)
     davcio       :      0.01s CPU      0.02s WALL (     144 calls)
 
      Additional routines
     h_psi_bgrp   :      2.44s CPU      2.51s WALL (     551 calls)
     h_psi        :      2.43s CPU      2.50s WALL (     551 calls)
     h_psi:pot    :      2.42s CPU      2.49s WALL (     551 calls)
     h_psi:calbec :      0.12s CPU      0.13s WALL (     551 calls)
     s_psi_bgrp   :      0.03s CPU      0.04s WALL (     551 calls)
     s_psi        :      0.03s CPU      0.03s WALL (     551 calls)
 
 
     PHONON       :     27.91s CPU     29.63s WALL

 
   This run was terminated on:   1:30:14   1Oct2026            

=------------------------------------------------------------------------------=
   JOB DONE.
=------------------------------------------------------------------------------=
