
     Program SCTK v.7.6 starts on  1Oct2026 at  2: 2:28 

     This program is part of the open-source Quantum ESPRESSO suite
     for quantum simulation of materials; please cite
         "P. Giannozzi et al., J. Phys.:Condens. Matter 21 395502 (2009);
         "P. Giannozzi et al., J. Phys.:Condens. Matter 29 465901 (2017);
         "P. Giannozzi et al., J. Chem. Phys. 152 154105 (2020);
          URL http://www.quantum-espresso.org", 
     in publications or presentations arising from this work. More details at
     http://www.quantum-espresso.org/quote

     Parallel version (MPI & OpenMP), running on     576 processor cores
     Number of MPI processes:                12
     Threads/MPI process:                    48

     MPI processes distributed on    12 nodes
     K-points division:     npool     =      12
     28969 MiB available memory on the printing compute node when the environment starts
 

     git hash : 3a8ac9b77c01a456f501ce0192e75551d79ac127


     Reading xml data from directory:

     ./pwscf.save/
     file B.pbe-n-kjpaw_psl.0.1.upf: wavefunction(s)  2P renormalized
     file Mg.pbe-n-kjpaw_psl.0.3.0.upf: wavefunction(s)  3S renormalized

     IMPORTANT: XC functional enforced from input :
     Exchange-correlation= PBE
                           (   1   4   3   4   0   0   0)
     Any further DFT definition will be discarded
     Please, verify this is what you really want

 
     G-vector sticks info
     --------------------
     sticks:   dense  smooth     PW     G-vecs:    dense   smooth      PW
     Sum         649     313    121                15395     5449    1179
 
     Using Slab Decomposition
 

     Check: negative core charge=   -0.000006
     Dense k-grid : 16  16  12
     Number of k(dense) : 210
     [opt_tetra]  Optimized tetrahedron method is used.
 
     Number of bands :      15
     Number of k times spin :     210
     Number of symmetries :      24
     Lowest band which contains FS :       3
     Highest band which contains FS :       5
     [opt_tetra]  Optimized tetrahedron method is used.

     #####  Read from STDIN  #####

                    Temparature[K] : -0.10000E+00
                         Xi cutoff : -0.10000E+01
                        First band : 1
                         Last band : 15
        # of Matsubara frequencies : 10
                           # of xi : 100
            # of energy for QP-DOS : 50
              Minimum energy scale :  0.10000E-06
       Max energy for QP-DOS [meV] :  0.50000E+01
             Convergense threshold :  0.10000E-14
                      Max itration : 100
                  Spin-fluctuation :  T
                      SCDFT kernel : 1
                         Z_Coulomb :  F
                   Min. freq.[THz] :  0.00000E+00
                  Min. freq. ratio : -0.10000E+01
                   Bisection steps : 10
                Bisection min. [K] : -0.10000E+01
                Bisection max. [K] : -0.10000E+01
             Q_{FFLO} [fractional] :  0.00000E+00 0.00000E+00 0.00000E+00
                 Q_{FFLO} [Ang^-1] :  0.00000E+00
               Delta initial guess : random-nodeless

     #####  Read from elph*.dat  #####

       k grid for MEs : 4  4  3
       Number of modes : 9


     Dynamical matrices for ( 4, 4, 3)  uniform grid of q-points
     With a half shift  0  0  1
     (   8 q-points):
       N         xq(1)         xq(2)         xq(3) 
       1   0.000000000   0.000000000   0.145452854
       2   0.000000000   0.000000000  -0.436358562
       3   0.000000000   0.288675135   0.145452854
       4   0.000000000   0.288675135  -0.436358562
       5   0.000000000  -0.577350269   0.145452854
       6   0.000000000  -0.577350269  -0.436358562
       7   0.250000000   0.433012702   0.145452854
       8   0.250000000   0.433012702  -0.436358562
     Because shifted q grid is used, q2r will not work !

     #####  Read from vc*.dat  #####

       Dimention of Chebyshev interpolation : 5

     #####  Set or read initial delta  #####

       Initial delta is theta function
       Number of symmetries conserving q_FFLO :    24
       DOS(E_F)[/Ry/cell/spin] :  0.47769E+01
       DOS(E_F)[/Ry/cell/spin] :  0.47769E+01
       Number of total points for gap equation : 10713  10610

     #####  Average matrix in grid  #####

         Total RAM for Vc per process :   0.43E-02 GB
         Total RAM for gg per process :   0.16E-03 GB
         Total RAM for Vc (temporary) per process :   0.86E-03 GB
         Total RAM for gg (temporary) per process :   0.31E-04 GB

     #####  Compute renormalization factor : Z  #####

       Averaged Z_{FS} :  0.52415E+00   0.52352E+00

     #####  Compute effective interaction  #####


     #####  Solve gap equation  #####


       Iteration 1

         Residual[Ry] :  0.71173E-04
          Delta [meV] :  0.52149E+02   0.50131E+02

       Iteration 2

         Residual[Ry] :  0.29249E-04
          Delta [meV] :  0.31189E+02   0.30579E+02

       Iteration 3

         Residual[Ry] :  0.85318E-05
          Delta [meV] :  0.17410E+02   0.17316E+02

       Iteration 4

         Residual[Ry] :  0.67817E-05
          Delta [meV] :  0.14468E+02   0.14383E+02

       Iteration 5

         Residual[Ry] :  0.14345E-05
          Delta [meV] :  0.47742E+01   0.58327E+01

       Iteration 6

         Residual[Ry] :  0.12239E-05
          Delta [meV] :  0.30093E+01   0.47759E+01

       Iteration 7

         Residual[Ry] :  0.14362E-05
          Delta [meV] :  0.26967E+01   0.48418E+01

       Iteration 8

         Residual[Ry] :  0.71187E-06
          Delta [meV] :  0.37696E+01   0.44684E+01

       Iteration 9

         Residual[Ry] :  0.53979E-06
          Delta [meV] :  0.39687E+01   0.41989E+01

       Iteration 10

         Residual[Ry] :  0.42700E-06
          Delta [meV] :  0.35680E+01   0.37817E+01

       Iteration 11

         Residual[Ry] :  0.22759E-06
          Delta [meV] :  0.25435E+01   0.25406E+01

       Iteration 12

         Residual[Ry] :  0.19423E-06
          Delta [meV] :  0.23936E+01   0.23994E+01

       Iteration 13

         Residual[Ry] :  0.10579E-06
          Delta [meV] :  0.18260E+01   0.17654E+01

       Iteration 14

         Residual[Ry] :  0.65266E-07
          Delta [meV] :  0.14398E+01   0.14695E+01

       Iteration 15

         Residual[Ry] :  0.63146E-07
          Delta [meV] :  0.12824E+01   0.13177E+01

       Iteration 16

         Residual[Ry] :  0.63837E-07
          Delta [meV] :  0.12494E+01   0.12813E+01

       Iteration 17

         Residual[Ry] :  0.63669E-07
          Delta [meV] :  0.12495E+01   0.12813E+01

       Iteration 18

         Residual[Ry] :  0.55485E-07
          Delta [meV] :  0.12754E+01   0.12960E+01

       Iteration 19

         Residual[Ry] :  0.44849E-07
          Delta [meV] :  0.12687E+01   0.12787E+01

       Iteration 20

         Residual[Ry] :  0.22493E-07
          Delta [meV] :  0.11840E+01   0.11837E+01

       Iteration 21

         Residual[Ry] :  0.15675E-07
          Delta [meV] :  0.11408E+01   0.11412E+01

       Iteration 22

         Residual[Ry] :  0.71875E-08
          Delta [meV] :  0.10954E+01   0.10920E+01

       Iteration 23

         Residual[Ry] :  0.53927E-08
          Delta [meV] :  0.10924E+01   0.10884E+01

       Iteration 24

         Residual[Ry] :  0.26349E-08
          Delta [meV] :  0.10825E+01   0.10774E+01

       Iteration 25

         Residual[Ry] :  0.18214E-08
          Delta [meV] :  0.10805E+01   0.10763E+01

       Iteration 26

         Residual[Ry] :  0.13268E-08
          Delta [meV] :  0.10767E+01   0.10724E+01

       Iteration 27

         Residual[Ry] :  0.92785E-09
          Delta [meV] :  0.10758E+01   0.10715E+01

       Iteration 28

         Residual[Ry] :  0.46109E-09
          Delta [meV] :  0.10754E+01   0.10709E+01

       Iteration 29

         Residual[Ry] :  0.29492E-09
          Delta [meV] :  0.10750E+01   0.10706E+01

       Iteration 30

         Residual[Ry] :  0.23151E-09
          Delta [meV] :  0.10749E+01   0.10704E+01

       Iteration 31

         Residual[Ry] :  0.14753E-09
          Delta [meV] :  0.10750E+01   0.10706E+01

       Iteration 32

         Residual[Ry] :  0.60169E-10
          Delta [meV] :  0.10752E+01   0.10707E+01

       Iteration 33

         Residual[Ry] :  0.47142E-10
          Delta [meV] :  0.10751E+01   0.10707E+01

       Iteration 34

         Residual[Ry] :  0.29883E-10
          Delta [meV] :  0.10752E+01   0.10707E+01

       Iteration 35

         Residual[Ry] :  0.12775E-10
          Delta [meV] :  0.10752E+01   0.10707E+01

       Iteration 36

         Residual[Ry] :  0.86799E-11
          Delta [meV] :  0.10752E+01   0.10708E+01

       Iteration 37

         Residual[Ry] :  0.59228E-11
          Delta [meV] :  0.10752E+01   0.10708E+01

       Iteration 38

         Residual[Ry] :  0.25156E-11
          Delta [meV] :  0.10752E+01   0.10708E+01

       Iteration 39

         Residual[Ry] :  0.20632E-11
          Delta [meV] :  0.10752E+01   0.10708E+01

       Iteration 40

         Residual[Ry] :  0.10192E-11
          Delta [meV] :  0.10752E+01   0.10708E+01

       Iteration 41

         Residual[Ry] :  0.65091E-12
          Delta [meV] :  0.10752E+01   0.10708E+01

       Iteration 42

         Residual[Ry] :  0.55244E-12
          Delta [meV] :  0.10752E+01   0.10708E+01

       Iteration 43

         Residual[Ry] :  0.20091E-12
          Delta [meV] :  0.10752E+01   0.10708E+01

       Iteration 44

         Residual[Ry] :  0.16118E-12
          Delta [meV] :  0.10752E+01   0.10708E+01

       Iteration 45

         Residual[Ry] :  0.11706E-12
          Delta [meV] :  0.10752E+01   0.10708E+01

       Iteration 46

         Residual[Ry] :  0.62655E-13
          Delta [meV] :  0.10752E+01   0.10708E+01

       Iteration 47

         Residual[Ry] :  0.51999E-13
          Delta [meV] :  0.10752E+01   0.10708E+01

       Iteration 48

         Residual[Ry] :  0.21298E-13
          Delta [meV] :  0.10752E+01   0.10708E+01

       Iteration 49

         Residual[Ry] :  0.15407E-13
          Delta [meV] :  0.10752E+01   0.10708E+01

       Iteration 50

         Residual[Ry] :  0.10836E-13
          Delta [meV] :  0.10752E+01   0.10708E+01

       Iteration 51

         Residual[Ry] :  0.38171E-14
          Delta [meV] :  0.10752E+01   0.10708E+01

       Iteration 52

         Residual[Ry] :  0.31123E-14
          Delta [meV] :  0.10752E+01   0.10708E+01

       Iteration 53

         Residual[Ry] :  0.15209E-14
          Delta [meV] :  0.10752E+01   0.10708E+01

       Iteration 54

         Residual[Ry] :  0.80163E-15
          Delta [meV] :  0.10752E+01   0.10708E+01

       Converged ! iter = 54


     T[K]-D[meV]     0.00000E+00    0.10730E+01

       Initial delta is read from file (./pwscf.scgap)
       Number of total points for gap equation : 10713  10610
       DOS(E_F)[Ry^-1/cell/spin] :  0.47769E+01
       DOS(E_F)[Ry^-1/cell/spin] :  0.47775E+01

     #####  Compute renormalization factor : Z  #####

       Averaged Z_{FS} :  0.51391E+00   0.51328E+00

     #####  Compute effective interaction  #####


     #####  Solve gap equation  #####


       Iteration 1

         Residual[Ry] :  0.37287E-07
          Delta [meV] :  0.10752E+01   0.10708E+01

       Iteration 2

         Residual[Ry] :  0.23281E-07
          Delta [meV] :  0.10679E+01   0.10635E+01

       Iteration 3

         Residual[Ry] :  0.20217E-07
          Delta [meV] :  0.10526E+01   0.10481E+01

       Iteration 4

         Residual[Ry] :  0.17994E-07
          Delta [meV] :  0.10332E+01   0.10286E+01

       Iteration 5

         Residual[Ry] :  0.84575E-08
          Delta [meV] :  0.91189E+00   0.90651E+00

       Iteration 6

         Residual[Ry] :  0.75002E-08
          Delta [meV] :  0.89558E+00   0.88968E+00

       Iteration 7

         Residual[Ry] :  0.64321E-08
          Delta [meV] :  0.85817E+00   0.84963E+00

       Iteration 8

         Residual[Ry] :  0.71852E-08
          Delta [meV] :  0.84621E+00   0.83539E+00

       Iteration 9

         Residual[Ry] :  0.63425E-08
          Delta [meV] :  0.84520E+00   0.83614E+00

       Iteration 10

         Residual[Ry] :  0.50754E-08
          Delta [meV] :  0.83326E+00   0.82685E+00

       Iteration 11

         Residual[Ry] :  0.44961E-08
          Delta [meV] :  0.81385E+00   0.80819E+00

       Iteration 12

         Residual[Ry] :  0.45357E-08
          Delta [meV] :  0.78990E+00   0.78499E+00

       Iteration 13

         Residual[Ry] :  0.46032E-08
          Delta [meV] :  0.78996E+00   0.78504E+00

       Iteration 14

         Residual[Ry] :  0.36724E-08
          Delta [meV] :  0.77476E+00   0.77065E+00

       Iteration 15

         Residual[Ry] :  0.31263E-08
          Delta [meV] :  0.77473E+00   0.77153E+00

       Iteration 16

         Residual[Ry] :  0.24232E-08
          Delta [meV] :  0.78128E+00   0.77756E+00

       Iteration 17

         Residual[Ry] :  0.17842E-08
          Delta [meV] :  0.76999E+00   0.76632E+00

       Iteration 18

         Residual[Ry] :  0.51789E-09
          Delta [meV] :  0.75268E+00   0.74927E+00

       Iteration 19

         Residual[Ry] :  0.22190E-09
          Delta [meV] :  0.74520E+00   0.74216E+00

       Iteration 20

         Residual[Ry] :  0.15113E-09
          Delta [meV] :  0.74440E+00   0.74148E+00

       Iteration 21

         Residual[Ry] :  0.71586E-10
          Delta [meV] :  0.74491E+00   0.74208E+00

       Iteration 22

         Residual[Ry] :  0.22930E-10
          Delta [meV] :  0.74537E+00   0.74254E+00

       Iteration 23

         Residual[Ry] :  0.12870E-10
          Delta [meV] :  0.74528E+00   0.74246E+00

       Iteration 24

         Residual[Ry] :  0.10142E-10
          Delta [meV] :  0.74527E+00   0.74244E+00

       Iteration 25

         Residual[Ry] :  0.57984E-11
          Delta [meV] :  0.74526E+00   0.74242E+00

       Iteration 26

         Residual[Ry] :  0.17151E-11
          Delta [meV] :  0.74524E+00   0.74240E+00

       Iteration 27

         Residual[Ry] :  0.12418E-11
          Delta [meV] :  0.74524E+00   0.74240E+00

       Iteration 28

         Residual[Ry] :  0.38663E-12
          Delta [meV] :  0.74523E+00   0.74239E+00

       Iteration 29

         Residual[Ry] :  0.30547E-12
          Delta [meV] :  0.74523E+00   0.74239E+00

       Iteration 30

         Residual[Ry] :  0.13904E-12
          Delta [meV] :  0.74523E+00   0.74239E+00

       Iteration 31

         Residual[Ry] :  0.10666E-12
          Delta [meV] :  0.74523E+00   0.74239E+00

       Iteration 32

         Residual[Ry] :  0.66515E-13
          Delta [meV] :  0.74523E+00   0.74239E+00

       Iteration 33

         Residual[Ry] :  0.37489E-13
          Delta [meV] :  0.74523E+00   0.74239E+00

       Iteration 34

         Residual[Ry] :  0.17165E-13
          Delta [meV] :  0.74523E+00   0.74239E+00

       Iteration 35

         Residual[Ry] :  0.14295E-13
          Delta [meV] :  0.74523E+00   0.74239E+00

       Iteration 36

         Residual[Ry] :  0.88109E-14
          Delta [meV] :  0.74523E+00   0.74239E+00

       Iteration 37

         Residual[Ry] :  0.24870E-14
          Delta [meV] :  0.74523E+00   0.74239E+00

       Iteration 38

         Residual[Ry] :  0.18133E-14
          Delta [meV] :  0.74523E+00   0.74239E+00

       Iteration 39

         Residual[Ry] :  0.11905E-14
          Delta [meV] :  0.74523E+00   0.74239E+00

       Iteration 40

         Residual[Ry] :  0.31100E-15
          Delta [meV] :  0.74523E+00   0.74239E+00

       Converged ! iter = 40

       Super current [a.u.] :             NaN            NaN

     T[K]-D[meV]:     0.70346E+01    0.74381E+00

       Initial delta is read from file (./pwscf.scgap)
       Number of total points for gap equation : 10713  10610
       DOS(E_F)[Ry^-1/cell/spin] :  0.47769E+01
       DOS(E_F)[Ry^-1/cell/spin] :  0.47775E+01

     #####  Compute renormalization factor : Z  #####

       Averaged Z_{FS} :  0.50395E+00   0.50333E+00

     #####  Compute effective interaction  #####


     #####  Solve gap equation  #####


       Iteration 1

         Residual[Ry] :  0.93921E-07
          Delta [meV] :  0.10752E+01   0.10708E+01

       Iteration 2

         Residual[Ry] :  0.61631E-07
          Delta [meV] :  0.10546E+01   0.10503E+01

       Iteration 3

         Residual[Ry] :  0.54837E-07
          Delta [meV] :  0.10127E+01   0.10087E+01

       Iteration 4

         Residual[Ry] :  0.49755E-07
          Delta [meV] :  0.96011E+00   0.95673E+00

       Iteration 5

         Residual[Ry] :  0.22837E-07
          Delta [meV] :  0.52610E+00   0.52958E+00

       Iteration 6

         Residual[Ry] :  0.21243E-07
          Delta [meV] :  0.47245E+00   0.47944E+00

       Iteration 7

         Residual[Ry] :  0.21985E-07
          Delta [meV] :  0.41504E+00   0.43084E+00

       Iteration 8

         Residual[Ry] :  0.22608E-07
          Delta [meV] :  0.40967E+00   0.42695E+00

       Iteration 9

         Residual[Ry] :  0.19345E-07
          Delta [meV] :  0.38019E+00   0.39348E+00

       Iteration 10

         Residual[Ry] :  0.98166E-08
          Delta [meV] :  0.21730E+00   0.21794E+00

       Iteration 11

         Residual[Ry] :  0.83936E-08
          Delta [meV] :  0.15040E+00   0.14836E+00

       Iteration 12

         Residual[Ry] :  0.80841E-08
          Delta [meV] :  0.98799E-01   0.94521E-01

       Iteration 13

         Residual[Ry] :  0.82256E-08
          Delta [meV] :  0.89545E-01   0.84848E-01

       Iteration 14

         Residual[Ry] :  0.79843E-08
          Delta [meV] :  0.94961E-01   0.90968E-01

       Iteration 15

         Residual[Ry] :  0.75439E-08
          Delta [meV] :  0.78242E-01   0.74153E-01

       Iteration 16

         Residual[Ry] :  0.51738E-08
          Delta [meV] :  0.59459E-01   0.58214E-01

       Iteration 17

         Residual[Ry] :  0.32408E-08
          Delta [meV] :  0.37797E-01   0.36049E-01

       Iteration 18

         Residual[Ry] :  0.67787E-09
          Delta [meV] :  0.56816E-02   0.53811E-02

       Iteration 19

         Residual[Ry] :  0.41533E-09
          Delta [meV] :  0.99417E-03   0.11898E-02

       Iteration 20

         Residual[Ry] :  0.24732E-09
          Delta [meV] :  0.90836E-03   0.10747E-02

       Iteration 21

         Residual[Ry] :  0.13757E-09
          Delta [meV] :  0.20914E-03   0.28144E-03

       Iteration 22

         Residual[Ry] :  0.37140E-10
          Delta [meV] :  0.53529E-03   0.56388E-03

       Iteration 23

         Residual[Ry] :  0.29271E-10
          Delta [meV] :  0.22661E-03   0.24143E-03

       Iteration 24

         Residual[Ry] :  0.17598E-10
          Delta [meV] :  0.16072E-03   0.16371E-03

       Iteration 25

         Residual[Ry] :  0.57282E-11
          Delta [meV] :  0.23492E-04   0.19666E-04

       Iteration 26

         Residual[Ry] :  0.44785E-11
          Delta [meV] :  0.13213E-04   0.11939E-04

       Iteration 27

         Residual[Ry] :  0.27152E-11
          Delta [meV] :  0.11785E-04   0.12268E-04

       Iteration 28

         Residual[Ry] :  0.16156E-11
          Delta [meV] :  0.84540E-05   0.71820E-05

       Iteration 29

         Residual[Ry] :  0.11365E-11
          Delta [meV] :  0.63331E-05   0.53713E-05

       Iteration 30

         Residual[Ry] :  0.49744E-12
          Delta [meV] :  0.97451E-06   0.84713E-06

       Iteration 31

         Residual[Ry] :  0.26247E-12
          Delta [meV] :  0.14443E-05   0.10985E-05

       Iteration 32

         Residual[Ry] :  0.20523E-12
          Delta [meV] :  0.77335E-06   0.62202E-06

       Iteration 33

         Residual[Ry] :  0.11918E-12
          Delta [meV] :  0.50469E-06   0.46157E-06

       Iteration 34

         Residual[Ry] :  0.43774E-13
          Delta [meV] :  0.34440E-06   0.35826E-06

       Iteration 35

         Residual[Ry] :  0.32138E-13
          Delta [meV] :  0.27703E-06   0.28257E-06

       Iteration 36

         Residual[Ry] :  0.13051E-13
          Delta [meV] :  0.90092E-07   0.88805E-07

       Iteration 37

         Residual[Ry] :  0.60602E-14
          Delta [meV] :  0.93798E-08   0.92086E-08

       Iteration 38

         Residual[Ry] :  0.42153E-14
          Delta [meV] :  0.19370E-07   0.20739E-07

       Iteration 39

         Residual[Ry] :  0.26482E-14
          Delta [meV] :  0.14298E-07   0.15162E-07

       Iteration 40

         Residual[Ry] :  0.57860E-15
          Delta [meV] :  0.50531E-08   0.51163E-08

       Converged ! iter = 40

       Super current [a.u.] :             NaN            NaN

     T[K]-D[meV]:     0.14069E+02    0.50847E-08

       Initial delta is read from file (./pwscf.scgap)
       Number of total points for gap equation : 10713  10610
       DOS(E_F)[Ry^-1/cell/spin] :  0.47769E+01
       DOS(E_F)[Ry^-1/cell/spin] :  0.47775E+01

     #####  Compute renormalization factor : Z  #####

       Averaged Z_{FS} :  0.51391E+00   0.51328E+00

     #####  Compute effective interaction  #####


     #####  Solve gap equation  #####


       Iteration 1

         Residual[Ry] :  0.37287E-07
          Delta [meV] :  0.10752E+01   0.10708E+01

       Iteration 2

         Residual[Ry] :  0.23281E-07
          Delta [meV] :  0.10679E+01   0.10635E+01

       Iteration 3

         Residual[Ry] :  0.20217E-07
          Delta [meV] :  0.10526E+01   0.10481E+01

       Iteration 4

         Residual[Ry] :  0.17994E-07
          Delta [meV] :  0.10332E+01   0.10286E+01

       Iteration 5

         Residual[Ry] :  0.84575E-08
          Delta [meV] :  0.91189E+00   0.90651E+00

       Iteration 6

         Residual[Ry] :  0.75002E-08
          Delta [meV] :  0.89558E+00   0.88968E+00

       Iteration 7

         Residual[Ry] :  0.64321E-08
          Delta [meV] :  0.85817E+00   0.84963E+00

       Iteration 8

         Residual[Ry] :  0.71852E-08
          Delta [meV] :  0.84621E+00   0.83539E+00

       Iteration 9

         Residual[Ry] :  0.63425E-08
          Delta [meV] :  0.84520E+00   0.83614E+00

       Iteration 10

         Residual[Ry] :  0.50754E-08
          Delta [meV] :  0.83326E+00   0.82685E+00

       Iteration 11

         Residual[Ry] :  0.44961E-08
          Delta [meV] :  0.81385E+00   0.80819E+00

       Iteration 12

         Residual[Ry] :  0.45357E-08
          Delta [meV] :  0.78990E+00   0.78499E+00

       Iteration 13

         Residual[Ry] :  0.46032E-08
          Delta [meV] :  0.78996E+00   0.78504E+00

       Iteration 14

         Residual[Ry] :  0.36724E-08
          Delta [meV] :  0.77476E+00   0.77065E+00

       Iteration 15

         Residual[Ry] :  0.31263E-08
          Delta [meV] :  0.77473E+00   0.77153E+00

       Iteration 16

         Residual[Ry] :  0.24232E-08
          Delta [meV] :  0.78128E+00   0.77756E+00

       Iteration 17

         Residual[Ry] :  0.17842E-08
          Delta [meV] :  0.76999E+00   0.76632E+00

       Iteration 18

         Residual[Ry] :  0.51789E-09
          Delta [meV] :  0.75268E+00   0.74927E+00

       Iteration 19

         Residual[Ry] :  0.22190E-09
          Delta [meV] :  0.74520E+00   0.74216E+00

       Iteration 20

         Residual[Ry] :  0.15113E-09
          Delta [meV] :  0.74440E+00   0.74148E+00

       Iteration 21

         Residual[Ry] :  0.71586E-10
          Delta [meV] :  0.74491E+00   0.74208E+00

       Iteration 22

         Residual[Ry] :  0.22930E-10
          Delta [meV] :  0.74537E+00   0.74254E+00

       Iteration 23

         Residual[Ry] :  0.12870E-10
          Delta [meV] :  0.74528E+00   0.74246E+00

       Iteration 24

         Residual[Ry] :  0.10142E-10
          Delta [meV] :  0.74527E+00   0.74244E+00

       Iteration 25

         Residual[Ry] :  0.57984E-11
          Delta [meV] :  0.74526E+00   0.74242E+00

       Iteration 26

         Residual[Ry] :  0.17151E-11
          Delta [meV] :  0.74524E+00   0.74240E+00

       Iteration 27

         Residual[Ry] :  0.12418E-11
          Delta [meV] :  0.74524E+00   0.74240E+00

       Iteration 28

         Residual[Ry] :  0.38663E-12
          Delta [meV] :  0.74523E+00   0.74239E+00

       Iteration 29

         Residual[Ry] :  0.30547E-12
          Delta [meV] :  0.74523E+00   0.74239E+00

       Iteration 30

         Residual[Ry] :  0.13904E-12
          Delta [meV] :  0.74523E+00   0.74239E+00

       Iteration 31

         Residual[Ry] :  0.10666E-12
          Delta [meV] :  0.74523E+00   0.74239E+00

       Iteration 32

         Residual[Ry] :  0.66515E-13
          Delta [meV] :  0.74523E+00   0.74239E+00

       Iteration 33

         Residual[Ry] :  0.37489E-13
          Delta [meV] :  0.74523E+00   0.74239E+00

       Iteration 34

         Residual[Ry] :  0.17165E-13
          Delta [meV] :  0.74523E+00   0.74239E+00

       Iteration 35

         Residual[Ry] :  0.14295E-13
          Delta [meV] :  0.74523E+00   0.74239E+00

       Iteration 36

         Residual[Ry] :  0.88109E-14
          Delta [meV] :  0.74523E+00   0.74239E+00

       Iteration 37

         Residual[Ry] :  0.24870E-14
          Delta [meV] :  0.74523E+00   0.74239E+00

       Iteration 38

         Residual[Ry] :  0.18133E-14
          Delta [meV] :  0.74523E+00   0.74239E+00

       Iteration 39

         Residual[Ry] :  0.11905E-14
          Delta [meV] :  0.74523E+00   0.74239E+00

       Iteration 40

         Residual[Ry] :  0.31100E-15
          Delta [meV] :  0.74523E+00   0.74239E+00

       Converged ! iter = 40

       Super current [a.u.] :             NaN            NaN

     T[K]-D[meV]:     0.70346E+01    0.74381E+00

       Initial delta is read from file (./pwscf.scgap)
       Number of total points for gap equation : 10713  10610
       DOS(E_F)[Ry^-1/cell/spin] :  0.47769E+01
       DOS(E_F)[Ry^-1/cell/spin] :  0.47775E+01

     #####  Compute renormalization factor : Z  #####

       Averaged Z_{FS} :  0.50891E+00   0.50829E+00

     #####  Compute effective interaction  #####


     #####  Solve gap equation  #####


       Iteration 1

         Residual[Ry] :  0.67062E-07
          Delta [meV] :  0.10752E+01   0.10708E+01

       Iteration 2

         Residual[Ry] :  0.43132E-07
          Delta [meV] :  0.10613E+01   0.10569E+01

       Iteration 3

         Residual[Ry] :  0.38161E-07
          Delta [meV] :  0.10324E+01   0.10281E+01

       Iteration 4

         Residual[Ry] :  0.34569E-07
          Delta [meV] :  0.99603E+00   0.99202E+00

       Iteration 5

         Residual[Ry] :  0.16598E-07
          Delta [meV] :  0.71367E+00   0.71260E+00

       Iteration 6

         Residual[Ry] :  0.15098E-07
          Delta [meV] :  0.67604E+00   0.67656E+00

       Iteration 7

         Residual[Ry] :  0.14165E-07
          Delta [meV] :  0.60671E+00   0.61326E+00

       Iteration 8

         Residual[Ry] :  0.15860E-07
          Delta [meV] :  0.57658E+00   0.58752E+00

       Iteration 9

         Residual[Ry] :  0.14039E-07
          Delta [meV] :  0.56896E+00   0.57710E+00

       Iteration 10

         Residual[Ry] :  0.95546E-08
          Delta [meV] :  0.49329E+00   0.49418E+00

       Iteration 11

         Residual[Ry] :  0.82969E-08
          Delta [meV] :  0.43012E+00   0.42753E+00

       Iteration 12

         Residual[Ry] :  0.84101E-08
          Delta [meV] :  0.37559E+00   0.37182E+00

       Iteration 13

         Residual[Ry] :  0.84798E-08
          Delta [meV] :  0.36788E+00   0.36380E+00

       Iteration 14

         Residual[Ry] :  0.83763E-08
          Delta [meV] :  0.36030E+00   0.35642E+00

       Iteration 15

         Residual[Ry] :  0.79751E-08
          Delta [meV] :  0.34539E+00   0.34285E+00

       Iteration 16

         Residual[Ry] :  0.75014E-08
          Delta [meV] :  0.33240E+00   0.32907E+00

       Iteration 17

         Residual[Ry] :  0.56091E-08
          Delta [meV] :  0.33460E+00   0.33317E+00

       Iteration 18

         Residual[Ry] :  0.34717E-08
          Delta [meV] :  0.26294E+00   0.26143E+00

       Iteration 19

         Residual[Ry] :  0.17037E-08
          Delta [meV] :  0.12692E+00   0.12670E+00

       Iteration 20

         Residual[Ry] :  0.11855E-08
          Delta [meV] :  0.59063E-01   0.59114E-01

       Iteration 21

         Residual[Ry] :  0.48246E-09
          Delta [meV] :  0.12181E-01   0.12033E-01

       Iteration 22

         Residual[Ry] :  0.29393E-09
          Delta [meV] :  0.46300E-02   0.44786E-02

       Iteration 23

         Residual[Ry] :  0.20330E-09
          Delta [meV] :  0.22445E-02   0.21270E-02

       Iteration 24

         Residual[Ry] :  0.10869E-09
          Delta [meV] :  0.62066E-02   0.62196E-02

       Iteration 25

         Residual[Ry] :  0.51740E-10
          Delta [meV] :  0.32913E-02   0.33201E-02

       Iteration 26

         Residual[Ry] :  0.43489E-10
          Delta [meV] :  0.32176E-02   0.32389E-02

       Iteration 27

         Residual[Ry] :  0.32322E-10
          Delta [meV] :  0.22081E-02   0.22212E-02

       Iteration 28

         Residual[Ry] :  0.10540E-10
          Delta [meV] :  0.27590E-03   0.27937E-03

       Iteration 29

         Residual[Ry] :  0.87914E-11
          Delta [meV] :  0.25756E-03   0.25860E-03

       Iteration 30

         Residual[Ry] :  0.30815E-11
          Delta [meV] :  0.19923E-03   0.19404E-03

       Iteration 31

         Residual[Ry] :  0.22737E-11
          Delta [meV] :  0.14991E-03   0.14646E-03

       Iteration 32

         Residual[Ry] :  0.64032E-12
          Delta [meV] :  0.16850E-04   0.17312E-04

       Iteration 33

         Residual[Ry] :  0.51944E-12
          Delta [meV] :  0.13618E-04   0.13936E-04

       Iteration 34

         Residual[Ry] :  0.12551E-12
          Delta [meV] :  0.30267E-05   0.30069E-05

       Iteration 35

         Residual[Ry] :  0.91834E-13
          Delta [meV] :  0.30502E-05   0.30378E-05

       Iteration 36

         Residual[Ry] :  0.31113E-13
          Delta [meV] :  0.11022E-05   0.10996E-05

       Iteration 37

         Residual[Ry] :  0.14509E-13
          Delta [meV] :  0.17547E-06   0.17355E-06

       Iteration 38

         Residual[Ry] :  0.11026E-13
          Delta [meV] :  0.46080E-07   0.43989E-07

       Iteration 39

         Residual[Ry] :  0.53385E-14
          Delta [meV] :  0.33126E-07   0.32174E-07

       Iteration 40

         Residual[Ry] :  0.15866E-14
          Delta [meV] :  0.24400E-07   0.24203E-07

       Iteration 41

         Residual[Ry] :  0.12502E-14
          Delta [meV] :  0.20609E-07   0.20458E-07

       Iteration 42

         Residual[Ry] :  0.16547E-15
          Delta [meV] :  0.46230E-08   0.45962E-08

       Converged ! iter = 42

       Super current [a.u.] :             NaN            NaN

     T[K]-D[meV]:     0.10552E+02    0.46096E-08

       Initial delta is read from file (./pwscf.scgap)
       Number of total points for gap equation : 10713  10610
       DOS(E_F)[Ry^-1/cell/spin] :  0.47769E+01
       DOS(E_F)[Ry^-1/cell/spin] :  0.47775E+01

     #####  Compute renormalization factor : Z  #####

       Averaged Z_{FS} :  0.51141E+00   0.51078E+00

     #####  Compute effective interaction  #####


     #####  Solve gap equation  #####


       Iteration 1

         Residual[Ry] :  0.52428E-07
          Delta [meV] :  0.10752E+01   0.10708E+01

       Iteration 2

         Residual[Ry] :  0.33253E-07
          Delta [meV] :  0.10647E+01   0.10602E+01

       Iteration 3

         Residual[Ry] :  0.29215E-07
          Delta [meV] :  0.10426E+01   0.10382E+01

       Iteration 4

         Residual[Ry] :  0.26310E-07
          Delta [meV] :  0.10148E+01   0.10104E+01

       Iteration 5

         Residual[Ry] :  0.12497E-07
          Delta [meV] :  0.81543E+00   0.81204E+00

       Iteration 6

         Residual[Ry] :  0.11126E-07
          Delta [meV] :  0.78858E+00   0.78568E+00

       Iteration 7

         Residual[Ry] :  0.86099E-08
          Delta [meV] :  0.72196E+00   0.72130E+00

       Iteration 8

         Residual[Ry] :  0.88130E-08
          Delta [meV] :  0.66468E+00   0.66711E+00

       Iteration 9

         Residual[Ry] :  0.92603E-08
          Delta [meV] :  0.65942E+00   0.66272E+00

       Iteration 10

         Residual[Ry] :  0.76167E-08
          Delta [meV] :  0.65179E+00   0.65204E+00

       Iteration 11

         Residual[Ry] :  0.64998E-08
          Delta [meV] :  0.62397E+00   0.62107E+00

       Iteration 12

         Residual[Ry] :  0.65359E-08
          Delta [meV] :  0.59262E+00   0.58774E+00

       Iteration 13

         Residual[Ry] :  0.66478E-08
          Delta [meV] :  0.58743E+00   0.58213E+00

       Iteration 14

         Residual[Ry] :  0.63609E-08
          Delta [meV] :  0.58157E+00   0.57682E+00

       Iteration 15

         Residual[Ry] :  0.55398E-08
          Delta [meV] :  0.55562E+00   0.55188E+00

       Iteration 16

         Residual[Ry] :  0.48850E-08
          Delta [meV] :  0.55980E+00   0.55682E+00

       Iteration 17

         Residual[Ry] :  0.35815E-08
          Delta [meV] :  0.55804E+00   0.55512E+00

       Iteration 18

         Residual[Ry] :  0.17337E-08
          Delta [meV] :  0.50857E+00   0.50641E+00

       Iteration 19

         Residual[Ry] :  0.90095E-09
          Delta [meV] :  0.46203E+00   0.45971E+00

       Iteration 20

         Residual[Ry] :  0.38712E-09
          Delta [meV] :  0.42890E+00   0.42725E+00

       Iteration 21

         Residual[Ry] :  0.25928E-09
          Delta [meV] :  0.42852E+00   0.42666E+00

       Iteration 22

         Residual[Ry] :  0.17788E-09
          Delta [meV] :  0.42774E+00   0.42594E+00

       Iteration 23

         Residual[Ry] :  0.12561E-09
          Delta [meV] :  0.43145E+00   0.42976E+00

       Iteration 24

         Residual[Ry] :  0.74574E-10
          Delta [meV] :  0.43313E+00   0.43143E+00

       Iteration 25

         Residual[Ry] :  0.40051E-10
          Delta [meV] :  0.43394E+00   0.43230E+00

       Iteration 26

         Residual[Ry] :  0.23339E-10
          Delta [meV] :  0.43306E+00   0.43141E+00

       Iteration 27

         Residual[Ry] :  0.15695E-10
          Delta [meV] :  0.43255E+00   0.43090E+00

       Iteration 28

         Residual[Ry] :  0.10350E-10
          Delta [meV] :  0.43231E+00   0.43065E+00

       Iteration 29

         Residual[Ry] :  0.40758E-11
          Delta [meV] :  0.43195E+00   0.43028E+00

       Iteration 30

         Residual[Ry] :  0.33557E-11
          Delta [meV] :  0.43193E+00   0.43027E+00

       Iteration 31

         Residual[Ry] :  0.13507E-11
          Delta [meV] :  0.43189E+00   0.43023E+00

       Iteration 32

         Residual[Ry] :  0.96152E-12
          Delta [meV] :  0.43191E+00   0.43025E+00

       Iteration 33

         Residual[Ry] :  0.35074E-12
          Delta [meV] :  0.43193E+00   0.43026E+00

       Iteration 34

         Residual[Ry] :  0.19693E-12
          Delta [meV] :  0.43194E+00   0.43027E+00

       Iteration 35

         Residual[Ry] :  0.13542E-12
          Delta [meV] :  0.43194E+00   0.43028E+00

       Iteration 36

         Residual[Ry] :  0.89667E-13
          Delta [meV] :  0.43194E+00   0.43028E+00

       Iteration 37

         Residual[Ry] :  0.33589E-13
          Delta [meV] :  0.43194E+00   0.43028E+00

       Iteration 38

         Residual[Ry] :  0.26436E-13
          Delta [meV] :  0.43194E+00   0.43028E+00

       Iteration 39

         Residual[Ry] :  0.88882E-14
          Delta [meV] :  0.43194E+00   0.43028E+00

       Iteration 40

         Residual[Ry] :  0.38306E-14
          Delta [meV] :  0.43194E+00   0.43028E+00

       Iteration 41

         Residual[Ry] :  0.29463E-14
          Delta [meV] :  0.43194E+00   0.43028E+00

       Iteration 42

         Residual[Ry] :  0.11723E-14
          Delta [meV] :  0.43194E+00   0.43028E+00

       Iteration 43

         Residual[Ry] :  0.43108E-15
          Delta [meV] :  0.43194E+00   0.43028E+00

       Converged ! iter = 43

       Super current [a.u.] :             NaN            NaN

     T[K]-D[meV]:     0.87933E+01    0.43111E+00

       Initial delta is read from file (./pwscf.scgap)
       Number of total points for gap equation : 10713  10610
       DOS(E_F)[Ry^-1/cell/spin] :  0.47769E+01
       DOS(E_F)[Ry^-1/cell/spin] :  0.47775E+01

     #####  Compute renormalization factor : Z  #####

       Averaged Z_{FS} :  0.51016E+00   0.50953E+00

     #####  Compute effective interaction  #####


     #####  Solve gap equation  #####


       Iteration 1

         Residual[Ry] :  0.59831E-07
          Delta [meV] :  0.10752E+01   0.10708E+01

       Iteration 2

         Residual[Ry] :  0.38227E-07
          Delta [meV] :  0.10630E+01   0.10586E+01

       Iteration 3

         Residual[Ry] :  0.33718E-07
          Delta [meV] :  0.10375E+01   0.10332E+01

       Iteration 4

         Residual[Ry] :  0.30472E-07
          Delta [meV] :  0.10054E+01   0.10012E+01

       Iteration 5

         Residual[Ry] :  0.14583E-07
          Delta [meV] :  0.76460E+00   0.76235E+00

       Iteration 6

         Residual[Ry] :  0.13127E-07
          Delta [meV] :  0.73229E+00   0.73109E+00

       Iteration 7

         Residual[Ry] :  0.11401E-07
          Delta [meV] :  0.66233E+00   0.66559E+00

       Iteration 8

         Residual[Ry] :  0.12928E-07
          Delta [meV] :  0.61804E+00   0.62596E+00

       Iteration 9

         Residual[Ry] :  0.11961E-07
          Delta [meV] :  0.61835E+00   0.62465E+00

       Iteration 10

         Residual[Ry] :  0.87132E-08
          Delta [meV] :  0.57571E+00   0.57644E+00

       Iteration 11

         Residual[Ry] :  0.74624E-08
          Delta [meV] :  0.52791E+00   0.52504E+00

       Iteration 12

         Residual[Ry] :  0.75791E-08
          Delta [meV] :  0.48555E+00   0.48151E+00

       Iteration 13

         Residual[Ry] :  0.76351E-08
          Delta [meV] :  0.48040E+00   0.47612E+00

       Iteration 14

         Residual[Ry] :  0.75353E-08
          Delta [meV] :  0.47218E+00   0.46803E+00

       Iteration 15

         Residual[Ry] :  0.70466E-08
          Delta [meV] :  0.45357E+00   0.45059E+00

       Iteration 16

         Residual[Ry] :  0.64819E-08
          Delta [meV] :  0.44513E+00   0.44163E+00

       Iteration 17

         Residual[Ry] :  0.46517E-08
          Delta [meV] :  0.44620E+00   0.44471E+00

       Iteration 18

         Residual[Ry] :  0.30057E-08
          Delta [meV] :  0.38344E+00   0.38173E+00

       Iteration 19

         Residual[Ry] :  0.16044E-08
          Delta [meV] :  0.26789E+00   0.26726E+00

       Iteration 20

         Residual[Ry] :  0.12333E-08
          Delta [meV] :  0.21940E+00   0.21887E+00

       Iteration 21

         Residual[Ry] :  0.45487E-09
          Delta [meV] :  0.13493E+00   0.13431E+00

       Iteration 22

         Residual[Ry] :  0.30427E-09
          Delta [meV] :  0.11181E+00   0.11139E+00

       Iteration 23

         Residual[Ry] :  0.21839E-09
          Delta [meV] :  0.88485E-01   0.88061E-01

       Iteration 24

         Residual[Ry] :  0.15077E-09
          Delta [meV] :  0.81796E-01   0.81524E-01

       Iteration 25

         Residual[Ry] :  0.10290E-09
          Delta [meV] :  0.68629E-01   0.68423E-01

       Iteration 26

         Residual[Ry] :  0.80307E-10
          Delta [meV] :  0.57323E-01   0.57159E-01

       Iteration 27

         Residual[Ry] :  0.67618E-10
          Delta [meV] :  0.50224E-01   0.50076E-01

       Iteration 28

         Residual[Ry] :  0.35618E-10
          Delta [meV] :  0.22833E-01   0.22759E-01

       Iteration 29

         Residual[Ry] :  0.25886E-10
          Delta [meV] :  0.12863E-01   0.12827E-01

       Iteration 30

         Residual[Ry] :  0.12259E-10
          Delta [meV] :  0.27531E-02   0.27369E-02

       Iteration 31

         Residual[Ry] :  0.96791E-11
          Delta [meV] :  0.36943E-02   0.36784E-02

       Iteration 32

         Residual[Ry] :  0.49623E-11
          Delta [meV] :  0.29197E-03   0.29099E-03

       Iteration 33

         Residual[Ry] :  0.16644E-11
          Delta [meV] :  0.50138E-03   0.49718E-03

       Iteration 34

         Residual[Ry] :  0.11603E-11
          Delta [meV] :  0.17687E-03   0.17465E-03

       Iteration 35

         Residual[Ry] :  0.44760E-12
          Delta [meV] :  0.11189E-03   0.11138E-03

       Iteration 36

         Residual[Ry] :  0.21677E-12
          Delta [meV] :  0.11148E-03   0.11118E-03

       Iteration 37

         Residual[Ry] :  0.15483E-12
          Delta [meV] :  0.83240E-04   0.83008E-04

       Iteration 38

         Residual[Ry] :  0.84672E-13
          Delta [meV] :  0.43941E-04   0.43737E-04

       Iteration 39

         Residual[Ry] :  0.58242E-13
          Delta [meV] :  0.24363E-04   0.24212E-04

       Iteration 40

         Residual[Ry] :  0.42195E-13
          Delta [meV] :  0.20944E-04   0.20830E-04

       Iteration 41

         Residual[Ry] :  0.15239E-13
          Delta [meV] :  0.68560E-05   0.68317E-05

       Iteration 42

         Residual[Ry] :  0.12882E-13
          Delta [meV] :  0.62757E-05   0.62510E-05

       Iteration 43

         Residual[Ry] :  0.53254E-14
          Delta [meV] :  0.27878E-05   0.27767E-05

       Iteration 44

         Residual[Ry] :  0.25678E-14
          Delta [meV] :  0.82468E-06   0.82171E-06

       Iteration 45

         Residual[Ry] :  0.20725E-14
          Delta [meV] :  0.59052E-06   0.58843E-06

       Iteration 46

         Residual[Ry] :  0.54047E-15
          Delta [meV] :  0.13915E-06   0.13872E-06

       Converged ! iter = 46

       Super current [a.u.] :             NaN            NaN

     T[K]-D[meV]:     0.96726E+01    0.13894E-06

       Initial delta is read from file (./pwscf.scgap)
       Number of total points for gap equation : 10713  10610
       DOS(E_F)[Ry^-1/cell/spin] :  0.47769E+01
       DOS(E_F)[Ry^-1/cell/spin] :  0.47775E+01

     #####  Compute renormalization factor : Z  #####

       Averaged Z_{FS} :  0.51078E+00   0.51015E+00

     #####  Compute effective interaction  #####


     #####  Solve gap equation  #####


       Iteration 1

         Residual[Ry] :  0.56149E-07
          Delta [meV] :  0.10752E+01   0.10708E+01

       Iteration 2

         Residual[Ry] :  0.35746E-07
          Delta [meV] :  0.10638E+01   0.10594E+01

       Iteration 3

         Residual[Ry] :  0.31471E-07
          Delta [meV] :  0.10401E+01   0.10357E+01

       Iteration 4

         Residual[Ry] :  0.28397E-07
          Delta [meV] :  0.10101E+01   0.10058E+01

       Iteration 5

         Residual[Ry] :  0.13543E-07
          Delta [meV] :  0.79010E+00   0.78727E+00

       Iteration 6

         Residual[Ry] :  0.12124E-07
          Delta [meV] :  0.76051E+00   0.75846E+00

       Iteration 7

         Residual[Ry] :  0.99723E-08
          Delta [meV] :  0.69153E+00   0.69291E+00

       Iteration 8

         Residual[Ry] :  0.11031E-07
          Delta [meV] :  0.63963E+00   0.64523E+00

       Iteration 9

         Residual[Ry] :  0.10743E-07
          Delta [meV] :  0.64082E+00   0.64592E+00

       Iteration 10

         Residual[Ry] :  0.81972E-08
          Delta [meV] :  0.61546E+00   0.61603E+00

       Iteration 11

         Residual[Ry] :  0.69816E-08
          Delta [meV] :  0.57688E+00   0.57395E+00

       Iteration 12

         Residual[Ry] :  0.70702E-08
          Delta [meV] :  0.54004E+00   0.53570E+00

       Iteration 13

         Residual[Ry] :  0.71456E-08
          Delta [meV] :  0.53460E+00   0.52993E+00

       Iteration 14

         Residual[Ry] :  0.70057E-08
          Delta [meV] :  0.52707E+00   0.52262E+00

       Iteration 15

         Residual[Ry] :  0.63407E-08
          Delta [meV] :  0.50261E+00   0.49937E+00

       Iteration 16

         Residual[Ry] :  0.57527E-08
          Delta [meV] :  0.50260E+00   0.49915E+00

       Iteration 17

         Residual[Ry] :  0.37778E-08
          Delta [meV] :  0.50086E+00   0.49955E+00

       Iteration 18

         Residual[Ry] :  0.25261E-08
          Delta [meV] :  0.44653E+00   0.44436E+00

       Iteration 19

         Residual[Ry] :  0.11512E-08
          Delta [meV] :  0.36195E+00   0.36070E+00

       Iteration 20

         Residual[Ry] :  0.83165E-09
          Delta [meV] :  0.32847E+00   0.32728E+00

       Iteration 21

         Residual[Ry] :  0.30403E-09
          Delta [meV] :  0.28703E+00   0.28564E+00

       Iteration 22

         Residual[Ry] :  0.21484E-09
          Delta [meV] :  0.29093E+00   0.28980E+00

       Iteration 23

         Residual[Ry] :  0.16148E-09
          Delta [meV] :  0.28986E+00   0.28864E+00

       Iteration 24

         Residual[Ry] :  0.10438E-09
          Delta [meV] :  0.29149E+00   0.29032E+00

       Iteration 25

         Residual[Ry] :  0.37878E-10
          Delta [meV] :  0.29236E+00   0.29126E+00

       Iteration 26

         Residual[Ry] :  0.31655E-10
          Delta [meV] :  0.29126E+00   0.29017E+00

       Iteration 27

         Residual[Ry] :  0.12575E-10
          Delta [meV] :  0.28798E+00   0.28687E+00

       Iteration 28

         Residual[Ry] :  0.81142E-11
          Delta [meV] :  0.28746E+00   0.28635E+00

       Iteration 29

         Residual[Ry] :  0.54412E-11
          Delta [meV] :  0.28731E+00   0.28621E+00

       Iteration 30

         Residual[Ry] :  0.33288E-11
          Delta [meV] :  0.28730E+00   0.28620E+00

       Iteration 31

         Residual[Ry] :  0.15876E-11
          Delta [meV] :  0.28734E+00   0.28623E+00

       Iteration 32

         Residual[Ry] :  0.10243E-11
          Delta [meV] :  0.28738E+00   0.28627E+00

       Iteration 33

         Residual[Ry] :  0.60716E-12
          Delta [meV] :  0.28742E+00   0.28632E+00

       Iteration 34

         Residual[Ry] :  0.37418E-12
          Delta [meV] :  0.28745E+00   0.28634E+00

       Iteration 35

         Residual[Ry] :  0.22730E-12
          Delta [meV] :  0.28746E+00   0.28635E+00

       Iteration 36

         Residual[Ry] :  0.10200E-12
          Delta [meV] :  0.28746E+00   0.28636E+00

       Iteration 37

         Residual[Ry] :  0.32634E-13
          Delta [meV] :  0.28747E+00   0.28636E+00

       Iteration 38

         Residual[Ry] :  0.25103E-13
          Delta [meV] :  0.28747E+00   0.28636E+00

       Iteration 39

         Residual[Ry] :  0.15171E-13
          Delta [meV] :  0.28747E+00   0.28636E+00

       Iteration 40

         Residual[Ry] :  0.39160E-14
          Delta [meV] :  0.28747E+00   0.28636E+00

       Iteration 41

         Residual[Ry] :  0.31076E-14
          Delta [meV] :  0.28747E+00   0.28636E+00

       Iteration 42

         Residual[Ry] :  0.69684E-15
          Delta [meV] :  0.28747E+00   0.28636E+00

       Converged ! iter = 42

       Super current [a.u.] :             NaN            NaN

     T[K]-D[meV]:     0.92330E+01    0.28691E+00

       Initial delta is read from file (./pwscf.scgap)
       Number of total points for gap equation : 10713  10610
       DOS(E_F)[Ry^-1/cell/spin] :  0.47769E+01
       DOS(E_F)[Ry^-1/cell/spin] :  0.47775E+01

     #####  Compute renormalization factor : Z  #####

       Averaged Z_{FS} :  0.51047E+00   0.50984E+00

     #####  Compute effective interaction  #####


     #####  Solve gap equation  #####


       Iteration 1

         Residual[Ry] :  0.57995E-07
          Delta [meV] :  0.10752E+01   0.10708E+01

       Iteration 2

         Residual[Ry] :  0.36988E-07
          Delta [meV] :  0.10634E+01   0.10590E+01

       Iteration 3

         Residual[Ry] :  0.32596E-07
          Delta [meV] :  0.10388E+01   0.10344E+01

       Iteration 4

         Residual[Ry] :  0.29436E-07
          Delta [meV] :  0.10077E+01   0.10035E+01

       Iteration 5

         Residual[Ry] :  0.14065E-07
          Delta [meV] :  0.77736E+00   0.77482E+00

       Iteration 6

         Residual[Ry] :  0.12626E-07
          Delta [meV] :  0.74641E+00   0.74478E+00

       Iteration 7

         Residual[Ry] :  0.10685E-07
          Delta [meV] :  0.67679E+00   0.67913E+00

       Iteration 8

         Residual[Ry] :  0.12023E-07
          Delta [meV] :  0.62861E+00   0.63546E+00

       Iteration 9

         Residual[Ry] :  0.11373E-07
          Delta [meV] :  0.62991E+00   0.63565E+00

       Iteration 10

         Residual[Ry] :  0.84628E-08
          Delta [meV] :  0.59584E+00   0.59650E+00

       Iteration 11

         Residual[Ry] :  0.72243E-08
          Delta [meV] :  0.55251E+00   0.54961E+00

       Iteration 12

         Residual[Ry] :  0.73295E-08
          Delta [meV] :  0.51298E+00   0.50882E+00

       Iteration 13

         Residual[Ry] :  0.73925E-08
          Delta [meV] :  0.50775E+00   0.50331E+00

       Iteration 14

         Residual[Ry] :  0.72795E-08
          Delta [meV] :  0.49977E+00   0.49548E+00

       Iteration 15

         Residual[Ry] :  0.67165E-08
          Delta [meV] :  0.47867E+00   0.47556E+00

       Iteration 16

         Residual[Ry] :  0.61354E-08
          Delta [meV] :  0.47386E+00   0.47035E+00

       Iteration 17

         Residual[Ry] :  0.42475E-08
          Delta [meV] :  0.47398E+00   0.47263E+00

       Iteration 18

         Residual[Ry] :  0.27779E-08
          Delta [meV] :  0.41543E+00   0.41355E+00

       Iteration 19

         Residual[Ry] :  0.14014E-08
          Delta [meV] :  0.31073E+00   0.30987E+00

       Iteration 20

         Residual[Ry] :  0.10500E-08
          Delta [meV] :  0.27227E+00   0.27146E+00

       Iteration 21

         Residual[Ry] :  0.36431E-09
          Delta [meV] :  0.20289E+00   0.20186E+00

       Iteration 22

         Residual[Ry] :  0.26114E-09
          Delta [meV] :  0.20073E+00   0.19999E+00

       Iteration 23

         Residual[Ry] :  0.19169E-09
          Delta [meV] :  0.19465E+00   0.19383E+00

       Iteration 24

         Residual[Ry] :  0.13238E-09
          Delta [meV] :  0.19206E+00   0.19128E+00

       Iteration 25

         Residual[Ry] :  0.54379E-10
          Delta [meV] :  0.18695E+00   0.18627E+00

       Iteration 26

         Residual[Ry] :  0.47178E-10
          Delta [meV] :  0.18512E+00   0.18444E+00

       Iteration 27

         Residual[Ry] :  0.22810E-10
          Delta [meV] :  0.17695E+00   0.17628E+00

       Iteration 28

         Residual[Ry] :  0.14190E-10
          Delta [meV] :  0.17269E+00   0.17203E+00

       Iteration 29

         Residual[Ry] :  0.85166E-11
          Delta [meV] :  0.17002E+00   0.16937E+00

       Iteration 30

         Residual[Ry] :  0.56339E-11
          Delta [meV] :  0.16886E+00   0.16821E+00

       Iteration 31

         Residual[Ry] :  0.39793E-11
          Delta [meV] :  0.16913E+00   0.16848E+00

       Iteration 32

         Residual[Ry] :  0.13082E-11
          Delta [meV] :  0.16995E+00   0.16930E+00

       Iteration 33

         Residual[Ry] :  0.10601E-11
          Delta [meV] :  0.16996E+00   0.16930E+00

       Iteration 34

         Residual[Ry] :  0.70053E-12
          Delta [meV] :  0.16995E+00   0.16930E+00

       Iteration 35

         Residual[Ry] :  0.29062E-12
          Delta [meV] :  0.17002E+00   0.16936E+00

       Iteration 36

         Residual[Ry] :  0.22425E-12
          Delta [meV] :  0.17003E+00   0.16938E+00

       Iteration 37

         Residual[Ry] :  0.77050E-13
          Delta [meV] :  0.17007E+00   0.16942E+00

       Iteration 38

         Residual[Ry] :  0.47662E-13
          Delta [meV] :  0.17008E+00   0.16943E+00

       Iteration 39

         Residual[Ry] :  0.26951E-13
          Delta [meV] :  0.17008E+00   0.16943E+00

       Iteration 40

         Residual[Ry] :  0.10835E-13
          Delta [meV] :  0.17009E+00   0.16943E+00

       Iteration 41

         Residual[Ry] :  0.79199E-14
          Delta [meV] :  0.17009E+00   0.16943E+00

       Iteration 42

         Residual[Ry] :  0.27659E-14
          Delta [meV] :  0.17009E+00   0.16943E+00

       Iteration 43

         Residual[Ry] :  0.12855E-14
          Delta [meV] :  0.17009E+00   0.16943E+00

       Iteration 44

         Residual[Ry] :  0.91939E-15
          Delta [meV] :  0.17009E+00   0.16943E+00

       Converged ! iter = 44

       Super current [a.u.] :             NaN            NaN

     T[K]-D[meV]:     0.94528E+01    0.16976E+00

       Initial delta is read from file (./pwscf.scgap)
       Number of total points for gap equation : 10713  10610
       DOS(E_F)[Ry^-1/cell/spin] :  0.47769E+01
       DOS(E_F)[Ry^-1/cell/spin] :  0.47775E+01

     #####  Compute renormalization factor : Z  #####

       Averaged Z_{FS} :  0.51032E+00   0.50969E+00

     #####  Compute effective interaction  #####


     #####  Solve gap equation  #####


       Iteration 1

         Residual[Ry] :  0.58915E-07
          Delta [meV] :  0.10752E+01   0.10708E+01

       Iteration 2

         Residual[Ry] :  0.37608E-07
          Delta [meV] :  0.10632E+01   0.10588E+01

       Iteration 3

         Residual[Ry] :  0.33157E-07
          Delta [meV] :  0.10381E+01   0.10338E+01

       Iteration 4

         Residual[Ry] :  0.29955E-07
          Delta [meV] :  0.10065E+01   0.10024E+01

       Iteration 5

         Residual[Ry] :  0.14324E-07
          Delta [meV] :  0.77098E+00   0.76858E+00

       Iteration 6

         Residual[Ry] :  0.12877E-07
          Delta [meV] :  0.73935E+00   0.73793E+00

       Iteration 7

         Residual[Ry] :  0.11043E-07
          Delta [meV] :  0.66953E+00   0.67233E+00

       Iteration 8

         Residual[Ry] :  0.12486E-07
          Delta [meV] :  0.62329E+00   0.63069E+00

       Iteration 9

         Residual[Ry] :  0.11672E-07
          Delta [meV] :  0.62420E+00   0.63023E+00

       Iteration 10

         Residual[Ry] :  0.85899E-08
          Delta [meV] :  0.58582E+00   0.58652E+00

       Iteration 11

         Residual[Ry] :  0.73442E-08
          Delta [meV] :  0.54023E+00   0.53734E+00

       Iteration 12

         Residual[Ry] :  0.74557E-08
          Delta [meV] :  0.49930E+00   0.49521E+00

       Iteration 13

         Residual[Ry] :  0.75146E-08
          Delta [meV] :  0.49414E+00   0.48979E+00

       Iteration 14

         Residual[Ry] :  0.74094E-08
          Delta [meV] :  0.48602E+00   0.48180E+00

       Iteration 15

         Residual[Ry] :  0.68872E-08
          Delta [meV] :  0.46627E+00   0.46323E+00

       Iteration 16

         Residual[Ry] :  0.63128E-08
          Delta [meV] :  0.45948E+00   0.45596E+00

       Iteration 17

         Residual[Ry] :  0.44588E-08
          Delta [meV] :  0.46018E+00   0.45876E+00

       Iteration 18

         Residual[Ry] :  0.28967E-08
          Delta [meV] :  0.39943E+00   0.39765E+00

       Iteration 19

         Residual[Ry] :  0.15110E-08
          Delta [meV] :  0.28849E+00   0.28777E+00

       Iteration 20

         Residual[Ry] :  0.11483E-08
          Delta [meV] :  0.24533E+00   0.24467E+00

       Iteration 21

         Residual[Ry] :  0.39730E-09
          Delta [meV] :  0.16535E+00   0.16453E+00

       Iteration 22

         Residual[Ry] :  0.28738E-09
          Delta [meV] :  0.15472E+00   0.15417E+00

       Iteration 23

         Residual[Ry] :  0.21045E-09
          Delta [meV] :  0.14190E+00   0.14128E+00

       Iteration 24

         Residual[Ry] :  0.14584E-09
          Delta [meV] :  0.13480E+00   0.13427E+00

       Iteration 25

         Residual[Ry] :  0.77410E-10
          Delta [meV] :  0.12187E+00   0.12145E+00

       Iteration 26

         Residual[Ry] :  0.67870E-10
          Delta [meV] :  0.11802E+00   0.11761E+00

       Iteration 27

         Residual[Ry] :  0.44301E-10
          Delta [meV] :  0.10366E+00   0.10328E+00

       Iteration 28

         Residual[Ry] :  0.34952E-10
          Delta [meV] :  0.93066E-01   0.92723E-01

       Iteration 29

         Residual[Ry] :  0.23404E-10
          Delta [meV] :  0.77630E-01   0.77344E-01

       Iteration 30

         Residual[Ry] :  0.16258E-10
          Delta [meV] :  0.60879E-01   0.60652E-01

       Iteration 31

         Residual[Ry] :  0.12666E-10
          Delta [meV] :  0.55217E-01   0.55009E-01

       Iteration 32

         Residual[Ry] :  0.72512E-11
          Delta [meV] :  0.50568E-01   0.50374E-01

       Iteration 33

         Residual[Ry] :  0.49851E-11
          Delta [meV] :  0.50051E-01   0.49856E-01

       Iteration 34

         Residual[Ry] :  0.25141E-11
          Delta [meV] :  0.50174E-01   0.49979E-01

       Iteration 35

         Residual[Ry] :  0.18287E-11
          Delta [meV] :  0.49810E-01   0.49618E-01

       Iteration 36

         Residual[Ry] :  0.15525E-11
          Delta [meV] :  0.48555E-01   0.48367E-01

       Iteration 37

         Residual[Ry] :  0.14130E-11
          Delta [meV] :  0.47565E-01   0.47382E-01

       Iteration 38

         Residual[Ry] :  0.12011E-11
          Delta [meV] :  0.46375E-01   0.46197E-01

       Iteration 39

         Residual[Ry] :  0.80438E-12
          Delta [meV] :  0.44314E-01   0.44143E-01

       Iteration 40

         Residual[Ry] :  0.34272E-12
          Delta [meV] :  0.41645E-01   0.41485E-01

       Iteration 41

         Residual[Ry] :  0.21384E-12
          Delta [meV] :  0.40983E-01   0.40825E-01

       Iteration 42

         Residual[Ry] :  0.10702E-12
          Delta [meV] :  0.40625E-01   0.40469E-01

       Iteration 43

         Residual[Ry] :  0.63898E-13
          Delta [meV] :  0.40570E-01   0.40414E-01

       Iteration 44

         Residual[Ry] :  0.40292E-13
          Delta [meV] :  0.40619E-01   0.40463E-01

       Iteration 45

         Residual[Ry] :  0.24462E-13
          Delta [meV] :  0.40561E-01   0.40405E-01

       Iteration 46

         Residual[Ry] :  0.12363E-13
          Delta [meV] :  0.40568E-01   0.40412E-01

       Iteration 47

         Residual[Ry] :  0.57443E-14
          Delta [meV] :  0.40557E-01   0.40401E-01

       Iteration 48

         Residual[Ry] :  0.42725E-14
          Delta [meV] :  0.40552E-01   0.40396E-01

       Iteration 49

         Residual[Ry] :  0.29538E-14
          Delta [meV] :  0.40551E-01   0.40395E-01

       Iteration 50

         Residual[Ry] :  0.16587E-14
          Delta [meV] :  0.40550E-01   0.40394E-01

       Iteration 51

         Residual[Ry] :  0.63101E-15
          Delta [meV] :  0.40549E-01   0.40393E-01

       Converged ! iter = 51

       Super current [a.u.] :             NaN            NaN

     T[K]-D[meV]:     0.95627E+01    0.40471E-01

       Initial delta is read from file (./pwscf.scgap)
       Number of total points for gap equation : 10713  10610
       DOS(E_F)[Ry^-1/cell/spin] :  0.47769E+01
       DOS(E_F)[Ry^-1/cell/spin] :  0.47775E+01

     #####  Compute renormalization factor : Z  #####

       Averaged Z_{FS} :  0.51024E+00   0.50961E+00

     #####  Compute effective interaction  #####


     #####  Solve gap equation  #####


       Iteration 1

         Residual[Ry] :  0.59373E-07
          Delta [meV] :  0.10752E+01   0.10708E+01

       Iteration 2

         Residual[Ry] :  0.37917E-07
          Delta [meV] :  0.10631E+01   0.10587E+01

       Iteration 3

         Residual[Ry] :  0.33438E-07
          Delta [meV] :  0.10378E+01   0.10335E+01

       Iteration 4

         Residual[Ry] :  0.30214E-07
          Delta [meV] :  0.10060E+01   0.10018E+01

       Iteration 5

         Residual[Ry] :  0.14453E-07
          Delta [meV] :  0.76779E+00   0.76546E+00

       Iteration 6

         Residual[Ry] :  0.13002E-07
          Delta [meV] :  0.73582E+00   0.73451E+00

       Iteration 7

         Residual[Ry] :  0.11222E-07
          Delta [meV] :  0.66592E+00   0.66895E+00

       Iteration 8

         Residual[Ry] :  0.12709E-07
          Delta [meV] :  0.62066E+00   0.62832E+00

       Iteration 9

         Residual[Ry] :  0.11818E-07
          Delta [meV] :  0.62129E+00   0.62746E+00

       Iteration 10

         Residual[Ry] :  0.86520E-08
          Delta [meV] :  0.58078E+00   0.58149E+00

       Iteration 11

         Residual[Ry] :  0.74035E-08
          Delta [meV] :  0.53407E+00   0.53119E+00

       Iteration 12

         Residual[Ry] :  0.75178E-08
          Delta [meV] :  0.49243E+00   0.48837E+00

       Iteration 13

         Residual[Ry] :  0.75751E-08
          Delta [meV] :  0.48729E+00   0.48297E+00

       Iteration 14

         Residual[Ry] :  0.74729E-08
          Delta [meV] :  0.47911E+00   0.47492E+00

       Iteration 15

         Residual[Ry] :  0.69683E-08
          Delta [meV] :  0.45996E+00   0.45695E+00

       Iteration 16

         Residual[Ry] :  0.63984E-08
          Delta [meV] :  0.45230E+00   0.44879E+00

       Iteration 17

         Residual[Ry] :  0.45575E-08
          Delta [meV] :  0.45321E+00   0.45175E+00

       Iteration 18

         Residual[Ry] :  0.29524E-08
          Delta [meV] :  0.39142E+00   0.38968E+00

       Iteration 19

         Residual[Ry] :  0.15597E-08
          Delta [meV] :  0.27804E+00   0.27737E+00

       Iteration 20

         Residual[Ry] :  0.11928E-08
          Delta [meV] :  0.23223E+00   0.23164E+00

       Iteration 21

         Residual[Ry] :  0.42278E-09
          Delta [meV] :  0.14929E+00   0.14857E+00

       Iteration 22

         Residual[Ry] :  0.29719E-09
          Delta [meV] :  0.13267E+00   0.13219E+00

       Iteration 23

         Residual[Ry] :  0.21746E-09
          Delta [meV] :  0.11441E+00   0.11388E+00

       Iteration 24

         Residual[Ry] :  0.14843E-09
          Delta [meV] :  0.10657E+00   0.10616E+00

       Iteration 25

         Residual[Ry] :  0.91244E-10
          Delta [meV] :  0.92408E-01   0.92107E-01

       Iteration 26

         Residual[Ry] :  0.77513E-10
          Delta [meV] :  0.85396E-01   0.85120E-01

       Iteration 27

         Residual[Ry] :  0.61611E-10
          Delta [meV] :  0.75292E-01   0.75040E-01

       Iteration 28

         Residual[Ry] :  0.41955E-10
          Delta [meV] :  0.53636E-01   0.53447E-01

       Iteration 29

         Residual[Ry] :  0.33186E-10
          Delta [meV] :  0.40177E-01   0.40039E-01

       Iteration 30

         Residual[Ry] :  0.18866E-10
          Delta [meV] :  0.12385E-01   0.12348E-01

       Iteration 31

         Residual[Ry] :  0.14841E-10
          Delta [meV] :  0.28476E-02   0.28409E-02

       Iteration 32

         Residual[Ry] :  0.99616E-11
          Delta [meV] :  0.32879E-02   0.32774E-02

       Iteration 33

         Residual[Ry] :  0.41849E-11
          Delta [meV] :  0.26083E-02   0.25950E-02

       Iteration 34

         Residual[Ry] :  0.28186E-11
          Delta [meV] :  0.26175E-02   0.26044E-02

       Iteration 35

         Residual[Ry] :  0.18420E-11
          Delta [meV] :  0.28814E-02   0.28686E-02

       Iteration 36

         Residual[Ry] :  0.12674E-11
          Delta [meV] :  0.22551E-02   0.22459E-02

       Iteration 37

         Residual[Ry] :  0.89611E-12
          Delta [meV] :  0.14379E-02   0.14326E-02

       Iteration 38

         Residual[Ry] :  0.73645E-12
          Delta [meV] :  0.10699E-02   0.10660E-02

       Iteration 39

         Residual[Ry] :  0.37217E-12
          Delta [meV] :  0.44082E-03   0.43905E-03

       Iteration 40

         Residual[Ry] :  0.17499E-12
          Delta [meV] :  0.56060E-04   0.55680E-04

       Iteration 41

         Residual[Ry] :  0.11321E-12
          Delta [meV] :  0.37303E-04   0.37072E-04

       Iteration 42

         Residual[Ry] :  0.36014E-13
          Delta [meV] :  0.57057E-05   0.56640E-05

       Iteration 43

         Residual[Ry] :  0.29302E-13
          Delta [meV] :  0.47465E-05   0.47154E-05

       Iteration 44

         Residual[Ry] :  0.65172E-14
          Delta [meV] :  0.11978E-05   0.11915E-05

       Iteration 45

         Residual[Ry] :  0.44436E-14
          Delta [meV] :  0.85379E-06   0.84917E-06

       Iteration 46

         Residual[Ry] :  0.32166E-14
          Delta [meV] :  0.58994E-06   0.58673E-06

       Iteration 47

         Residual[Ry] :  0.72573E-15
          Delta [meV] :  0.20559E-06   0.20451E-06

       Converged ! iter = 47

       Super current [a.u.] :             NaN            NaN

     T[K]-D[meV]:     0.96177E+01    0.20505E-06

       Initial delta is read from file (./pwscf.scgap)
       Number of total points for gap equation : 10713  10610
       DOS(E_F)[Ry^-1/cell/spin] :  0.47769E+01
       DOS(E_F)[Ry^-1/cell/spin] :  0.47775E+01

     #####  Compute renormalization factor : Z  #####

       Averaged Z_{FS} :  0.51028E+00   0.50965E+00

     #####  Compute effective interaction  #####


     #####  Solve gap equation  #####


       Iteration 1

         Residual[Ry] :  0.59144E-07
          Delta [meV] :  0.10752E+01   0.10708E+01

       Iteration 2

         Residual[Ry] :  0.37763E-07
          Delta [meV] :  0.10631E+01   0.10587E+01

       Iteration 3

         Residual[Ry] :  0.33298E-07
          Delta [meV] :  0.10380E+01   0.10336E+01

       Iteration 4

         Residual[Ry] :  0.30084E-07
          Delta [meV] :  0.10063E+01   0.10021E+01

       Iteration 5

         Residual[Ry] :  0.14389E-07
          Delta [meV] :  0.76938E+00   0.76702E+00

       Iteration 6

         Residual[Ry] :  0.12939E-07
          Delta [meV] :  0.73759E+00   0.73622E+00

       Iteration 7

         Residual[Ry] :  0.11133E-07
          Delta [meV] :  0.66772E+00   0.67064E+00

       Iteration 8

         Residual[Ry] :  0.12598E-07
          Delta [meV] :  0.62197E+00   0.62951E+00

       Iteration 9

         Residual[Ry] :  0.11745E-07
          Delta [meV] :  0.62275E+00   0.62885E+00

       Iteration 10

         Residual[Ry] :  0.86211E-08
          Delta [meV] :  0.58330E+00   0.58401E+00

       Iteration 11

         Residual[Ry] :  0.73739E-08
          Delta [meV] :  0.53715E+00   0.53427E+00

       Iteration 12

         Residual[Ry] :  0.74869E-08
          Delta [meV] :  0.49587E+00   0.49179E+00

       Iteration 13

         Residual[Ry] :  0.75449E-08
          Delta [meV] :  0.49072E+00   0.48638E+00

       Iteration 14

         Residual[Ry] :  0.74413E-08
          Delta [meV] :  0.48257E+00   0.47836E+00

       Iteration 15

         Residual[Ry] :  0.69281E-08
          Delta [meV] :  0.46313E+00   0.46010E+00

       Iteration 16

         Residual[Ry] :  0.63559E-08
          Delta [meV] :  0.45589E+00   0.45238E+00

       Iteration 17

         Residual[Ry] :  0.45087E-08
          Delta [meV] :  0.45670E+00   0.45526E+00

       Iteration 18

         Residual[Ry] :  0.29248E-08
          Delta [meV] :  0.39542E+00   0.39366E+00

       Iteration 19

         Residual[Ry] :  0.15359E-08
          Delta [meV] :  0.28322E+00   0.28253E+00

       Iteration 20

         Residual[Ry] :  0.11710E-08
          Delta [meV] :  0.23874E+00   0.23812E+00

       Iteration 21

         Residual[Ry] :  0.40910E-09
          Delta [meV] :  0.15709E+00   0.15633E+00

       Iteration 22

         Residual[Ry] :  0.29263E-09
          Delta [meV] :  0.14358E+00   0.14306E+00

       Iteration 23

         Residual[Ry] :  0.21435E-09
          Delta [meV] :  0.12819E+00   0.12761E+00

       Iteration 24

         Residual[Ry] :  0.14759E-09
          Delta [meV] :  0.12045E+00   0.11998E+00

       Iteration 25

         Residual[Ry] :  0.84227E-10
          Delta [meV] :  0.10642E+00   0.10607E+00

       Iteration 26

         Residual[Ry] :  0.73287E-10
          Delta [meV] :  0.10133E+00   0.10099E+00

       Iteration 27

         Residual[Ry] :  0.52965E-10
          Delta [meV] :  0.88386E-01   0.88075E-01

       Iteration 28

         Residual[Ry] :  0.39864E-10
          Delta [meV] :  0.72763E-01   0.72500E-01

       Iteration 29

         Residual[Ry] :  0.30495E-10
          Delta [meV] :  0.58504E-01   0.58295E-01

       Iteration 30

         Residual[Ry] :  0.19923E-10
          Delta [meV] :  0.32153E-01   0.32038E-01

       Iteration 31

         Residual[Ry] :  0.16508E-10
          Delta [meV] :  0.21814E-01   0.21736E-01

       Iteration 32

         Residual[Ry] :  0.10668E-10
          Delta [meV] :  0.15354E-01   0.15298E-01

       Iteration 33

         Residual[Ry] :  0.71534E-11
          Delta [meV] :  0.12589E-01   0.12538E-01

       Iteration 34

         Residual[Ry] :  0.41899E-11
          Delta [meV] :  0.12035E-01   0.11986E-01

       Iteration 35

         Residual[Ry] :  0.26317E-11
          Delta [meV] :  0.11204E-01   0.11159E-01

       Iteration 36

         Residual[Ry] :  0.21999E-11
          Delta [meV] :  0.96063E-02   0.95686E-02

       Iteration 37

         Residual[Ry] :  0.18082E-11
          Delta [meV] :  0.68538E-02   0.68279E-02

       Iteration 38

         Residual[Ry] :  0.15308E-11
          Delta [meV] :  0.56810E-02   0.56597E-02

       Iteration 39

         Residual[Ry] :  0.79136E-12
          Delta [meV] :  0.24687E-02   0.24592E-02

       Iteration 40

         Residual[Ry] :  0.32375E-12
          Delta [meV] :  0.31861E-03   0.31714E-03

       Iteration 41

         Residual[Ry] :  0.19605E-12
          Delta [meV] :  0.60985E-04   0.60585E-04

       Iteration 42

         Residual[Ry] :  0.79585E-13
          Delta [meV] :  0.18969E-04   0.18908E-04

       Iteration 43

         Residual[Ry] :  0.52350E-13
          Delta [meV] :  0.74615E-05   0.74069E-05

       Iteration 44

         Residual[Ry] :  0.34978E-13
          Delta [meV] :  0.77128E-05   0.76615E-05

       Iteration 45

         Residual[Ry] :  0.10996E-13
          Delta [meV] :  0.83322E-05   0.82960E-05

       Iteration 46

         Residual[Ry] :  0.60606E-14
          Delta [meV] :  0.63799E-06   0.63466E-06

       Iteration 47

         Residual[Ry] :  0.49218E-14
          Delta [meV] :  0.20609E-05   0.20513E-05

       Iteration 48

         Residual[Ry] :  0.23210E-14
          Delta [meV] :  0.12104E-05   0.12046E-05

       Iteration 49

         Residual[Ry] :  0.71056E-15
          Delta [meV] :  0.65588E-06   0.65299E-06

       Converged ! iter = 49

       Super current [a.u.] :             NaN            NaN

     T[K]-D[meV]:     0.95902E+01    0.65443E-06

       Initial delta is read from file (./pwscf.scgap)
       Number of total points for gap equation : 10713  10610
       DOS(E_F)[Ry^-1/cell/spin] :  0.47769E+01
       DOS(E_F)[Ry^-1/cell/spin] :  0.47775E+01

     #####  Compute renormalization factor : Z  #####

       Averaged Z_{FS} :  0.51030E+00   0.50967E+00

     #####  Compute effective interaction  #####


     #####  Solve gap equation  #####


       Iteration 1

         Residual[Ry] :  0.59029E-07
          Delta [meV] :  0.10752E+01   0.10708E+01

       Iteration 2

         Residual[Ry] :  0.37685E-07
          Delta [meV] :  0.10632E+01   0.10587E+01

       Iteration 3

         Residual[Ry] :  0.33228E-07
          Delta [meV] :  0.10381E+01   0.10337E+01

       Iteration 4

         Residual[Ry] :  0.30019E-07
          Delta [meV] :  0.10064E+01   0.10022E+01

       Iteration 5

         Residual[Ry] :  0.14356E-07
          Delta [meV] :  0.77018E+00   0.76780E+00

       Iteration 6

         Residual[Ry] :  0.12908E-07
          Delta [meV] :  0.73847E+00   0.73708E+00

       Iteration 7

         Residual[Ry] :  0.11088E-07
          Delta [meV] :  0.66862E+00   0.67149E+00

       Iteration 8

         Residual[Ry] :  0.12542E-07
          Delta [meV] :  0.62263E+00   0.63010E+00

       Iteration 9

         Residual[Ry] :  0.11708E-07
          Delta [meV] :  0.62347E+00   0.62954E+00

       Iteration 10

         Residual[Ry] :  0.86055E-08
          Delta [meV] :  0.58456E+00   0.58527E+00

       Iteration 11

         Residual[Ry] :  0.73591E-08
          Delta [meV] :  0.53869E+00   0.53580E+00

       Iteration 12

         Residual[Ry] :  0.74713E-08
          Delta [meV] :  0.49759E+00   0.49350E+00

       Iteration 13

         Residual[Ry] :  0.75298E-08
          Delta [meV] :  0.49243E+00   0.48808E+00

       Iteration 14

         Residual[Ry] :  0.74254E-08
          Delta [meV] :  0.48429E+00   0.48008E+00

       Iteration 15

         Residual[Ry] :  0.69077E-08
          Delta [meV] :  0.46470E+00   0.46167E+00

       Iteration 16

         Residual[Ry] :  0.63344E-08
          Delta [meV] :  0.45768E+00   0.45417E+00

       Iteration 17

         Residual[Ry] :  0.44839E-08
          Delta [meV] :  0.45844E+00   0.45701E+00

       Iteration 18

         Residual[Ry] :  0.29108E-08
          Delta [meV] :  0.39743E+00   0.39565E+00

       Iteration 19

         Residual[Ry] :  0.15235E-08
          Delta [meV] :  0.28585E+00   0.28514E+00

       Iteration 20

         Residual[Ry] :  0.11598E-08
          Delta [meV] :  0.24203E+00   0.24139E+00

       Iteration 21

         Residual[Ry] :  0.40296E-09
          Delta [meV] :  0.16116E+00   0.16037E+00

       Iteration 22

         Residual[Ry] :  0.29009E-09
          Delta [meV] :  0.14912E+00   0.14859E+00

       Iteration 23

         Residual[Ry] :  0.21247E-09
          Delta [meV] :  0.13507E+00   0.13447E+00

       Iteration 24

         Residual[Ry] :  0.14684E-09
          Delta [meV] :  0.12759E+00   0.12709E+00

       Iteration 25

         Residual[Ry] :  0.80793E-10
          Delta [meV] :  0.11400E+00   0.11361E+00

       Iteration 26

         Residual[Ry] :  0.70679E-10
          Delta [meV] :  0.10960E+00   0.10923E+00

       Iteration 27

         Residual[Ry] :  0.48390E-10
          Delta [meV] :  0.95585E-01   0.95242E-01

       Iteration 28

         Residual[Ry] :  0.37660E-10
          Delta [meV] :  0.82786E-01   0.82484E-01

       Iteration 29

         Residual[Ry] :  0.27260E-10
          Delta [meV] :  0.67757E-01   0.67511E-01

       Iteration 30

         Residual[Ry] :  0.18640E-10
          Delta [meV] :  0.45601E-01   0.45433E-01

       Iteration 31

         Residual[Ry] :  0.15242E-10
          Delta [meV] :  0.37303E-01   0.37165E-01

       Iteration 32

         Residual[Ry] :  0.94367E-11
          Delta [meV] :  0.29921E-01   0.29807E-01

       Iteration 33

         Residual[Ry] :  0.68444E-11
          Delta [meV] :  0.27871E-01   0.27761E-01

       Iteration 34

         Residual[Ry] :  0.39451E-11
          Delta [meV] :  0.26727E-01   0.26622E-01

       Iteration 35

         Residual[Ry] :  0.26939E-11
          Delta [meV] :  0.25723E-01   0.25623E-01

       Iteration 36

         Residual[Ry] :  0.23796E-11
          Delta [meV] :  0.23595E-01   0.23504E-01

       Iteration 37

         Residual[Ry] :  0.22248E-11
          Delta [meV] :  0.21429E-01   0.21347E-01

       Iteration 38

         Residual[Ry] :  0.20093E-11
          Delta [meV] :  0.19185E-01   0.19111E-01

       Iteration 39

         Residual[Ry] :  0.15214E-11
          Delta [meV] :  0.14550E-01   0.14494E-01

       Iteration 40

         Residual[Ry] :  0.71725E-12
          Delta [meV] :  0.58519E-02   0.58290E-02

       Iteration 41

         Residual[Ry] :  0.43730E-12
          Delta [meV] :  0.25963E-02   0.25859E-02

       Iteration 42

         Residual[Ry] :  0.25204E-12
          Delta [meV] :  0.76972E-03   0.76656E-03

       Iteration 43

         Residual[Ry] :  0.14840E-12
          Delta [meV] :  0.18093E-03   0.18029E-03

       Iteration 44

         Residual[Ry] :  0.85438E-13
          Delta [meV] :  0.38792E-03   0.38651E-03

       Iteration 45

         Residual[Ry] :  0.55204E-13
          Delta [meV] :  0.11294E-03   0.11256E-03

       Iteration 46

         Residual[Ry] :  0.34612E-13
          Delta [meV] :  0.15324E-03   0.15265E-03

       Iteration 47

         Residual[Ry] :  0.14454E-13
          Delta [meV] :  0.96744E-04   0.96360E-04

       Iteration 48

         Residual[Ry] :  0.86929E-14
          Delta [meV] :  0.40131E-04   0.39974E-04

       Iteration 49

         Residual[Ry] :  0.48621E-14
          Delta [meV] :  0.12150E-04   0.12105E-04

       Iteration 50

         Residual[Ry] :  0.35890E-14
          Delta [meV] :  0.70953E-05   0.70693E-05

       Iteration 51

         Residual[Ry] :  0.96338E-15
          Delta [meV] :  0.43328E-06   0.43176E-06

       Converged ! iter = 51

       Super current [a.u.] :             NaN            NaN

     T[K]-D[meV]:     0.95764E+01    0.43252E-06


     Transition temperature [K]     0.95696E+01


     #####  Clock summary  #####

     read_elph    :      0.01s CPU      0.01s WALL (       1 calls)
     read_Coulomb :      0.00s CPU      0.00s WALL (       1 calls)
 
     SCTK         :  25m 4.45s CPU     35.62s WALL

 
   This run was terminated on:   2: 3: 4   1Oct2026            

=------------------------------------------------------------------------------=
   JOB DONE.
=------------------------------------------------------------------------------=
